------------------------------------------------------------------------------------------------------------------------

[2025-03-25 11:39:07 #1 store] 
Database 'C:\Users\Leire\Downloads\Rides-master\Rides24\src\main\resources\rides.temp' is opened by 10020@LAPTOP-SJ70P6B5

[2025-03-25 11:39:07 #2 type] 
Type domain.User is not enhanced.

[2025-03-25 11:39:07 #3 type] 
Type domain.Ride is not enhanced.

[2025-03-25 11:39:07 #4 type] 
Type domain.Driver is not enhanced.

[2025-03-25 11:39:07 #5 type] 
Type domain.Traveler is not enhanced.

[2025-03-25 11:39:07 #6 type] 
Type domain.Reserva is not enhanced.

------------------------------------------------------------------------------------------------------------------------

[2025-03-25 11:52:34 #1 store] 
Database 'C:\Users\Leire\Downloads\Rides-master\Rides24\src\main\resources\rides.temp' has been recovered (tr. 24-24)

[2025-03-25 11:52:34 #2 store] 
Database 'C:\Users\Leire\Downloads\Rides-master\Rides24\src\main\resources\rides.temp' is opened by 5144@LAPTOP-SJ70P6B5

[2025-03-25 11:52:34 #3 type] 
Type domain.User is not enhanced.

[2025-03-25 11:52:34 #4 type] 
Type domain.Ride is not enhanced.

[2025-03-25 11:52:34 #5 type] 
Type domain.Driver is not enhanced.

[2025-03-25 11:52:34 #6 type] 
Type domain.Traveler is not enhanced.

[2025-03-25 11:52:34 #7 type] 
Type domain.Reserva is not enhanced.

------------------------------------------------------------------------------------------------------------------------

[2025-03-25 12:01:07 #1 store] 
Database 'C:\Users\Leire\Downloads\Rides-master\Rides24\src\main\resources\rides.temp' is opened by 960@LAPTOP-SJ70P6B5

[2025-03-25 12:01:07 #2 type] 
Type domain.User is not enhanced.

[2025-03-25 12:01:07 #3 type] 
Type domain.Ride is not enhanced.

[2025-03-25 12:01:07 #4 type] 
Type domain.Driver is not enhanced.

[2025-03-25 12:01:07 #5 type] 
Type domain.Traveler is not enhanced.

[2025-03-25 12:01:07 #6 type] 
Type domain.Reserva is not enhanced.

------------------------------------------------------------------------------------------------------------------------

[2025-03-25 12:04:32 #1 store] 
Database 'C:\Users\Leire\Downloads\Rides-master\Rides24\src\main\resources\rides.temp' has been recovered (tr. 25-25)

[2025-03-25 12:04:32 #2 store] 
Database 'C:\Users\Leire\Downloads\Rides-master\Rides24\src\main\resources\rides.temp' is opened by 18756@LAPTOP-SJ70P6B5

[2025-03-25 12:04:32 #3 type] 
Type domain.User is not enhanced.

[2025-03-25 12:04:32 #4 type] 
Type domain.Ride is not enhanced.

[2025-03-25 12:04:32 #5 type] 
Type domain.Driver is not enhanced.

[2025-03-25 12:04:32 #6 type] 
Type domain.Traveler is not enhanced.

[2025-03-25 12:04:32 #7 type] 
Type domain.Reserva is not enhanced.

------------------------------------------------------------------------------------------------------------------------

[2025-03-25 12:19:20 #1 store] 
Database 'C:\Users\Leire\Downloads\Rides-master\Rides24\src\main\resources\rides.temp' has been recovered (tr. 27-27)

[2025-03-25 12:19:20 #2 store] 
Database 'C:\Users\Leire\Downloads\Rides-master\Rides24\src\main\resources\rides.temp' is opened by 17404@LAPTOP-SJ70P6B5

[2025-03-25 12:19:20 #3 type] 
Type domain.User is not enhanced.

[2025-03-25 12:19:21 #4 type] 
Type domain.Ride is not enhanced.

[2025-03-25 12:19:21 #5 type] 
Type domain.Driver is not enhanced.

[2025-03-25 12:19:21 #6 type] 
Type domain.Traveler is not enhanced.

[2025-03-25 12:19:21 #7 type] 
Type domain.Reserva is not enhanced.

------------------------------------------------------------------------------------------------------------------------

[2025-03-25 12:39:15 #1 store] 
Database 'C:\Users\Leire\Downloads\Rides-master\Rides24\src\main\resources\rides.temp' is opened by 15840@LAPTOP-SJ70P6B5

[2025-03-25 12:39:15 #2 type] 
Type domain.User is not enhanced.

[2025-03-25 12:39:15 #3 type] 
Type domain.Ride is not enhanced.

[2025-03-25 12:39:15 #4 type] 
Type domain.Driver is not enhanced.

[2025-03-25 12:39:15 #5 type] 
Type domain.Traveler is not enhanced.

[2025-03-25 12:39:15 #6 type] 
Type domain.Reserva is not enhanced.

------------------------------------------------------------------------------------------------------------------------

[2025-03-25 12:42:45 #1 store] 
Database 'C:\Users\Leire\Downloads\Rides-master\Rides24\src\main\resources\rides.temp' is opened by 9108@LAPTOP-SJ70P6B5

[2025-03-25 12:42:45 #2 type] 
Type domain.User is not enhanced.

[2025-03-25 12:42:45 #3 type] 
Type domain.Ride is not enhanced.

[2025-03-25 12:42:45 #4 type] 
Type domain.Driver is not enhanced.

[2025-03-25 12:42:45 #5 type] 
Type domain.Traveler is not enhanced.

[2025-03-25 12:42:45 #6 type] 
Type domain.Reserva is not enhanced.

------------------------------------------------------------------------------------------------------------------------

[2025-03-25 16:04:01 #1 store] 
Database 'C:\Users\Leire\Downloads\Rides-master\Rides24\src\main\resources\rides.temp' is opened by 6112@LAPTOP-SJ70P6B5

[2025-03-25 16:04:01 #2 type] 
Type domain.User is not enhanced.

[2025-03-25 16:04:01 #3 type] 
Type domain.Ride is not enhanced.

[2025-03-25 16:04:01 #4 type] 
Type domain.Driver is not enhanced.

[2025-03-25 16:04:01 #5 type.registry] 
New type domain.Rating

[2025-03-25 16:04:01 #6 type.registry] 
New type java.util.ArrayList<domain.Rating>

[2025-03-25 16:04:01 #7 type] 
Type domain.Traveler is not enhanced.

[2025-03-25 16:04:01 #8 type] 
Type domain.Reserva is not enhanced.

------------------------------------------------------------------------------------------------------------------------

[2025-03-25 16:22:44 #1 store] 
Database 'C:\Users\Leire\Downloads\Rides-master\Rides24\src\main\resources\rides.temp' has been recovered (tr. 28-28)

[2025-03-25 16:22:44 #2 store] 
Database 'C:\Users\Leire\Downloads\Rides-master\Rides24\src\main\resources\rides.temp' is opened by 11364@LAPTOP-SJ70P6B5

[2025-03-25 16:22:44 #3 type] 
Type domain.User is not enhanced.

[2025-03-25 16:22:44 #4 type] 
Type domain.Ride is not enhanced.

[2025-03-25 16:22:44 #5 type] 
Type domain.Driver is not enhanced.

[2025-03-25 16:22:44 #6 type] 
Type domain.Traveler is not enhanced.

[2025-03-25 16:22:44 #7 type] 
Type domain.Reserva is not enhanced.

------------------------------------------------------------------------------------------------------------------------

[2025-03-25 19:41:36 #1 store] 
Database 'C:\Users\Leire\Downloads\Rides-master\Rides24\src\main\resources\rides.temp' is opened by 3388@LAPTOP-SJ70P6B5

[2025-03-25 19:41:36 #2 type] 
Type domain.User is not enhanced.

[2025-03-25 19:41:36 #3 type] 
Type domain.Ride is not enhanced.

[2025-03-25 19:41:36 #4 type] 
Type domain.Driver is not enhanced.

[2025-03-25 19:41:36 #5 type] 
Type domain.Traveler is not enhanced.

[2025-03-25 19:41:36 #6 type] 
Type domain.Reserva is not enhanced.

------------------------------------------------------------------------------------------------------------------------

[2025-03-25 19:43:00 #1 store] 
Database 'C:\Users\Leire\Downloads\Rides-master\Rides24\src\main\resources\rides.temp' is opened by 2592@LAPTOP-SJ70P6B5

[2025-03-25 19:43:00 #2 type] 
Type domain.User is not enhanced.

[2025-03-25 19:43:00 #3 type] 
Type domain.Ride is not enhanced.

[2025-03-25 19:43:00 #4 type] 
Type domain.Driver is not enhanced.

[2025-03-25 19:43:00 #5 type] 
Type domain.Traveler is not enhanced.

[2025-03-25 19:43:00 #6 type] 
Type domain.Reserva is not enhanced.

------------------------------------------------------------------------------------------------------------------------

[2025-03-25 19:45:06 #1 store] 
Database 'C:\Users\Leire\Downloads\Rides-master\Rides24\src\main\resources\rides.temp' is opened by 868@LAPTOP-SJ70P6B5

[2025-03-25 19:45:06 #2 type] 
Type domain.User is not enhanced.

[2025-03-25 19:45:06 #3 type] 
Type domain.Ride is not enhanced.

[2025-03-25 19:45:06 #4 type] 
Type domain.Driver is not enhanced.

[2025-03-25 19:45:06 #5 type] 
Type domain.Traveler is not enhanced.

[2025-03-25 19:45:06 #6 type] 
Type domain.Reserva is not enhanced.

------------------------------------------------------------------------------------------------------------------------

[2025-03-25 19:45:27 #1 store] 
Database 'C:\Users\Leire\Downloads\Rides-master\Rides24\src\main\resources\rides.temp' is opened by 2676@LAPTOP-SJ70P6B5

[2025-03-25 19:45:27 #2 type] 
Type domain.User is not enhanced.

[2025-03-25 19:45:27 #3 type] 
Type domain.Ride is not enhanced.

[2025-03-25 19:45:27 #4 type] 
Type domain.Driver is not enhanced.

[2025-03-25 19:45:27 #5 type] 
Type domain.Traveler is not enhanced.

[2025-03-25 19:45:27 #6 type] 
Type domain.Reserva is not enhanced.

[2025-03-25 19:45:38 #7 type.registry] 
New type java.util.ArrayList<java.lang.Object>

------------------------------------------------------------------------------------------------------------------------

[2025-03-25 19:47:06 #1 store] 
Database 'C:\Users\Leire\Downloads\Rides-master\Rides24\src\main\resources\rides.temp' has been recovered (tr. 29-31)

[2025-03-25 19:47:06 #2 store] 
Database 'C:\Users\Leire\Downloads\Rides-master\Rides24\src\main\resources\rides.temp' is opened by 15844@LAPTOP-SJ70P6B5

[2025-03-25 19:47:06 #3 type] 
Type domain.User is not enhanced.

[2025-03-25 19:47:06 #4 type] 
Type domain.Ride is not enhanced.

[2025-03-25 19:47:06 #5 type] 
Type domain.Driver is not enhanced.

[2025-03-25 19:47:06 #6 type] 
Type domain.Traveler is not enhanced.

[2025-03-25 19:47:06 #7 type] 
Type domain.Reserva is not enhanced.

------------------------------------------------------------------------------------------------------------------------

[2025-03-25 19:50:00 #1 store] 
Database 'C:\Users\Leire\Downloads\Rides-master\Rides24\src\main\resources\rides.temp' has been recovered (tr. 32-34)

[2025-03-25 19:50:00 #2 store] 
Database 'C:\Users\Leire\Downloads\Rides-master\Rides24\src\main\resources\rides.temp' is opened by 8748@LAPTOP-SJ70P6B5

[2025-03-25 19:50:00 #3 type] 
Type domain.User is not enhanced.

[2025-03-25 19:50:00 #4 type] 
Type domain.Ride is not enhanced.

[2025-03-25 19:50:00 #5 type] 
Type domain.Driver is not enhanced.

[2025-03-25 19:50:00 #6 type] 
Type domain.Traveler is not enhanced.

[2025-03-25 19:50:00 #7 type] 
Type domain.Reserva is not enhanced.

------------------------------------------------------------------------------------------------------------------------

[2025-03-25 19:59:30 #1 store] 
Database 'C:\Users\Leire\Downloads\Rides-master\Rides24\src\main\resources\rides.temp' is opened by 12732@LAPTOP-SJ70P6B5

[2025-03-25 19:59:31 #2 type] 
Type domain.User is not enhanced.

[2025-03-25 19:59:31 #3 type] 
Type domain.Ride is not enhanced.

[2025-03-25 19:59:31 #4 type] 
Type domain.Driver is not enhanced.

[2025-03-25 19:59:31 #5 type] 
Type domain.Traveler is not enhanced.

[2025-03-25 19:59:31 #6 type] 
Type domain.Reserva is not enhanced.

------------------------------------------------------------------------------------------------------------------------

[2025-03-25 20:02:37 #1 store] 
Database 'C:\Users\Leire\Downloads\Rides-master\Rides24\src\main\resources\rides.temp' is opened by 5656@LAPTOP-SJ70P6B5

[2025-03-25 20:02:37 #2 type] 
Type domain.User is not enhanced.

[2025-03-25 20:02:37 #3 type] 
Type domain.Ride is not enhanced.

[2025-03-25 20:02:37 #4 type] 
Type domain.Driver is not enhanced.

[2025-03-25 20:02:37 #5 type] 
Type domain.Traveler is not enhanced.

[2025-03-25 20:02:37 #6 type] 
Type domain.Reserva is not enhanced.

------------------------------------------------------------------------------------------------------------------------

[2025-03-25 20:03:04 #1 store] 
Database 'C:\Users\Leire\Downloads\Rides-master\Rides24\src\main\resources\rides.temp' is opened by 7612@LAPTOP-SJ70P6B5

[2025-03-25 20:03:04 #2 type] 
Type domain.User is not enhanced.

[2025-03-25 20:03:04 #3 type] 
Type domain.Ride is not enhanced.

[2025-03-25 20:03:04 #4 type] 
Type domain.Driver is not enhanced.

[2025-03-25 20:03:04 #5 type] 
Type domain.Traveler is not enhanced.

[2025-03-25 20:03:04 #6 type] 
Type domain.Reserva is not enhanced.

------------------------------------------------------------------------------------------------------------------------

[2025-03-25 20:07:31 #1 store] 
Database 'C:\Users\Leire\Downloads\Rides-master\Rides24\src\main\resources\rides.temp' is opened by 7800@LAPTOP-SJ70P6B5

[2025-03-25 20:07:31 #2 type] 
Type domain.User is not enhanced.

[2025-03-25 20:07:31 #3 type] 
Type domain.Ride is not enhanced.

[2025-03-25 20:07:31 #4 type] 
Type domain.Driver is not enhanced.

[2025-03-25 20:07:31 #5 type] 
Type domain.Traveler is not enhanced.

[2025-03-25 20:07:31 #6 type] 
Type domain.Reserva is not enhanced.

------------------------------------------------------------------------------------------------------------------------

[2025-03-25 20:09:35 #1 store] 
Database 'C:\Users\Leire\Downloads\Rides-master\Rides24\src\main\resources\rides.temp' is opened by 8080@LAPTOP-SJ70P6B5

[2025-03-25 20:09:35 #2 type] 
Type domain.User is not enhanced.

[2025-03-25 20:09:35 #3 type] 
Type domain.Ride is not enhanced.

[2025-03-25 20:09:35 #4 type] 
Type domain.Driver is not enhanced.

[2025-03-25 20:09:35 #5 type] 
Type domain.Traveler is not enhanced.

[2025-03-25 20:09:35 #6 type] 
Type domain.Reserva is not enhanced.

------------------------------------------------------------------------------------------------------------------------

[2025-03-25 20:21:08 #1 store] 
Database 'C:\Users\Leire\Downloads\Rides-master\Rides24\src\main\resources\rides.temp' is opened by 11024@LAPTOP-SJ70P6B5

[2025-03-25 20:21:08 #2 type] 
Type domain.User is not enhanced.

[2025-03-25 20:21:08 #3 type] 
Type domain.Ride is not enhanced.

[2025-03-25 20:21:08 #4 type] 
Type domain.Driver is not enhanced.

[2025-03-25 20:21:08 #5 type] 
Type domain.Traveler is not enhanced.

[2025-03-25 20:21:08 #6 type] 
Type domain.Reserva is not enhanced.

------------------------------------------------------------------------------------------------------------------------

[2025-03-25 20:21:56 #1 store] 
Database 'C:\Users\Leire\Downloads\Rides-master\Rides24\src\main\resources\rides.temp' is opened by 11808@LAPTOP-SJ70P6B5

[2025-03-25 20:21:56 #2 type] 
Type domain.User is not enhanced.

[2025-03-25 20:21:56 #3 type] 
Type domain.Ride is not enhanced.

[2025-03-25 20:21:56 #4 type] 
Type domain.Driver is not enhanced.

[2025-03-25 20:21:56 #5 type] 
Type domain.Traveler is not enhanced.

[2025-03-25 20:21:56 #6 type] 
Type domain.Reserva is not enhanced.

------------------------------------------------------------------------------------------------------------------------

[2025-03-25 20:23:17 #1 store] 
Database 'C:\Users\Leire\Downloads\Rides-master\Rides24\src\main\resources\rides.temp' is opened by 7972@LAPTOP-SJ70P6B5

[2025-03-25 20:23:17 #2 type] 
Type domain.User is not enhanced.

[2025-03-25 20:23:17 #3 type] 
Type domain.Ride is not enhanced.

[2025-03-25 20:23:17 #4 type] 
Type domain.Driver is not enhanced.

[2025-03-25 20:23:17 #5 type] 
Type domain.Traveler is not enhanced.

[2025-03-25 20:23:17 #6 type] 
Type domain.Reserva is not enhanced.

------------------------------------------------------------------------------------------------------------------------

[2025-03-25 20:27:40 #1 store] 
Database 'C:\Users\Leire\Downloads\Rides-master\Rides24\src\main\resources\rides.temp' is opened by 3276@LAPTOP-SJ70P6B5

[2025-03-25 20:27:40 #2 type] 
Type domain.User is not enhanced.

[2025-03-25 20:27:40 #3 type] 
Type domain.Ride is not enhanced.

[2025-03-25 20:27:40 #4 type] 
Type domain.Driver is not enhanced.

[2025-03-25 20:27:40 #5 type] 
Type domain.Traveler is not enhanced.

[2025-03-25 20:27:40 #6 type] 
Type domain.Reserva is not enhanced.

------------------------------------------------------------------------------------------------------------------------

[2025-03-25 20:29:15 #1 store] 
Database 'C:\Users\Leire\Downloads\Rides-master\Rides24\src\main\resources\rides.temp' is opened by 772@LAPTOP-SJ70P6B5

[2025-03-25 20:29:15 #2 type] 
Type domain.User is not enhanced.

[2025-03-25 20:29:15 #3 type] 
Type domain.Ride is not enhanced.

[2025-03-25 20:29:15 #4 type] 
Type domain.Driver is not enhanced.

[2025-03-25 20:29:15 #5 type] 
Type domain.Traveler is not enhanced.

[2025-03-25 20:29:15 #6 type] 
Type domain.Reserva is not enhanced.

------------------------------------------------------------------------------------------------------------------------

[2025-03-25 20:31:19 #1 store] 
Database 'C:\Users\Leire\Downloads\Rides-master\Rides24\src\main\resources\rides.temp' is opened by 7624@LAPTOP-SJ70P6B5

[2025-03-25 20:31:19 #2 type] 
Type domain.User is not enhanced.

[2025-03-25 20:31:19 #3 type] 
Type domain.Ride is not enhanced.

[2025-03-25 20:31:19 #4 type] 
Type domain.Driver is not enhanced.

[2025-03-25 20:31:19 #5 type] 
Type domain.Traveler is not enhanced.

[2025-03-25 20:31:19 #6 type] 
Type domain.Reserva is not enhanced.

[2025-03-25 20:31:19 #7 type] 
Type domain.Rating is not enhanced.

------------------------------------------------------------------------------------------------------------------------

[2025-03-25 20:32:39 #1 store] 
Database 'C:\Users\Leire\Downloads\Rides-master\Rides24\src\main\resources\rides.temp' has been recovered (tr. 37-37)

[2025-03-25 20:32:39 #2 store] 
Database 'C:\Users\Leire\Downloads\Rides-master\Rides24\src\main\resources\rides.temp' is opened by 9076@LAPTOP-SJ70P6B5

[2025-03-25 20:32:39 #3 type] 
Type domain.User is not enhanced.

[2025-03-25 20:32:39 #4 type] 
Type domain.Ride is not enhanced.

[2025-03-25 20:32:39 #5 type] 
Type domain.Driver is not enhanced.

[2025-03-25 20:32:39 #6 type] 
Type domain.Traveler is not enhanced.

[2025-03-25 20:32:39 #7 type] 
Type domain.Reserva is not enhanced.

[2025-03-25 20:32:39 #8 type] 
Type domain.Rating is not enhanced.

------------------------------------------------------------------------------------------------------------------------

[2025-03-25 20:33:17 #1 store] 
Database 'C:\Users\Leire\Downloads\Rides-master\Rides24\src\main\resources\rides.temp' is opened by 11020@LAPTOP-SJ70P6B5

[2025-03-25 20:33:17 #2 type] 
Type domain.User is not enhanced.

[2025-03-25 20:33:17 #3 type] 
Type domain.Ride is not enhanced.

[2025-03-25 20:33:17 #4 type] 
Type domain.Driver is not enhanced.

[2025-03-25 20:33:17 #5 type] 
Type domain.Traveler is not enhanced.

[2025-03-25 20:33:17 #6 type] 
Type domain.Reserva is not enhanced.

[2025-03-25 20:33:17 #7 type] 
Type domain.Rating is not enhanced.

------------------------------------------------------------------------------------------------------------------------

[2025-03-25 20:34:27 #1 store] 
Database 'C:\Users\Leire\Downloads\Rides-master\Rides24\src\main\resources\rides.temp' has been recovered (tr. 38-38)

[2025-03-25 20:34:27 #2 store] 
Database 'C:\Users\Leire\Downloads\Rides-master\Rides24\src\main\resources\rides.temp' is opened by 15928@LAPTOP-SJ70P6B5

[2025-03-25 20:34:27 #3 type] 
Type domain.User is not enhanced.

[2025-03-25 20:34:27 #4 type] 
Type domain.Ride is not enhanced.

[2025-03-25 20:34:27 #5 type] 
Type domain.Driver is not enhanced.

[2025-03-25 20:34:27 #6 type] 
Type domain.Traveler is not enhanced.

[2025-03-25 20:34:27 #7 type] 
Type domain.Reserva is not enhanced.

[2025-03-25 20:34:27 #8 type] 
Type domain.Rating is not enhanced.

------------------------------------------------------------------------------------------------------------------------

[2025-03-25 20:37:54 #1 store] 
Database 'C:\Users\Leire\Downloads\Rides-master\Rides24\src\main\resources\rides.temp' has been recovered (tr. 39-39)

[2025-03-25 20:37:54 #2 store] 
Database 'C:\Users\Leire\Downloads\Rides-master\Rides24\src\main\resources\rides.temp' is opened by 2980@LAPTOP-SJ70P6B5

[2025-03-25 20:37:54 #3 type] 
Type domain.User is not enhanced.

[2025-03-25 20:37:54 #4 type] 
Type domain.Ride is not enhanced.

[2025-03-25 20:37:54 #5 type] 
Type domain.Driver is not enhanced.

[2025-03-25 20:37:54 #6 type] 
Type domain.Traveler is not enhanced.

[2025-03-25 20:37:54 #7 type] 
Type domain.Reserva is not enhanced.

[2025-03-25 20:37:54 #8 type] 
Type domain.Rating is not enhanced.

------------------------------------------------------------------------------------------------------------------------

[2025-03-25 20:59:56 #1 store] 
Database 'C:\Users\Leire\Downloads\Rides-master\Rides24\src\main\resources\rides.temp' is opened by 9212@LAPTOP-SJ70P6B5

[2025-03-25 20:59:56 #2 type] 
Type domain.User is not enhanced.

[2025-03-25 20:59:56 #3 type] 
Type domain.Ride is not enhanced.

[2025-03-25 20:59:56 #4 type] 
Type domain.Driver is not enhanced.

[2025-03-25 20:59:56 #5 type] 
Type domain.Traveler is not enhanced.

[2025-03-25 20:59:56 #6 type] 
Type domain.Reserva is not enhanced.

[2025-03-25 20:59:56 #7 type] 
Type domain.Rating is not enhanced.

------------------------------------------------------------------------------------------------------------------------

[2025-03-25 21:02:41 #1 store] 
Database 'C:\Users\Leire\Downloads\Rides-master\Rides24\src\main\resources\rides.temp' is opened by 12476@LAPTOP-SJ70P6B5

[2025-03-25 21:02:42 #2 type] 
Type domain.User is not enhanced.

[2025-03-25 21:02:42 #3 type] 
Type domain.Ride is not enhanced.

[2025-03-25 21:02:42 #4 type] 
Type domain.Driver is not enhanced.

[2025-03-25 21:02:42 #5 type] 
Type domain.Traveler is not enhanced.

[2025-03-25 21:02:42 #6 type] 
Type domain.Reserva is not enhanced.

[2025-03-25 21:02:42 #7 type] 
Type domain.Rating is not enhanced.

------------------------------------------------------------------------------------------------------------------------

[2025-03-25 21:23:34 #1 store] 
Database 'C:\Users\Leire\Downloads\Rides-master\Rides24\src\main\resources\rides.temp' is opened by 8820@LAPTOP-SJ70P6B5

[2025-03-25 21:23:34 #2 type] 
Type domain.User is not enhanced.

[2025-03-25 21:23:34 #3 type] 
Type domain.Ride is not enhanced.

[2025-03-25 21:23:34 #4 type] 
Type domain.Driver is not enhanced.

[2025-03-25 21:23:34 #5 type] 
Type domain.Traveler is not enhanced.

[2025-03-25 21:23:34 #6 type] 
Type domain.Reserva is not enhanced.

[2025-03-25 21:23:34 #7 type] 
Type domain.Rating is not enhanced.

------------------------------------------------------------------------------------------------------------------------

[2025-03-25 21:27:08 #1 store] 
Database 'C:\Users\Leire\Downloads\Rides-master\Rides24\src\main\resources\rides.temp' is opened by 13264@LAPTOP-SJ70P6B5

[2025-03-25 21:27:08 #2 type] 
Type domain.User is not enhanced.

[2025-03-25 21:27:08 #3 type] 
Type domain.Ride is not enhanced.

[2025-03-25 21:27:08 #4 type] 
Type domain.Driver is not enhanced.

[2025-03-25 21:27:08 #5 type] 
Type domain.Traveler is not enhanced.

[2025-03-25 21:27:08 #6 type] 
Type domain.Reserva is not enhanced.

[2025-03-25 21:27:08 #7 type] 
Type domain.Rating is not enhanced.

------------------------------------------------------------------------------------------------------------------------

[2025-03-25 21:35:54 #1 store] 
Database 'C:\Users\Leire\Downloads\Rides-master\Rides24\src\main\resources\rides.temp' is opened by 8032@LAPTOP-SJ70P6B5

[2025-03-25 21:35:55 #2 type] 
Type domain.User is not enhanced.

[2025-03-25 21:35:55 #3 type] 
Type domain.Ride is not enhanced.

[2025-03-25 21:35:55 #4 type] 
Type domain.Driver is not enhanced.

[2025-03-25 21:35:55 #5 type] 
Type domain.Traveler is not enhanced.

[2025-03-25 21:35:55 #6 type] 
Type domain.Reserva is not enhanced.

[2025-03-25 21:35:55 #7 type] 
Type domain.Rating is not enhanced.

------------------------------------------------------------------------------------------------------------------------

[2025-03-25 21:37:32 #1 store] 
Database 'C:\Users\Leire\Downloads\Rides-master\Rides24\src\main\resources\rides.temp' is opened by 3712@LAPTOP-SJ70P6B5

[2025-03-25 21:37:32 #2 type] 
Type domain.User is not enhanced.

[2025-03-25 21:37:32 #3 type] 
Type domain.Ride is not enhanced.

[2025-03-25 21:37:32 #4 type] 
Type domain.Driver is not enhanced.

[2025-03-25 21:37:32 #5 type] 
Type domain.Traveler is not enhanced.

[2025-03-25 21:37:32 #6 type] 
Type domain.Reserva is not enhanced.

[2025-03-25 21:37:32 #7 type] 
Type domain.Rating is not enhanced.

------------------------------------------------------------------------------------------------------------------------

[2025-03-25 21:40:57 #1 store] 
Database 'C:\Users\Leire\Downloads\Rides-master\Rides24\src\main\resources\rides.temp' is opened by 4068@LAPTOP-SJ70P6B5

[2025-03-25 21:40:57 #2 type] 
Type domain.User is not enhanced.

[2025-03-25 21:40:57 #3 type] 
Type domain.Ride is not enhanced.

[2025-03-25 21:40:57 #4 type] 
Type domain.Driver is not enhanced.

[2025-03-25 21:40:57 #5 type] 
Type domain.Traveler is not enhanced.

[2025-03-25 21:40:57 #6 type] 
Type domain.Reserva is not enhanced.

[2025-03-25 21:40:57 #7 type] 
Type domain.Rating is not enhanced.

------------------------------------------------------------------------------------------------------------------------

[2025-03-25 21:41:30 #1 store] 
Database 'C:\Users\Leire\Downloads\Rides-master\Rides24\src\main\resources\rides.temp' is opened by 13684@LAPTOP-SJ70P6B5

[2025-03-25 21:41:31 #2 type] 
Type domain.User is not enhanced.

[2025-03-25 21:41:31 #3 type] 
Type domain.Ride is not enhanced.

[2025-03-25 21:41:31 #4 type] 
Type domain.Driver is not enhanced.

[2025-03-25 21:41:31 #5 type] 
Type domain.Traveler is not enhanced.

[2025-03-25 21:41:31 #6 type] 
Type domain.Reserva is not enhanced.

[2025-03-25 21:41:31 #7 type] 
Type domain.Rating is not enhanced.

------------------------------------------------------------------------------------------------------------------------

[2025-03-25 21:42:14 #1 store] 
Database 'C:\Users\Leire\Downloads\Rides-master\Rides24\src\main\resources\rides.temp' is opened by 13544@LAPTOP-SJ70P6B5

[2025-03-25 21:42:14 #2 type] 
Type domain.User is not enhanced.

[2025-03-25 21:42:14 #3 type] 
Type domain.Ride is not enhanced.

[2025-03-25 21:42:14 #4 type] 
Type domain.Driver is not enhanced.

[2025-03-25 21:42:14 #5 type] 
Type domain.Traveler is not enhanced.

[2025-03-25 21:42:14 #6 type] 
Type domain.Reserva is not enhanced.

[2025-03-25 21:42:14 #7 type] 
Type domain.Rating is not enhanced.

------------------------------------------------------------------------------------------------------------------------

[2025-03-25 21:42:56 #1 store] 
Database 'C:\Users\Leire\Downloads\Rides-master\Rides24\src\main\resources\rides.temp' is opened by 3388@LAPTOP-SJ70P6B5

[2025-03-25 21:42:57 #2 type] 
Type domain.User is not enhanced.

[2025-03-25 21:42:57 #3 type] 
Type domain.Ride is not enhanced.

[2025-03-25 21:42:57 #4 type] 
Type domain.Driver is not enhanced.

[2025-03-25 21:42:57 #5 type] 
Type domain.Traveler is not enhanced.

[2025-03-25 21:42:57 #6 type] 
Type domain.Reserva is not enhanced.

[2025-03-25 21:42:57 #7 type] 
Type domain.Rating is not enhanced.

------------------------------------------------------------------------------------------------------------------------

[2025-03-25 21:43:44 #1 store] 
Database 'C:\Users\Leire\Downloads\Rides-master\Rides24\src\main\resources\rides.temp' is opened by 2652@LAPTOP-SJ70P6B5

[2025-03-25 21:43:44 #2 type] 
Type domain.User is not enhanced.

[2025-03-25 21:43:44 #3 type] 
Type domain.Ride is not enhanced.

[2025-03-25 21:43:44 #4 type] 
Type domain.Driver is not enhanced.

[2025-03-25 21:43:44 #5 type] 
Type domain.Traveler is not enhanced.

[2025-03-25 21:43:44 #6 type] 
Type domain.Reserva is not enhanced.

[2025-03-25 21:43:44 #7 type] 
Type domain.Rating is not enhanced.

------------------------------------------------------------------------------------------------------------------------

[2025-03-25 21:44:47 #1 store] 
Database 'C:\Users\Leire\Downloads\Rides-master\Rides24\src\main\resources\rides.temp' is opened by 348@LAPTOP-SJ70P6B5

[2025-03-25 21:44:47 #2 type] 
Type domain.User is not enhanced.

[2025-03-25 21:44:47 #3 type] 
Type domain.Ride is not enhanced.

[2025-03-25 21:44:47 #4 type] 
Type domain.Driver is not enhanced.

[2025-03-25 21:44:47 #5 type] 
Type domain.Traveler is not enhanced.

[2025-03-25 21:44:47 #6 type] 
Type domain.Reserva is not enhanced.

[2025-03-25 21:44:47 #7 type] 
Type domain.Rating is not enhanced.

------------------------------------------------------------------------------------------------------------------------

[2025-03-25 21:49:47 #1 store] 
Database 'C:\Users\Leire\Downloads\Rides-master\Rides24\src\main\resources\rides.temp' is opened by 2152@LAPTOP-SJ70P6B5

[2025-03-25 21:49:47 #2 type] 
Type domain.User is not enhanced.

[2025-03-25 21:49:47 #3 type] 
Type domain.Ride is not enhanced.

[2025-03-25 21:49:47 #4 type] 
Type domain.Driver is not enhanced.

[2025-03-25 21:49:47 #5 type] 
Type domain.Traveler is not enhanced.

[2025-03-25 21:49:47 #6 type] 
Type domain.Reserva is not enhanced.

[2025-03-25 21:49:47 #7 type] 
Type domain.Rating is not enhanced.

------------------------------------------------------------------------------------------------------------------------

[2025-03-25 21:51:02 #1 store] 
Database 'C:\Users\Leire\Downloads\Rides-master\Rides24\src\main\resources\rides.temp' is opened by 14376@LAPTOP-SJ70P6B5

[2025-03-25 21:51:02 #2 type] 
Type domain.User is not enhanced.

[2025-03-25 21:51:02 #3 type] 
Type domain.Ride is not enhanced.

[2025-03-25 21:51:02 #4 type] 
Type domain.Driver is not enhanced.

[2025-03-25 21:51:02 #5 type] 
Type domain.Traveler is not enhanced.

[2025-03-25 21:51:02 #6 type] 
Type domain.Reserva is not enhanced.

[2025-03-25 21:51:02 #7 type] 
Type domain.Rating is not enhanced.

------------------------------------------------------------------------------------------------------------------------

[2025-03-25 21:53:25 #1 store] 
Database 'C:\Users\Leire\Downloads\Rides-master\Rides24\src\main\resources\rides.temp' is opened by 14544@LAPTOP-SJ70P6B5

[2025-03-25 21:53:26 #2 type] 
Type domain.User is not enhanced.

[2025-03-25 21:53:26 #3 type] 
Type domain.Ride is not enhanced.

[2025-03-25 21:53:26 #4 type] 
Type domain.Driver is not enhanced.

[2025-03-25 21:53:26 #5 type] 
Type domain.Traveler is not enhanced.

[2025-03-25 21:53:26 #6 type] 
Type domain.Reserva is not enhanced.

[2025-03-25 21:53:26 #7 type] 
Type domain.Rating is not enhanced.

------------------------------------------------------------------------------------------------------------------------

[2025-03-25 21:54:09 #1 store] 
Database 'C:\Users\Leire\Downloads\Rides-master\Rides24\src\main\resources\rides.temp' has been recovered (tr. 41-42)

[2025-03-25 21:54:09 #2 store] 
Database 'C:\Users\Leire\Downloads\Rides-master\Rides24\src\main\resources\rides.temp' is opened by 8956@LAPTOP-SJ70P6B5

[2025-03-25 21:54:09 #3 type] 
Type domain.User is not enhanced.

[2025-03-25 21:54:09 #4 type] 
Type domain.Ride is not enhanced.

[2025-03-25 21:54:09 #5 type] 
Type domain.Driver is not enhanced.

[2025-03-25 21:54:09 #6 type] 
Type domain.Traveler is not enhanced.

[2025-03-25 21:54:09 #7 type] 
Type domain.Reserva is not enhanced.

[2025-03-25 21:54:09 #8 type] 
Type domain.Rating is not enhanced.

------------------------------------------------------------------------------------------------------------------------

[2025-03-25 21:56:05 #1 store] 
Database 'C:\Users\Leire\Downloads\Rides-master\Rides24\src\main\resources\rides.temp' is opened by 14060@LAPTOP-SJ70P6B5

[2025-03-25 21:56:05 #2 type] 
Type domain.User is not enhanced.

[2025-03-25 21:56:05 #3 type] 
Type domain.Ride is not enhanced.

[2025-03-25 21:56:05 #4 type] 
Type domain.Driver is not enhanced.

[2025-03-25 21:56:05 #5 type] 
Type domain.Traveler is not enhanced.

[2025-03-25 21:56:05 #6 type] 
Type domain.Reserva is not enhanced.

[2025-03-25 21:56:05 #7 type] 
Type domain.Rating is not enhanced.

------------------------------------------------------------------------------------------------------------------------

[2025-03-25 22:37:59 #1 store] 
Database 'C:\Users\Leire\Downloads\Rides-master\Rides24\src\main\resources\rides.temp' is opened by 6268@LAPTOP-SJ70P6B5

[2025-03-25 22:37:59 #2 type] 
Type domain.User is not enhanced.

[2025-03-25 22:37:59 #3 type] 
Type domain.Ride is not enhanced.

[2025-03-25 22:37:59 #4 type] 
Type domain.Driver is not enhanced.

[2025-03-25 22:37:59 #5 type] 
Type domain.Traveler is not enhanced.

[2025-03-25 22:37:59 #6 type] 
Type domain.Reserva is not enhanced.

[2025-03-25 22:37:59 #7 type] 
Type domain.Rating is not enhanced.

------------------------------------------------------------------------------------------------------------------------

[2025-03-25 22:41:30 #1 store] 
Database 'C:\Users\Leire\Downloads\Rides-master\Rides24\src\main\resources\rides.temp' has been recovered (tr. 44-46)

[2025-03-25 22:41:30 #2 store] 
Database 'C:\Users\Leire\Downloads\Rides-master\Rides24\src\main\resources\rides.temp' is opened by 4516@LAPTOP-SJ70P6B5

[2025-03-25 22:41:30 #3 type] 
Type domain.User is not enhanced.

[2025-03-25 22:41:30 #4 type] 
Type domain.Ride is not enhanced.

[2025-03-25 22:41:30 #5 type] 
Type domain.Driver is not enhanced.

[2025-03-25 22:41:30 #6 type] 
Type domain.Traveler is not enhanced.

[2025-03-25 22:41:30 #7 type] 
Type domain.Reserva is not enhanced.

[2025-03-25 22:41:30 #8 type] 
Type domain.Rating is not enhanced.

------------------------------------------------------------------------------------------------------------------------

[2025-03-25 23:12:40 #1 store] 
Database 'C:\Users\Leire\Downloads\Rides-master\Rides24\src\main\resources\rides.temp' is opened by 4052@LAPTOP-SJ70P6B5

[2025-03-25 23:12:40 #2 type] 
Type domain.User is not enhanced.

[2025-03-25 23:12:40 #3 type] 
Type domain.Ride is not enhanced.

[2025-03-25 23:12:40 #4 type] 
Type domain.Driver is not enhanced.

[2025-03-25 23:12:40 #5 type] 
Type domain.Traveler is not enhanced.

[2025-03-25 23:12:40 #6 type] 
Type domain.Reserva is not enhanced.

[2025-03-25 23:12:40 #7 type] 
Type domain.Rating is not enhanced.

------------------------------------------------------------------------------------------------------------------------

[2025-03-25 23:13:02 #1 store] 
Database 'C:\Users\Leire\Downloads\Rides-master\Rides24\src\main\resources\rides.temp' is opened by 9404@LAPTOP-SJ70P6B5

[2025-03-25 23:13:02 #2 type] 
Type domain.User is not enhanced.

[2025-03-25 23:13:02 #3 type] 
Type domain.Ride is not enhanced.

[2025-03-25 23:13:02 #4 type] 
Type domain.Driver is not enhanced.

[2025-03-25 23:13:02 #5 type] 
Type domain.Traveler is not enhanced.

[2025-03-25 23:13:02 #6 type] 
Type domain.Reserva is not enhanced.

[2025-03-25 23:13:02 #7 type] 
Type domain.Rating is not enhanced.

------------------------------------------------------------------------------------------------------------------------

[2025-03-25 23:23:17 #1 store] 
Database 'C:\Users\Leire\Downloads\Rides-master\Rides24\src\main\resources\rides.temp' is opened by 10084@LAPTOP-SJ70P6B5

[2025-03-25 23:23:17 #2 type] 
Type domain.User is not enhanced.

[2025-03-25 23:23:17 #3 type] 
Type domain.Ride is not enhanced.

[2025-03-25 23:23:17 #4 type] 
Type domain.Driver is not enhanced.

[2025-03-25 23:23:17 #5 type] 
Type domain.Traveler is not enhanced.

[2025-03-25 23:23:17 #6 type] 
Type domain.Reserva is not enhanced.

[2025-03-25 23:23:17 #7 type] 
Type domain.Rating is not enhanced.

------------------------------------------------------------------------------------------------------------------------

[2025-03-25 23:24:18 #1 store] 
Database 'C:\Users\Leire\Downloads\Rides-master\Rides24\src\main\resources\rides.temp' is opened by 12704@LAPTOP-SJ70P6B5

[2025-03-25 23:24:18 #2 type] 
Type domain.User is not enhanced.

[2025-03-25 23:24:18 #3 type] 
Type domain.Ride is not enhanced.

[2025-03-25 23:24:18 #4 type] 
Type domain.Driver is not enhanced.

[2025-03-25 23:24:18 #5 type] 
Type domain.Traveler is not enhanced.

[2025-03-25 23:24:18 #6 type] 
Type domain.Reserva is not enhanced.

[2025-03-25 23:24:18 #7 type] 
Type domain.Rating is not enhanced.

