------------------------------------------------------------------------------------------------------------------------

[2025-05-06 18:52:11 #1 store] 
Database 'C:\Users\Udane Saitua\Downloads\IS_Iteracion3\Rides24\src\main\resources\rides.temp' has been recovered (tr. 312-312)

[2025-05-06 18:52:11 #2 store] 
Database 'C:\Users\Udane Saitua\Downloads\IS_Iteracion3\Rides24\src\main\resources\rides.temp' is opened by 27328@UdaneSaitua

[2025-05-06 18:52:11 #3 type] 
Type domain.User is not enhanced.

[2025-05-06 18:52:11 #4 type] 
Type domain.Ride is not enhanced.

[2025-05-06 18:52:11 #5 type] 
Type domain.Driver is not enhanced.

[2025-05-06 18:52:11 #6 type] 
Type domain.Traveler is not enhanced.

[2025-05-06 18:52:11 #7 type] 
Type domain.Reserva is not enhanced.

[2025-05-06 18:52:11 #8 type] 
Type domain.Rating is not enhanced.

------------------------------------------------------------------------------------------------------------------------

[2025-05-06 19:06:01 #1 store] 
Database 'C:\Users\Udane Saitua\Downloads\IS_Iteracion3\Rides24\src\main\resources\rides.temp' has been recovered (tr. 313-314)

[2025-05-06 19:06:01 #2 store] 
Database 'C:\Users\Udane Saitua\Downloads\IS_Iteracion3\Rides24\src\main\resources\rides.temp' is opened by 24988@UdaneSaitua

[2025-05-06 19:06:01 #3 type] 
Type domain.User is not enhanced.

[2025-05-06 19:06:01 #4 type] 
Type domain.Ride is not enhanced.

[2025-05-06 19:06:01 #5 type] 
Type domain.Driver is not enhanced.

[2025-05-06 19:06:01 #6 type] 
Type domain.Traveler is not enhanced.

[2025-05-06 19:06:01 #7 type] 
Type domain.Reserva is not enhanced.

[2025-05-06 19:06:01 #8 type] 
Type domain.Rating is not enhanced.

------------------------------------------------------------------------------------------------------------------------

[2025-05-06 19:07:07 #1 store] 
Database 'C:\Users\Udane Saitua\Downloads\IS_Iteracion3\Rides24\src\main\resources\rides.temp' is opened by 22684@UdaneSaitua

[2025-05-06 19:07:07 #2 type] 
Type domain.User is not enhanced.

[2025-05-06 19:07:07 #3 type] 
Type domain.Ride is not enhanced.

[2025-05-06 19:07:07 #4 type] 
Type domain.Driver is not enhanced.

[2025-05-06 19:07:07 #5 type] 
Type domain.Traveler is not enhanced.

[2025-05-06 19:07:07 #6 type] 
Type domain.Reserva is not enhanced.

[2025-05-06 19:07:07 #7 type] 
Type domain.Rating is not enhanced.

------------------------------------------------------------------------------------------------------------------------

[2025-05-06 19:11:19 #1 store] 
Database 'C:\Users\Udane Saitua\Downloads\IS_Iteracion3\Rides24\src\main\resources\rides.temp' has been recovered (tr. 315-315)

[2025-05-06 19:11:19 #2 store] 
Database 'C:\Users\Udane Saitua\Downloads\IS_Iteracion3\Rides24\src\main\resources\rides.temp' is opened by 21800@UdaneSaitua

[2025-05-06 19:11:19 #3 type] 
Type domain.User is not enhanced.

[2025-05-06 19:11:19 #4 type] 
Type domain.Ride is not enhanced.

[2025-05-06 19:11:19 #5 type] 
Type domain.Driver is not enhanced.

[2025-05-06 19:11:19 #6 type] 
Type domain.Traveler is not enhanced.

[2025-05-06 19:11:19 #7 type] 
Type domain.Reserva is not enhanced.

[2025-05-06 19:11:19 #8 type] 
Type domain.Rating is not enhanced.

------------------------------------------------------------------------------------------------------------------------

[2025-05-06 19:19:55 #1 store] 
Database 'C:\Users\Udane Saitua\Downloads\IS_Iteracion3\Rides24\src\main\resources\rides.temp' has been recovered (tr. 317-319)

[2025-05-06 19:19:55 #2 store] 
Database 'C:\Users\Udane Saitua\Downloads\IS_Iteracion3\Rides24\src\main\resources\rides.temp' is opened by 19868@UdaneSaitua

[2025-05-06 19:19:55 #3 type] 
Type domain.User is not enhanced.

[2025-05-06 19:19:55 #4 type] 
Type domain.Ride is not enhanced.

[2025-05-06 19:19:55 #5 type] 
Type domain.Driver is not enhanced.

[2025-05-06 19:19:55 #6 type] 
Type domain.Traveler is not enhanced.

[2025-05-06 19:19:55 #7 type] 
Type domain.Reserva is not enhanced.

[2025-05-06 19:19:55 #8 type] 
Type domain.Rating is not enhanced.

------------------------------------------------------------------------------------------------------------------------

[2025-05-06 19:22:37 #1 store] 
Database 'C:\Users\Udane Saitua\Downloads\IS_Iteracion3\Rides24\src\main\resources\rides.temp' is opened by 25312@UdaneSaitua

[2025-05-06 19:22:37 #2 type] 
Type domain.User is not enhanced.

[2025-05-06 19:22:37 #3 type] 
Type domain.Ride is not enhanced.

[2025-05-06 19:22:37 #4 type] 
Type domain.Driver is not enhanced.

[2025-05-06 19:22:37 #5 type] 
Type domain.Traveler is not enhanced.

[2025-05-06 19:22:37 #6 type] 
Type domain.Reserva is not enhanced.

[2025-05-06 19:22:37 #7 type] 
Type domain.Rating is not enhanced.

------------------------------------------------------------------------------------------------------------------------

[2025-05-06 19:25:46 #1 store] 
Database 'C:\Users\Udane Saitua\Downloads\IS_Iteracion3\Rides24\src\main\resources\rides.temp' is opened by 6456@UdaneSaitua

[2025-05-06 19:25:46 #2 type] 
Type domain.User is not enhanced.

[2025-05-06 19:25:46 #3 type] 
Type domain.Ride is not enhanced.

[2025-05-06 19:25:46 #4 type] 
Type domain.Driver is not enhanced.

[2025-05-06 19:25:46 #5 type] 
Type domain.Traveler is not enhanced.

[2025-05-06 19:25:46 #6 type] 
Type domain.Reserva is not enhanced.

[2025-05-06 19:25:46 #7 type] 
Type domain.Rating is not enhanced.

