------------------------------------------------------------------------------------------------------------------------

[2025-05-07 10:32:57 #1 store] 
Database 'C:\Users\Udane Saitua\Downloads\IS_Iteracion3\Rides24\src\main\resources\rides.temp' has been recovered (tr. 320-322)

[2025-05-07 10:32:57 #2 store] 
Database 'C:\Users\Udane Saitua\Downloads\IS_Iteracion3\Rides24\src\main\resources\rides.temp' is opened by 17820@UdaneSaitua

[2025-05-07 10:32:58 #3 type] 
Type domain.User is not enhanced.

[2025-05-07 10:32:58 #4 type] 
Type domain.Ride is not enhanced.

[2025-05-07 10:32:58 #5 type] 
Type domain.Driver is not enhanced.

[2025-05-07 10:32:58 #6 type] 
Type domain.Traveler is not enhanced.

[2025-05-07 10:32:58 #7 type] 
Type domain.Reserva is not enhanced.

[2025-05-07 10:32:58 #8 type] 
Type domain.Rating is not enhanced.

------------------------------------------------------------------------------------------------------------------------

[2025-05-07 10:47:52 #1 store] 
Database 'C:\Users\Udane Saitua\Downloads\IS_Iteracion3\Rides24\src\main\resources\rides.temp' is opened by 4432@UdaneSaitua

[2025-05-07 10:47:53 #2 type] 
Type domain.User is not enhanced.

[2025-05-07 10:47:53 #3 type] 
Type domain.Ride is not enhanced.

[2025-05-07 10:47:53 #4 type] 
Type domain.Driver is not enhanced.

[2025-05-07 10:47:53 #5 type] 
Type domain.Traveler is not enhanced.

[2025-05-07 10:47:53 #6 type] 
Type domain.Reserva is not enhanced.

[2025-05-07 10:47:53 #7 type] 
Type domain.Rating is not enhanced.

------------------------------------------------------------------------------------------------------------------------

[2025-05-07 11:32:58 #1 store] 
Database 'C:\Users\Udane Saitua\Downloads\IS_Iteracion3\Rides24\src\main\resources\rides.temp' has been recovered (tr. 323-333)

[2025-05-07 11:32:58 #2 store] 
Database 'C:\Users\Udane Saitua\Downloads\IS_Iteracion3\Rides24\src\main\resources\rides.temp' is opened by 21064@UdaneSaitua

[2025-05-07 11:32:59 #3 type] 
Type domain.User is not enhanced.

[2025-05-07 11:32:59 #4 type] 
Type domain.Ride is not enhanced.

[2025-05-07 11:32:59 #5 type] 
Type domain.Driver is not enhanced.

[2025-05-07 11:32:59 #6 type] 
Type domain.Traveler is not enhanced.

[2025-05-07 11:32:59 #7 type] 
Type domain.Reserva is not enhanced.

[2025-05-07 11:32:59 #8 type] 
Type domain.Rating is not enhanced.

------------------------------------------------------------------------------------------------------------------------

[2025-05-07 19:29:27 #1 store] 
Database 'C:\Users\Udane Saitua\Downloads\IS_Iteracion3\Rides24\src\main\resources\rides.temp' has been recovered (tr. 334-336)

[2025-05-07 19:29:27 #2 store] 
Database 'C:\Users\Udane Saitua\Downloads\IS_Iteracion3\Rides24\src\main\resources\rides.temp' is opened by 15780@UdaneSaitua

[2025-05-07 19:29:27 #3 type] 
Type domain.User is not enhanced.

[2025-05-07 19:29:27 #4 type] 
Type domain.Ride is not enhanced.

[2025-05-07 19:29:27 #5 type] 
Type domain.Driver is not enhanced.

[2025-05-07 19:29:27 #6 type] 
Type domain.Traveler is not enhanced.

[2025-05-07 19:29:27 #7 type] 
Type domain.Reserva is not enhanced.

[2025-05-07 19:29:27 #8 type] 
Type domain.Rating is not enhanced.

------------------------------------------------------------------------------------------------------------------------

[2025-05-07 19:31:48 #1 store] 
Database 'C:\Users\Udane Saitua\Downloads\IS_Iteracion3\Rides24\src\main\resources\rides.temp' has been recovered (tr. 337-338)

[2025-05-07 19:31:48 #2 store] 
Database 'C:\Users\Udane Saitua\Downloads\IS_Iteracion3\Rides24\src\main\resources\rides.temp' is opened by 29632@UdaneSaitua

[2025-05-07 19:31:48 #3 type] 
Type domain.User is not enhanced.

[2025-05-07 19:31:48 #4 type] 
Type domain.Ride is not enhanced.

[2025-05-07 19:31:48 #5 type] 
Type domain.Driver is not enhanced.

[2025-05-07 19:31:48 #6 type] 
Type domain.Traveler is not enhanced.

[2025-05-07 19:31:48 #7 type] 
Type domain.Reserva is not enhanced.

[2025-05-07 19:31:48 #8 type] 
Type domain.Rating is not enhanced.

------------------------------------------------------------------------------------------------------------------------

[2025-05-07 19:37:39 #1 store] 
Database 'C:\Users\Udane Saitua\Downloads\IS_Iteracion3\Rides24\src\main\resources\rides.temp' has been recovered (tr. 339-340)

[2025-05-07 19:37:39 #2 store] 
Database 'C:\Users\Udane Saitua\Downloads\IS_Iteracion3\Rides24\src\main\resources\rides.temp' is opened by 22284@UdaneSaitua

[2025-05-07 19:37:39 #3 type] 
Type domain.User is not enhanced.

[2025-05-07 19:37:39 #4 type] 
Type domain.Ride is not enhanced.

[2025-05-07 19:37:39 #5 type] 
Type domain.Driver is not enhanced.

[2025-05-07 19:37:39 #6 type] 
Type domain.Traveler is not enhanced.

[2025-05-07 19:37:39 #7 type] 
Type domain.Reserva is not enhanced.

[2025-05-07 19:37:39 #8 type] 
Type domain.Rating is not enhanced.

------------------------------------------------------------------------------------------------------------------------

[2025-05-07 19:37:54 #1 store] 
Database 'C:\Users\Udane Saitua\Downloads\IS_Iteracion3\Rides24\src\main\resources\rides.temp' is opened by 29328@UdaneSaitua

[2025-05-07 19:37:54 #2 type] 
Type domain.User is not enhanced.

[2025-05-07 19:37:54 #3 type] 
Type domain.Ride is not enhanced.

[2025-05-07 19:37:54 #4 type] 
Type domain.Driver is not enhanced.

[2025-05-07 19:37:54 #5 type] 
Type domain.Traveler is not enhanced.

[2025-05-07 19:37:54 #6 type] 
Type domain.Reserva is not enhanced.

[2025-05-07 19:37:54 #7 type] 
Type domain.Rating is not enhanced.

------------------------------------------------------------------------------------------------------------------------

[2025-05-07 19:47:05 #1 store] 
Database 'C:\Users\Udane Saitua\Downloads\IS_Iteracion3\Rides24\src\main\resources\rides.temp' has been recovered (tr. 341-346)

[2025-05-07 19:47:05 #2 store] 
Database 'C:\Users\Udane Saitua\Downloads\IS_Iteracion3\Rides24\src\main\resources\rides.temp' is opened by 18532@UdaneSaitua

[2025-05-07 19:47:05 #3 type] 
Type domain.User is not enhanced.

[2025-05-07 19:47:05 #4 type] 
Type domain.Ride is not enhanced.

[2025-05-07 19:47:05 #5 type] 
Type domain.Driver is not enhanced.

[2025-05-07 19:47:05 #6 type] 
Type domain.Traveler is not enhanced.

[2025-05-07 19:47:05 #7 type] 
Type domain.Reserva is not enhanced.

[2025-05-07 19:47:05 #8 type] 
Type domain.Rating is not enhanced.

------------------------------------------------------------------------------------------------------------------------

[2025-05-07 20:01:53 #1 store] 
Database 'C:\Users\Udane Saitua\Downloads\IS_Iteracion3\Rides24\src\main\resources\rides.temp' is opened by 5976@UdaneSaitua

[2025-05-07 20:01:54 #2 type] 
Type domain.User is not enhanced.

[2025-05-07 20:01:54 #3 type] 
Type domain.Ride is not enhanced.

[2025-05-07 20:01:54 #4 type] 
Type domain.Driver is not enhanced.

[2025-05-07 20:01:54 #5 type] 
Type domain.Traveler is not enhanced.

[2025-05-07 20:01:54 #6 type] 
Type domain.Reserva is not enhanced.

[2025-05-07 20:01:54 #7 type] 
Type domain.Rating is not enhanced.

------------------------------------------------------------------------------------------------------------------------

[2025-05-07 20:15:01 #1 store] 
Database 'C:\Users\Udane Saitua\Downloads\IS_Iteracion3\Rides24\src\main\resources\rides.temp' is opened by 15372@UdaneSaitua

[2025-05-07 20:15:01 #2 type] 
Type domain.User is not enhanced.

[2025-05-07 20:15:01 #3 type] 
Type domain.Ride is not enhanced.

[2025-05-07 20:15:01 #4 type] 
Type domain.Driver is not enhanced.

[2025-05-07 20:15:01 #5 type] 
Type domain.Traveler is not enhanced.

[2025-05-07 20:15:01 #6 type] 
Type domain.Reserva is not enhanced.

[2025-05-07 20:15:01 #7 type] 
Type domain.Rating is not enhanced.

