------------------------------------------------------------------------------------------------------------------------

[2025-04-24 12:13:31 #1 store] 
Database 'C:\Users\Leire\git\repository\Rides24\src\main\resources\rides.temp' is opened by 14164@LAPTOP-SJ70P6B5

[2025-04-24 12:13:31 #2 type] 
Type domain.User is not enhanced.

[2025-04-24 12:13:31 #3 type] 
Type domain.Ride is not enhanced.

[2025-04-24 12:13:31 #4 type] 
Type domain.Driver is not enhanced.

[2025-04-24 12:13:31 #5 type] 
Type domain.Traveler is not enhanced.

[2025-04-24 12:13:31 #6 type] 
Type domain.Reserva is not enhanced.

[2025-04-24 12:13:31 #7 type] 
Type domain.Rating is not enhanced.

------------------------------------------------------------------------------------------------------------------------

[2025-04-24 12:14:33 #1 store] 
Database 'C:\Users\Leire\git\repository\Rides24\src\main\resources\rides.temp' is opened by 8432@LAPTOP-SJ70P6B5

[2025-04-24 12:14:33 #2 type] 
Type domain.User is not enhanced.

[2025-04-24 12:14:33 #3 type] 
Type domain.Ride is not enhanced.

[2025-04-24 12:14:33 #4 type] 
Type domain.Driver is not enhanced.

[2025-04-24 12:14:33 #5 type] 
Type domain.Traveler is not enhanced.

[2025-04-24 12:14:33 #6 type] 
Type domain.Reserva is not enhanced.

[2025-04-24 12:14:33 #7 type] 
Type domain.Rating is not enhanced.

------------------------------------------------------------------------------------------------------------------------

[2025-04-24 12:16:14 #1 store] 
Database 'C:\Users\Leire\git\repository\Rides24\src\main\resources\rides.temp' is opened by 13540@LAPTOP-SJ70P6B5

[2025-04-24 12:16:14 #2 type] 
Type domain.User is not enhanced.

[2025-04-24 12:16:14 #3 type] 
Type domain.Ride is not enhanced.

[2025-04-24 12:16:14 #4 type] 
Type domain.Driver is not enhanced.

[2025-04-24 12:16:14 #5 type] 
Type domain.Traveler is not enhanced.

[2025-04-24 12:16:14 #6 type] 
Type domain.Reserva is not enhanced.

[2025-04-24 12:16:14 #7 type] 
Type domain.Rating is not enhanced.

------------------------------------------------------------------------------------------------------------------------

[2025-04-24 12:17:25 #1 store] 
Database 'C:\Users\Leire\git\repository\Rides24\src\main\resources\rides.temp' is opened by 5292@LAPTOP-SJ70P6B5

[2025-04-24 12:17:25 #2 type] 
Type domain.User is not enhanced.

[2025-04-24 12:17:25 #3 type] 
Type domain.Ride is not enhanced.

[2025-04-24 12:17:25 #4 type] 
Type domain.Driver is not enhanced.

[2025-04-24 12:17:25 #5 type] 
Type domain.Traveler is not enhanced.

[2025-04-24 12:17:25 #6 type] 
Type domain.Reserva is not enhanced.

[2025-04-24 12:17:25 #7 type] 
Type domain.Rating is not enhanced.

------------------------------------------------------------------------------------------------------------------------

[2025-04-24 12:24:52 #1 store] 
Database 'C:\Users\Leire\git\repository\Rides24\src\main\resources\rides.temp' is opened by 4224@LAPTOP-SJ70P6B5

[2025-04-24 12:24:52 #2 type] 
Type domain.User is not enhanced.

[2025-04-24 12:24:52 #3 type] 
Type domain.Ride is not enhanced.

[2025-04-24 12:24:52 #4 type] 
Type domain.Driver is not enhanced.

[2025-04-24 12:24:52 #5 type] 
Type domain.Traveler is not enhanced.

[2025-04-24 12:24:52 #6 type] 
Type domain.Reserva is not enhanced.

[2025-04-24 12:24:52 #7 type] 
Type domain.Rating is not enhanced.

------------------------------------------------------------------------------------------------------------------------

[2025-04-24 12:25:57 #1 store] 
Database 'C:\Users\Leire\git\repository\Rides24\src\main\resources\rides.temp' has been recovered (tr. 203-204)

[2025-04-24 12:25:57 #2 store] 
Database 'C:\Users\Leire\git\repository\Rides24\src\main\resources\rides.temp' is opened by 9044@LAPTOP-SJ70P6B5

[2025-04-24 12:25:57 #3 type] 
Type domain.User is not enhanced.

[2025-04-24 12:25:57 #4 type] 
Type domain.Ride is not enhanced.

[2025-04-24 12:25:57 #5 type] 
Type domain.Driver is not enhanced.

[2025-04-24 12:25:57 #6 type] 
Type domain.Traveler is not enhanced.

[2025-04-24 12:25:57 #7 type] 
Type domain.Reserva is not enhanced.

[2025-04-24 12:25:57 #8 type] 
Type domain.Rating is not enhanced.

------------------------------------------------------------------------------------------------------------------------

[2025-04-24 12:26:42 #1 store] 
Database 'C:\Users\Leire\git\repository\Rides24\src\main\resources\rides.temp' is opened by 15780@LAPTOP-SJ70P6B5

[2025-04-24 12:26:42 #2 type] 
Type domain.User is not enhanced.

[2025-04-24 12:26:42 #3 type] 
Type domain.Ride is not enhanced.

[2025-04-24 12:26:42 #4 type] 
Type domain.Driver is not enhanced.

[2025-04-24 12:26:42 #5 type] 
Type domain.Traveler is not enhanced.

[2025-04-24 12:26:42 #6 type] 
Type domain.Reserva is not enhanced.

[2025-04-24 12:26:42 #7 type] 
Type domain.Rating is not enhanced.

------------------------------------------------------------------------------------------------------------------------

[2025-04-24 12:42:54 #1 store] 
Database 'C:\Users\Leire\git\repository\Rides24\src\main\resources\rides.temp' is opened by 2516@LAPTOP-SJ70P6B5

[2025-04-24 12:42:54 #2 type] 
Type domain.User is not enhanced.

[2025-04-24 12:42:54 #3 type] 
Type domain.Ride is not enhanced.

[2025-04-24 12:42:54 #4 type] 
Type domain.Driver is not enhanced.

[2025-04-24 12:42:54 #5 type] 
Type domain.Traveler is not enhanced.

[2025-04-24 12:42:54 #6 type] 
Type domain.Reserva is not enhanced.

[2025-04-24 12:42:54 #7 type] 
Type domain.Rating is not enhanced.

------------------------------------------------------------------------------------------------------------------------

[2025-04-24 12:48:06 #1 store] 
Database 'C:\Users\Leire\git\repository\Rides24\src\main\resources\rides.temp' has been recovered (tr. 205-206)

[2025-04-24 12:48:06 #2 store] 
Database 'C:\Users\Leire\git\repository\Rides24\src\main\resources\rides.temp' is opened by 8724@LAPTOP-SJ70P6B5

[2025-04-24 12:48:06 #3 type] 
Type domain.User is not enhanced.

[2025-04-24 12:48:06 #4 type] 
Type domain.Ride is not enhanced.

[2025-04-24 12:48:06 #5 type] 
Type domain.Driver is not enhanced.

[2025-04-24 12:48:06 #6 type] 
Type domain.Traveler is not enhanced.

[2025-04-24 12:48:06 #7 type] 
Type domain.Reserva is not enhanced.

[2025-04-24 12:48:06 #8 type] 
Type domain.Rating is not enhanced.

------------------------------------------------------------------------------------------------------------------------

[2025-04-24 13:04:41 #1 store] 
Database 'C:\Users\Leire\git\repository\Rides24\src\main\resources\rides.temp' is opened by 10764@LAPTOP-SJ70P6B5

[2025-04-24 13:04:42 #2 type] 
Type domain.User is not enhanced.

[2025-04-24 13:04:42 #3 type] 
Type domain.Ride is not enhanced.

[2025-04-24 13:04:42 #4 type] 
Type domain.Driver is not enhanced.

[2025-04-24 13:04:42 #5 type] 
Type domain.Traveler is not enhanced.

[2025-04-24 13:04:42 #6 type] 
Type domain.Reserva is not enhanced.

[2025-04-24 13:04:42 #7 type] 
Type domain.Rating is not enhanced.

------------------------------------------------------------------------------------------------------------------------

[2025-04-24 13:22:05 #1 store] 
Database 'C:\Users\Leire\git\repository\Rides24\src\main\resources\rides.temp' is opened by 17428@LAPTOP-SJ70P6B5

[2025-04-24 13:22:05 #2 type] 
Type domain.User is not enhanced.

[2025-04-24 13:22:05 #3 type] 
Type domain.Ride is not enhanced.

[2025-04-24 13:22:05 #4 type] 
Type domain.Driver is not enhanced.

[2025-04-24 13:22:05 #5 type] 
Type domain.Traveler is not enhanced.

[2025-04-24 13:22:05 #6 type] 
Type domain.Reserva is not enhanced.

[2025-04-24 13:22:05 #7 type] 
Type domain.Rating is not enhanced.

------------------------------------------------------------------------------------------------------------------------

[2025-04-24 13:22:14 #1 store] 
Database 'C:\Users\Leire\git\repository\Rides24\src\main\resources\rides.temp' is opened by 20224@LAPTOP-SJ70P6B5

[2025-04-24 13:22:14 #2 type] 
Type domain.User is not enhanced.

[2025-04-24 13:22:14 #3 type] 
Type domain.Ride is not enhanced.

[2025-04-24 13:22:14 #4 type] 
Type domain.Driver is not enhanced.

[2025-04-24 13:22:14 #5 type] 
Type domain.Traveler is not enhanced.

[2025-04-24 13:22:14 #6 type] 
Type domain.Reserva is not enhanced.

[2025-04-24 13:22:14 #7 type] 
Type domain.Rating is not enhanced.

------------------------------------------------------------------------------------------------------------------------

[2025-04-24 13:25:24 #1 store] 
Database 'C:\Users\Leire\git\repository\Rides24\src\main\resources\rides.temp' has been recovered (tr. 209-209)

[2025-04-24 13:25:24 #2 store] 
Database 'C:\Users\Leire\git\repository\Rides24\src\main\resources\rides.temp' is opened by 20316@LAPTOP-SJ70P6B5

[2025-04-24 13:25:24 #3 type] 
Type domain.User is not enhanced.

[2025-04-24 13:25:24 #4 type] 
Type domain.Ride is not enhanced.

[2025-04-24 13:25:24 #5 type] 
Type domain.Driver is not enhanced.

[2025-04-24 13:25:24 #6 type] 
Type domain.Traveler is not enhanced.

[2025-04-24 13:25:24 #7 type] 
Type domain.Reserva is not enhanced.

[2025-04-24 13:25:24 #8 type] 
Type domain.Rating is not enhanced.

------------------------------------------------------------------------------------------------------------------------

[2025-04-24 13:36:06 #1 store] 
Database 'C:\Users\Leire\git\repository\Rides24\src\main\resources\rides.temp' is opened by 11900@LAPTOP-SJ70P6B5

[2025-04-24 13:36:06 #2 type] 
Type domain.User is not enhanced.

[2025-04-24 13:36:06 #3 type] 
Type domain.Ride is not enhanced.

[2025-04-24 13:36:06 #4 type] 
Type domain.Driver is not enhanced.

[2025-04-24 13:36:06 #5 type] 
Type domain.Traveler is not enhanced.

[2025-04-24 13:36:06 #6 type] 
Type domain.Reserva is not enhanced.

[2025-04-24 13:36:06 #7 type] 
Type domain.Rating is not enhanced.

------------------------------------------------------------------------------------------------------------------------

[2025-04-24 13:36:57 #1 store] 
Database 'C:\Users\Leire\git\repository\Rides24\src\main\resources\rides.temp' has been recovered (tr. 210-210)

[2025-04-24 13:36:57 #2 store] 
Database 'C:\Users\Leire\git\repository\Rides24\src\main\resources\rides.temp' is opened by 10092@LAPTOP-SJ70P6B5

[2025-04-24 13:36:57 #3 type] 
Type domain.User is not enhanced.

[2025-04-24 13:36:57 #4 type] 
Type domain.Ride is not enhanced.

[2025-04-24 13:36:57 #5 type] 
Type domain.Driver is not enhanced.

[2025-04-24 13:36:57 #6 type] 
Type domain.Traveler is not enhanced.

[2025-04-24 13:36:57 #7 type] 
Type domain.Reserva is not enhanced.

[2025-04-24 13:36:57 #8 type] 
Type domain.Rating is not enhanced.

------------------------------------------------------------------------------------------------------------------------

[2025-04-24 13:42:39 #1 store] 
Database 'C:\Users\Leire\git\repository\Rides24\src\main\resources\rides.temp' is opened by 14600@LAPTOP-SJ70P6B5

[2025-04-24 13:42:39 #2 type] 
Type domain.User is not enhanced.

[2025-04-24 13:42:39 #3 type] 
Type domain.Ride is not enhanced.

[2025-04-24 13:42:39 #4 type] 
Type domain.Driver is not enhanced.

[2025-04-24 13:42:39 #5 type] 
Type domain.Traveler is not enhanced.

[2025-04-24 13:42:39 #6 type] 
Type domain.Reserva is not enhanced.

[2025-04-24 13:42:39 #7 type] 
Type domain.Rating is not enhanced.

------------------------------------------------------------------------------------------------------------------------

[2025-04-24 13:45:22 #1 store] 
Database 'C:\Users\Leire\git\repository\Rides24\src\main\resources\rides.temp' is opened by 16912@LAPTOP-SJ70P6B5

[2025-04-24 13:45:22 #2 type] 
Type domain.User is not enhanced.

[2025-04-24 13:45:22 #3 type] 
Type domain.Ride is not enhanced.

[2025-04-24 13:45:22 #4 type] 
Type domain.Driver is not enhanced.

[2025-04-24 13:45:22 #5 type] 
Type domain.Traveler is not enhanced.

[2025-04-24 13:45:22 #6 type] 
Type domain.Reserva is not enhanced.

[2025-04-24 13:45:22 #7 type] 
Type domain.Rating is not enhanced.

------------------------------------------------------------------------------------------------------------------------

[2025-04-24 13:52:01 #1 store] 
Database 'C:\Users\Leire\git\repository\Rides24\src\main\resources\rides.temp' is opened by 17768@LAPTOP-SJ70P6B5

[2025-04-24 13:52:01 #2 type] 
Type domain.User is not enhanced.

[2025-04-24 13:52:01 #3 type] 
Type domain.Ride is not enhanced.

[2025-04-24 13:52:01 #4 type] 
Type domain.Driver is not enhanced.

[2025-04-24 13:52:01 #5 type] 
Type domain.Traveler is not enhanced.

[2025-04-24 13:52:01 #6 type] 
Type domain.Reserva is not enhanced.

[2025-04-24 13:52:01 #7 type] 
Type domain.Rating is not enhanced.

------------------------------------------------------------------------------------------------------------------------

[2025-04-24 13:52:23 #1 store] 
Database 'C:\Users\Leire\git\repository\Rides24\src\main\resources\rides.temp' has been recovered (tr. 215-216)

[2025-04-24 13:52:23 #2 store] 
Database 'C:\Users\Leire\git\repository\Rides24\src\main\resources\rides.temp' is opened by 18020@LAPTOP-SJ70P6B5

[2025-04-24 13:52:23 #3 type] 
Type domain.User is not enhanced.

[2025-04-24 13:52:23 #4 type] 
Type domain.Ride is not enhanced.

[2025-04-24 13:52:23 #5 type] 
Type domain.Driver is not enhanced.

[2025-04-24 13:52:23 #6 type] 
Type domain.Traveler is not enhanced.

[2025-04-24 13:52:23 #7 type] 
Type domain.Reserva is not enhanced.

[2025-04-24 13:52:23 #8 type] 
Type domain.Rating is not enhanced.

------------------------------------------------------------------------------------------------------------------------

[2025-04-24 13:54:26 #1 store] 
Database 'C:\Users\Leire\git\repository\Rides24\src\main\resources\rides.temp' is opened by 11056@LAPTOP-SJ70P6B5

[2025-04-24 13:54:26 #2 type] 
Type domain.User is not enhanced.

[2025-04-24 13:54:26 #3 type] 
Type domain.Ride is not enhanced.

[2025-04-24 13:54:26 #4 type] 
Type domain.Driver is not enhanced.

[2025-04-24 13:54:26 #5 type] 
Type domain.Traveler is not enhanced.

[2025-04-24 13:54:26 #6 type] 
Type domain.Reserva is not enhanced.

[2025-04-24 13:54:26 #7 type] 
Type domain.Rating is not enhanced.

------------------------------------------------------------------------------------------------------------------------

[2025-04-24 13:59:11 #1 store] 
Database 'C:\Users\Leire\git\repository\Rides24\src\main\resources\rides.temp' is opened by 2144@LAPTOP-SJ70P6B5

[2025-04-24 13:59:11 #2 type] 
Type domain.User is not enhanced.

[2025-04-24 13:59:11 #3 type] 
Type domain.Ride is not enhanced.

[2025-04-24 13:59:11 #4 type] 
Type domain.Driver is not enhanced.

[2025-04-24 13:59:11 #5 type] 
Type domain.Traveler is not enhanced.

[2025-04-24 13:59:11 #6 type] 
Type domain.Reserva is not enhanced.

[2025-04-24 13:59:11 #7 type] 
Type domain.Rating is not enhanced.

------------------------------------------------------------------------------------------------------------------------

[2025-04-24 14:04:16 #1 store] 
Database 'C:\Users\Leire\git\repository\Rides24\src\main\resources\rides.temp' is opened by 9484@LAPTOP-SJ70P6B5

[2025-04-24 14:04:16 #2 type] 
Type domain.User is not enhanced.

[2025-04-24 14:04:16 #3 type] 
Type domain.Ride is not enhanced.

[2025-04-24 14:04:16 #4 type] 
Type domain.Driver is not enhanced.

[2025-04-24 14:04:16 #5 type] 
Type domain.Traveler is not enhanced.

[2025-04-24 14:04:16 #6 type] 
Type domain.Reserva is not enhanced.

[2025-04-24 14:04:16 #7 type] 
Type domain.Rating is not enhanced.

------------------------------------------------------------------------------------------------------------------------

[2025-04-24 14:09:19 #1 store] 
Database 'C:\Users\Leire\git\repository\Rides24\src\main\resources\rides.temp' is opened by 15108@LAPTOP-SJ70P6B5

[2025-04-24 14:09:19 #2 type] 
Type domain.User is not enhanced.

[2025-04-24 14:09:19 #3 type] 
Type domain.Ride is not enhanced.

[2025-04-24 14:09:19 #4 type] 
Type domain.Driver is not enhanced.

[2025-04-24 14:09:19 #5 type] 
Type domain.Traveler is not enhanced.

[2025-04-24 14:09:19 #6 type] 
Type domain.Reserva is not enhanced.

[2025-04-24 14:09:19 #7 type] 
Type domain.Rating is not enhanced.

------------------------------------------------------------------------------------------------------------------------

[2025-04-24 14:13:34 #1 store] 
Database 'C:\Users\Leire\git\repository\Rides24\src\main\resources\rides.temp' is opened by 14376@LAPTOP-SJ70P6B5

[2025-04-24 14:13:35 #2 type] 
Type domain.User is not enhanced.

[2025-04-24 14:13:35 #3 type] 
Type domain.Ride is not enhanced.

[2025-04-24 14:13:35 #4 type] 
Type domain.Driver is not enhanced.

[2025-04-24 14:13:35 #5 type] 
Type domain.Traveler is not enhanced.

[2025-04-24 14:13:35 #6 type] 
Type domain.Reserva is not enhanced.

[2025-04-24 14:13:35 #7 type] 
Type domain.Rating is not enhanced.

------------------------------------------------------------------------------------------------------------------------

[2025-04-24 14:24:15 #1 store] 
Database 'C:\Users\Leire\git\repository\Rides24\src\main\resources\rides.temp' is opened by 12720@LAPTOP-SJ70P6B5

[2025-04-24 14:24:15 #2 type] 
Type domain.User is not enhanced.

[2025-04-24 14:24:15 #3 type] 
Type domain.Ride is not enhanced.

[2025-04-24 14:24:15 #4 type] 
Type domain.Driver is not enhanced.

[2025-04-24 14:24:15 #5 type] 
Type domain.Traveler is not enhanced.

[2025-04-24 14:24:15 #6 type] 
Type domain.Reserva is not enhanced.

[2025-04-24 14:24:15 #7 type] 
Type domain.Rating is not enhanced.

------------------------------------------------------------------------------------------------------------------------

[2025-04-24 16:12:09 #1 store] 
Database 'C:\Users\Leire\git\repository\Rides24\src\main\resources\rides.temp' is opened by 15592@LAPTOP-SJ70P6B5

[2025-04-24 16:12:10 #2 type] 
Type domain.User is not enhanced.

[2025-04-24 16:12:10 #3 type] 
Type domain.Ride is not enhanced.

[2025-04-24 16:12:10 #4 type] 
Type domain.Driver is not enhanced.

[2025-04-24 16:12:10 #5 type] 
Type domain.Traveler is not enhanced.

[2025-04-24 16:12:10 #6 type] 
Type domain.Reserva is not enhanced.

[2025-04-24 16:12:10 #7 type] 
Type domain.Rating is not enhanced.

------------------------------------------------------------------------------------------------------------------------

[2025-04-24 16:36:20 #1 store] 
Database 'C:\Users\Leire\git\repository\Rides24\src\main\resources\rides.temp' has been recovered (tr. 243-244)

[2025-04-24 16:36:20 #2 store] 
Database 'C:\Users\Leire\git\repository\Rides24\src\main\resources\rides.temp' is opened by 10872@LAPTOP-SJ70P6B5

[2025-04-24 16:36:20 #3 type] 
Type domain.User is not enhanced.

[2025-04-24 16:36:20 #4 type] 
Type domain.Ride is not enhanced.

[2025-04-24 16:36:20 #5 type] 
Type domain.Driver is not enhanced.

[2025-04-24 16:36:20 #6 type] 
Type domain.Traveler is not enhanced.

[2025-04-24 16:36:20 #7 type] 
Type domain.Reserva is not enhanced.

[2025-04-24 16:36:20 #8 type] 
Type domain.Rating is not enhanced.

------------------------------------------------------------------------------------------------------------------------

[2025-04-24 16:41:40 #1 store] 
Database 'C:\Users\Leire\git\repository\Rides24\src\main\resources\rides.temp' is opened by 19084@LAPTOP-SJ70P6B5

[2025-04-24 16:41:40 #2 type] 
Type domain.User is not enhanced.

[2025-04-24 16:41:40 #3 type] 
Type domain.Ride is not enhanced.

[2025-04-24 16:41:40 #4 type] 
Type domain.Driver is not enhanced.

[2025-04-24 16:41:40 #5 type] 
Type domain.Traveler is not enhanced.

[2025-04-24 16:41:40 #6 type] 
Type domain.Reserva is not enhanced.

[2025-04-24 16:41:40 #7 type] 
Type domain.Rating is not enhanced.

------------------------------------------------------------------------------------------------------------------------

[2025-04-24 16:44:18 #1 store] 
Database 'C:\Users\Leire\git\repository\Rides24\src\main\resources\rides.temp' has been recovered (tr. 245-247)

[2025-04-24 16:44:18 #2 store] 
Database 'C:\Users\Leire\git\repository\Rides24\src\main\resources\rides.temp' is opened by 19560@LAPTOP-SJ70P6B5

[2025-04-24 16:44:18 #3 type] 
Type domain.User is not enhanced.

[2025-04-24 16:44:18 #4 type] 
Type domain.Ride is not enhanced.

[2025-04-24 16:44:18 #5 type] 
Type domain.Driver is not enhanced.

[2025-04-24 16:44:18 #6 type] 
Type domain.Traveler is not enhanced.

[2025-04-24 16:44:18 #7 type] 
Type domain.Reserva is not enhanced.

[2025-04-24 16:44:18 #8 type] 
Type domain.Rating is not enhanced.

------------------------------------------------------------------------------------------------------------------------

[2025-04-24 16:49:26 #1 store] 
Database 'C:\Users\Leire\git\repository\Rides24\src\main\resources\rides.temp' has been recovered (tr. 248-250)

[2025-04-24 16:49:26 #2 store] 
Database 'C:\Users\Leire\git\repository\Rides24\src\main\resources\rides.temp' is opened by 8884@LAPTOP-SJ70P6B5

[2025-04-24 16:49:26 #3 type] 
Type domain.User is not enhanced.

[2025-04-24 16:49:26 #4 type] 
Type domain.Ride is not enhanced.

[2025-04-24 16:49:26 #5 type] 
Type domain.Driver is not enhanced.

[2025-04-24 16:49:26 #6 type] 
Type domain.Traveler is not enhanced.

[2025-04-24 16:49:26 #7 type] 
Type domain.Reserva is not enhanced.

[2025-04-24 16:49:26 #8 type] 
Type domain.Rating is not enhanced.

------------------------------------------------------------------------------------------------------------------------

[2025-04-24 16:51:06 #1 store] 
Database 'C:\Users\Leire\git\repository\Rides24\src\main\resources\rides.temp' is opened by 20832@LAPTOP-SJ70P6B5

[2025-04-24 16:51:06 #2 type] 
Type domain.User is not enhanced.

[2025-04-24 16:51:06 #3 type] 
Type domain.Ride is not enhanced.

[2025-04-24 16:51:06 #4 type] 
Type domain.Driver is not enhanced.

[2025-04-24 16:51:06 #5 type] 
Type domain.Traveler is not enhanced.

[2025-04-24 16:51:06 #6 type] 
Type domain.Reserva is not enhanced.

[2025-04-24 16:51:06 #7 type] 
Type domain.Rating is not enhanced.

------------------------------------------------------------------------------------------------------------------------

[2025-04-24 16:53:03 #1 store] 
Database 'C:\Users\Leire\git\repository\Rides24\src\main\resources\rides.temp' has been recovered (tr. 251-253)

[2025-04-24 16:53:03 #2 store] 
Database 'C:\Users\Leire\git\repository\Rides24\src\main\resources\rides.temp' is opened by 10508@LAPTOP-SJ70P6B5

[2025-04-24 16:53:04 #3 type] 
Type domain.User is not enhanced.

[2025-04-24 16:53:04 #4 type] 
Type domain.Ride is not enhanced.

[2025-04-24 16:53:04 #5 type] 
Type domain.Driver is not enhanced.

[2025-04-24 16:53:04 #6 type] 
Type domain.Traveler is not enhanced.

[2025-04-24 16:53:04 #7 type] 
Type domain.Reserva is not enhanced.

[2025-04-24 16:53:04 #8 type] 
Type domain.Rating is not enhanced.

------------------------------------------------------------------------------------------------------------------------

[2025-04-24 16:54:04 #1 store] 
Database 'C:\Users\Leire\git\repository\Rides24\src\main\resources\rides.temp' is opened by 17684@LAPTOP-SJ70P6B5

[2025-04-24 16:54:04 #2 type] 
Type domain.User is not enhanced.

[2025-04-24 16:54:04 #3 type] 
Type domain.Ride is not enhanced.

[2025-04-24 16:54:04 #4 type] 
Type domain.Driver is not enhanced.

[2025-04-24 16:54:04 #5 type] 
Type domain.Traveler is not enhanced.

[2025-04-24 16:54:04 #6 type] 
Type domain.Reserva is not enhanced.

[2025-04-24 16:54:04 #7 type] 
Type domain.Rating is not enhanced.

------------------------------------------------------------------------------------------------------------------------

[2025-04-24 16:57:11 #1 store] 
Database 'C:\Users\Leire\git\repository\Rides24\src\main\resources\rides.temp' has been recovered (tr. 254-255)

[2025-04-24 16:57:11 #2 store] 
Database 'C:\Users\Leire\git\repository\Rides24\src\main\resources\rides.temp' is opened by 1876@LAPTOP-SJ70P6B5

[2025-04-24 16:57:11 #3 type] 
Type domain.User is not enhanced.

[2025-04-24 16:57:11 #4 type] 
Type domain.Ride is not enhanced.

[2025-04-24 16:57:11 #5 type] 
Type domain.Driver is not enhanced.

[2025-04-24 16:57:11 #6 type] 
Type domain.Traveler is not enhanced.

[2025-04-24 16:57:11 #7 type] 
Type domain.Reserva is not enhanced.

[2025-04-24 16:57:11 #8 type] 
Type domain.Rating is not enhanced.

------------------------------------------------------------------------------------------------------------------------

[2025-04-24 17:12:36 #1 store] 
Database 'C:\Users\Leire\git\repository\Rides24\src\main\resources\rides.temp' has been recovered (tr. 256-258)

[2025-04-24 17:12:36 #2 store] 
Database 'C:\Users\Leire\git\repository\Rides24\src\main\resources\rides.temp' is opened by 17236@LAPTOP-SJ70P6B5

[2025-04-24 17:12:36 #3 type] 
Type domain.User is not enhanced.

[2025-04-24 17:12:36 #4 type] 
Type domain.Ride is not enhanced.

[2025-04-24 17:12:36 #5 type] 
Type domain.Driver is not enhanced.

[2025-04-24 17:12:36 #6 type] 
Type domain.Traveler is not enhanced.

[2025-04-24 17:12:36 #7 type] 
Type domain.Reserva is not enhanced.

[2025-04-24 17:12:36 #8 type] 
Type domain.Rating is not enhanced.

------------------------------------------------------------------------------------------------------------------------

[2025-04-24 17:16:05 #1 store] 
Database 'C:\Users\Leire\git\repository\Rides24\src\main\resources\rides.temp' has been recovered (tr. 259-260)

[2025-04-24 17:16:05 #2 store] 
Database 'C:\Users\Leire\git\repository\Rides24\src\main\resources\rides.temp' is opened by 10384@LAPTOP-SJ70P6B5

[2025-04-24 17:16:05 #3 type] 
Type domain.User is not enhanced.

[2025-04-24 17:16:05 #4 type] 
Type domain.Ride is not enhanced.

[2025-04-24 17:16:05 #5 type] 
Type domain.Driver is not enhanced.

[2025-04-24 17:16:05 #6 type] 
Type domain.Traveler is not enhanced.

[2025-04-24 17:16:05 #7 type] 
Type domain.Reserva is not enhanced.

[2025-04-24 17:16:05 #8 type] 
Type domain.Rating is not enhanced.

------------------------------------------------------------------------------------------------------------------------

[2025-04-24 17:26:21 #1 store] 
Database 'C:\Users\Leire\git\repository\Rides24\src\main\resources\rides.temp' has been recovered (tr. 261-262)

[2025-04-24 17:26:21 #2 store] 
Database 'C:\Users\Leire\git\repository\Rides24\src\main\resources\rides.temp' is opened by 12512@LAPTOP-SJ70P6B5

[2025-04-24 17:26:22 #3 type] 
Type domain.User is not enhanced.

[2025-04-24 17:26:22 #4 type] 
Type domain.Ride is not enhanced.

[2025-04-24 17:26:22 #5 type] 
Type domain.Driver is not enhanced.

[2025-04-24 17:26:22 #6 type] 
Type domain.Traveler is not enhanced.

[2025-04-24 17:26:22 #7 type] 
Type domain.Reserva is not enhanced.

[2025-04-24 17:26:22 #8 type] 
Type domain.Rating is not enhanced.

