------------------------------------------------------------------------------------------------------------------------

[2025-05-04 12:57:04 #1 store] 
Database 'C:\Users\Leire\OneDrive - UPV EHU\Escritorio\SEGUNDO\2ºCUATRI\IS\Rides24\src\main\resources\rides.temp' has been recovered (tr. 287-290)

[2025-05-04 12:57:04 #2 store] 
Database 'C:\Users\Leire\OneDrive - UPV EHU\Escritorio\SEGUNDO\2ºCUATRI\IS\Rides24\src\main\resources\rides.temp' is opened by 12648@LAPTOP-SJ70P6B5

[2025-05-04 12:57:04 #3 type] 
Type domain.User is not enhanced.

[2025-05-04 12:57:04 #4 type] 
Type domain.Ride is not enhanced.

[2025-05-04 12:57:04 #5 type] 
Type domain.Driver is not enhanced.

[2025-05-04 12:57:04 #6 type] 
Type domain.Traveler is not enhanced.

[2025-05-04 12:57:04 #7 type] 
Type domain.Reserva is not enhanced.

[2025-05-04 12:57:04 #8 type] 
Type domain.Rating is not enhanced.

------------------------------------------------------------------------------------------------------------------------

[2025-05-04 13:11:56 #1 store] 
Database 'C:\Users\Leire\OneDrive - UPV EHU\Escritorio\SEGUNDO\2ºCUATRI\IS\Rides24\src\main\resources\rides.temp' is opened by 4976@LAPTOP-SJ70P6B5

[2025-05-04 13:11:56 #2 type] 
Type domain.User is not enhanced.

[2025-05-04 13:11:56 #3 type] 
Type domain.Ride is not enhanced.

[2025-05-04 13:11:56 #4 type] 
Type domain.Driver is not enhanced.

[2025-05-04 13:11:56 #5 type] 
Type domain.Traveler is not enhanced.

[2025-05-04 13:11:56 #6 type] 
Type domain.Reserva is not enhanced.

[2025-05-04 13:11:56 #7 type] 
Type domain.Rating is not enhanced.

------------------------------------------------------------------------------------------------------------------------

[2025-05-04 13:26:29 #1 store] 
Database 'C:\Users\Leire\OneDrive - UPV EHU\Escritorio\SEGUNDO\2ºCUATRI\IS\Rides24\src\main\resources\rides.temp' is opened by 11584@LAPTOP-SJ70P6B5

[2025-05-04 13:26:29 #2 type] 
Type domain.User is not enhanced.

[2025-05-04 13:26:29 #3 type] 
Type domain.Ride is not enhanced.

[2025-05-04 13:26:29 #4 type] 
Type domain.Driver is not enhanced.

[2025-05-04 13:26:29 #5 type] 
Type domain.Traveler is not enhanced.

[2025-05-04 13:26:29 #6 type] 
Type domain.Reserva is not enhanced.

[2025-05-04 13:26:29 #7 type] 
Type domain.Rating is not enhanced.

------------------------------------------------------------------------------------------------------------------------

[2025-05-04 13:27:51 #1 store] 
Database 'C:\Users\Leire\OneDrive - UPV EHU\Escritorio\SEGUNDO\2ºCUATRI\IS\Rides24\src\main\resources\rides.temp' is opened by 6468@LAPTOP-SJ70P6B5

[2025-05-04 13:27:51 #2 type] 
Type domain.User is not enhanced.

[2025-05-04 13:27:51 #3 type] 
Type domain.Ride is not enhanced.

[2025-05-04 13:27:51 #4 type] 
Type domain.Driver is not enhanced.

[2025-05-04 13:27:51 #5 type] 
Type domain.Traveler is not enhanced.

[2025-05-04 13:27:51 #6 type] 
Type domain.Reserva is not enhanced.

[2025-05-04 13:27:51 #7 type] 
Type domain.Rating is not enhanced.

------------------------------------------------------------------------------------------------------------------------

[2025-05-04 13:29:52 #1 store] 
Database 'C:\Users\Leire\OneDrive - UPV EHU\Escritorio\SEGUNDO\2ºCUATRI\IS\Rides24\src\main\resources\rides.temp' is opened by 16988@LAPTOP-SJ70P6B5

[2025-05-04 13:29:52 #2 type] 
Type domain.User is not enhanced.

[2025-05-04 13:29:52 #3 type] 
Type domain.Ride is not enhanced.

[2025-05-04 13:29:52 #4 type] 
Type domain.Driver is not enhanced.

[2025-05-04 13:29:52 #5 type] 
Type domain.Traveler is not enhanced.

[2025-05-04 13:29:52 #6 type] 
Type domain.Reserva is not enhanced.

[2025-05-04 13:29:52 #7 type] 
Type domain.Rating is not enhanced.

------------------------------------------------------------------------------------------------------------------------

[2025-05-04 13:30:46 #1 store] 
Database 'C:\Users\Leire\OneDrive - UPV EHU\Escritorio\SEGUNDO\2ºCUATRI\IS\Rides24\src\main\resources\rides.temp' is opened by 17976@LAPTOP-SJ70P6B5

[2025-05-04 13:30:46 #2 type] 
Type domain.User is not enhanced.

[2025-05-04 13:30:46 #3 type] 
Type domain.Ride is not enhanced.

[2025-05-04 13:30:46 #4 type] 
Type domain.Driver is not enhanced.

[2025-05-04 13:30:46 #5 type] 
Type domain.Traveler is not enhanced.

[2025-05-04 13:30:46 #6 type] 
Type domain.Reserva is not enhanced.

[2025-05-04 13:30:46 #7 type] 
Type domain.Rating is not enhanced.

------------------------------------------------------------------------------------------------------------------------

[2025-05-04 13:31:37 #1 store] 
Database 'C:\Users\Leire\OneDrive - UPV EHU\Escritorio\SEGUNDO\2ºCUATRI\IS\Rides24\src\main\resources\rides.temp' is opened by 6604@LAPTOP-SJ70P6B5

[2025-05-04 13:31:37 #2 type] 
Type domain.User is not enhanced.

[2025-05-04 13:31:37 #3 type] 
Type domain.Ride is not enhanced.

[2025-05-04 13:31:37 #4 type] 
Type domain.Driver is not enhanced.

[2025-05-04 13:31:37 #5 type] 
Type domain.Traveler is not enhanced.

[2025-05-04 13:31:37 #6 type] 
Type domain.Reserva is not enhanced.

[2025-05-04 13:31:37 #7 type] 
Type domain.Rating is not enhanced.

------------------------------------------------------------------------------------------------------------------------

[2025-05-04 13:33:06 #1 store] 
Database 'C:\Users\Leire\OneDrive - UPV EHU\Escritorio\SEGUNDO\2ºCUATRI\IS\Rides24\src\main\resources\rides.temp' is opened by 18948@LAPTOP-SJ70P6B5

[2025-05-04 13:33:06 #2 type] 
Type domain.User is not enhanced.

[2025-05-04 13:33:06 #3 type] 
Type domain.Ride is not enhanced.

[2025-05-04 13:33:06 #4 type] 
Type domain.Driver is not enhanced.

[2025-05-04 13:33:06 #5 type] 
Type domain.Traveler is not enhanced.

[2025-05-04 13:33:06 #6 type] 
Type domain.Reserva is not enhanced.

[2025-05-04 13:33:06 #7 type] 
Type domain.Rating is not enhanced.

------------------------------------------------------------------------------------------------------------------------

[2025-05-04 13:34:26 #1 store] 
Database 'C:\Users\Leire\OneDrive - UPV EHU\Escritorio\SEGUNDO\2ºCUATRI\IS\Rides24\src\main\resources\rides.temp' is opened by 15700@LAPTOP-SJ70P6B5

[2025-05-04 13:34:26 #2 type] 
Type domain.User is not enhanced.

[2025-05-04 13:34:26 #3 type] 
Type domain.Ride is not enhanced.

[2025-05-04 13:34:26 #4 type] 
Type domain.Driver is not enhanced.

[2025-05-04 13:34:26 #5 type] 
Type domain.Traveler is not enhanced.

[2025-05-04 13:34:26 #6 type] 
Type domain.Reserva is not enhanced.

[2025-05-04 13:34:26 #7 type] 
Type domain.Rating is not enhanced.

------------------------------------------------------------------------------------------------------------------------

[2025-05-04 13:37:47 #1 store] 
Database 'C:\Users\Leire\OneDrive - UPV EHU\Escritorio\SEGUNDO\2ºCUATRI\IS\Rides24\src\main\resources\rides.temp' is opened by 16648@LAPTOP-SJ70P6B5

[2025-05-04 13:37:47 #2 type] 
Type domain.User is not enhanced.

[2025-05-04 13:37:47 #3 type] 
Type domain.Ride is not enhanced.

[2025-05-04 13:37:47 #4 type] 
Type domain.Driver is not enhanced.

[2025-05-04 13:37:47 #5 type] 
Type domain.Traveler is not enhanced.

[2025-05-04 13:37:47 #6 type] 
Type domain.Reserva is not enhanced.

[2025-05-04 13:37:47 #7 type] 
Type domain.Rating is not enhanced.

------------------------------------------------------------------------------------------------------------------------

[2025-05-04 13:38:44 #1 store] 
Database 'C:\Users\Leire\OneDrive - UPV EHU\Escritorio\SEGUNDO\2ºCUATRI\IS\Rides24\src\main\resources\rides.temp' is opened by 13044@LAPTOP-SJ70P6B5

[2025-05-04 13:38:44 #2 type] 
Type domain.User is not enhanced.

[2025-05-04 13:38:44 #3 type] 
Type domain.Ride is not enhanced.

[2025-05-04 13:38:44 #4 type] 
Type domain.Driver is not enhanced.

[2025-05-04 13:38:44 #5 type] 
Type domain.Traveler is not enhanced.

[2025-05-04 13:38:44 #6 type] 
Type domain.Reserva is not enhanced.

[2025-05-04 13:38:44 #7 type] 
Type domain.Rating is not enhanced.

------------------------------------------------------------------------------------------------------------------------

[2025-05-04 13:41:36 #1 store] 
Database 'C:\Users\Leire\OneDrive - UPV EHU\Escritorio\SEGUNDO\2ºCUATRI\IS\Rides24\src\main\resources\rides.temp' is opened by 2068@LAPTOP-SJ70P6B5

[2025-05-04 13:41:37 #2 type] 
Type domain.User is not enhanced.

[2025-05-04 13:41:37 #3 type] 
Type domain.Ride is not enhanced.

[2025-05-04 13:41:37 #4 type] 
Type domain.Driver is not enhanced.

[2025-05-04 13:41:37 #5 type] 
Type domain.Traveler is not enhanced.

[2025-05-04 13:41:37 #6 type] 
Type domain.Reserva is not enhanced.

[2025-05-04 13:41:37 #7 type] 
Type domain.Rating is not enhanced.

------------------------------------------------------------------------------------------------------------------------

[2025-05-04 13:43:00 #1 store] 
Database 'C:\Users\Leire\OneDrive - UPV EHU\Escritorio\SEGUNDO\2ºCUATRI\IS\Rides24\src\main\resources\rides.temp' is opened by 18824@LAPTOP-SJ70P6B5

[2025-05-04 13:43:00 #2 type] 
Type domain.User is not enhanced.

[2025-05-04 13:43:00 #3 type] 
Type domain.Ride is not enhanced.

[2025-05-04 13:43:00 #4 type] 
Type domain.Driver is not enhanced.

[2025-05-04 13:43:00 #5 type] 
Type domain.Traveler is not enhanced.

[2025-05-04 13:43:00 #6 type] 
Type domain.Reserva is not enhanced.

[2025-05-04 13:43:00 #7 type] 
Type domain.Rating is not enhanced.

------------------------------------------------------------------------------------------------------------------------

[2025-05-04 13:44:17 #1 store] 
Database 'C:\Users\Leire\OneDrive - UPV EHU\Escritorio\SEGUNDO\2ºCUATRI\IS\Rides24\src\main\resources\rides.temp' is opened by 3248@LAPTOP-SJ70P6B5

[2025-05-04 13:44:17 #2 type] 
Type domain.User is not enhanced.

[2025-05-04 13:44:17 #3 type] 
Type domain.Ride is not enhanced.

[2025-05-04 13:44:17 #4 type] 
Type domain.Driver is not enhanced.

[2025-05-04 13:44:17 #5 type] 
Type domain.Traveler is not enhanced.

[2025-05-04 13:44:17 #6 type] 
Type domain.Reserva is not enhanced.

[2025-05-04 13:44:17 #7 type] 
Type domain.Rating is not enhanced.

------------------------------------------------------------------------------------------------------------------------

[2025-05-04 13:51:24 #1 store] 
Database 'C:\Users\Leire\OneDrive - UPV EHU\Escritorio\SEGUNDO\2ºCUATRI\IS\Rides24\src\main\resources\rides.temp' has been recovered (tr. 298-300)

[2025-05-04 13:51:24 #2 store] 
Database 'C:\Users\Leire\OneDrive - UPV EHU\Escritorio\SEGUNDO\2ºCUATRI\IS\Rides24\src\main\resources\rides.temp' is opened by 1820@LAPTOP-SJ70P6B5

[2025-05-04 13:51:24 #3 type] 
Type domain.User is not enhanced.

[2025-05-04 13:51:24 #4 type] 
Type domain.Ride is not enhanced.

[2025-05-04 13:51:24 #5 type] 
Type domain.Driver is not enhanced.

[2025-05-04 13:51:24 #6 type] 
Type domain.Traveler is not enhanced.

[2025-05-04 13:51:24 #7 type] 
Type domain.Reserva is not enhanced.

[2025-05-04 13:51:24 #8 type] 
Type domain.Rating is not enhanced.

------------------------------------------------------------------------------------------------------------------------

[2025-05-04 13:53:48 #1 store] 
Database 'C:\Users\Leire\OneDrive - UPV EHU\Escritorio\SEGUNDO\2ºCUATRI\IS\Rides24\src\main\resources\rides.temp' is opened by 19344@LAPTOP-SJ70P6B5

[2025-05-04 13:53:48 #2 type] 
Type domain.User is not enhanced.

[2025-05-04 13:53:48 #3 type] 
Type domain.Ride is not enhanced.

[2025-05-04 13:53:48 #4 type] 
Type domain.Driver is not enhanced.

[2025-05-04 13:53:48 #5 type] 
Type domain.Traveler is not enhanced.

[2025-05-04 13:53:48 #6 type] 
Type domain.Reserva is not enhanced.

[2025-05-04 13:53:48 #7 type] 
Type domain.Rating is not enhanced.

------------------------------------------------------------------------------------------------------------------------

[2025-05-04 13:57:20 #1 store] 
Database 'C:\Users\Leire\OneDrive - UPV EHU\Escritorio\SEGUNDO\2ºCUATRI\IS\Rides24\src\main\resources\rides.temp' is opened by 9700@LAPTOP-SJ70P6B5

[2025-05-04 13:57:20 #2 type] 
Type domain.User is not enhanced.

[2025-05-04 13:57:20 #3 type] 
Type domain.Ride is not enhanced.

[2025-05-04 13:57:20 #4 type] 
Type domain.Driver is not enhanced.

[2025-05-04 13:57:20 #5 type] 
Type domain.Traveler is not enhanced.

[2025-05-04 13:57:20 #6 type] 
Type domain.Reserva is not enhanced.

[2025-05-04 13:57:20 #7 type] 
Type domain.Rating is not enhanced.

------------------------------------------------------------------------------------------------------------------------

[2025-05-04 13:57:59 #1 store] 
Database 'C:\Users\Leire\OneDrive - UPV EHU\Escritorio\SEGUNDO\2ºCUATRI\IS\Rides24\src\main\resources\rides.temp' is opened by 4120@LAPTOP-SJ70P6B5

[2025-05-04 13:57:59 #2 type] 
Type domain.User is not enhanced.

[2025-05-04 13:57:59 #3 type] 
Type domain.Ride is not enhanced.

[2025-05-04 13:57:59 #4 type] 
Type domain.Driver is not enhanced.

[2025-05-04 13:57:59 #5 type] 
Type domain.Traveler is not enhanced.

[2025-05-04 13:57:59 #6 type] 
Type domain.Reserva is not enhanced.

[2025-05-04 13:57:59 #7 type] 
Type domain.Rating is not enhanced.

------------------------------------------------------------------------------------------------------------------------

[2025-05-04 14:00:48 #1 store] 
Database 'C:\Users\Leire\OneDrive - UPV EHU\Escritorio\SEGUNDO\2ºCUATRI\IS\Rides24\src\main\resources\rides.temp' has been recovered (tr. 302-304)

[2025-05-04 14:00:48 #2 store] 
Database 'C:\Users\Leire\OneDrive - UPV EHU\Escritorio\SEGUNDO\2ºCUATRI\IS\Rides24\src\main\resources\rides.temp' is opened by 15264@LAPTOP-SJ70P6B5

[2025-05-04 14:00:48 #3 type] 
Type domain.User is not enhanced.

[2025-05-04 14:00:48 #4 type] 
Type domain.Ride is not enhanced.

[2025-05-04 14:00:48 #5 type] 
Type domain.Driver is not enhanced.

[2025-05-04 14:00:48 #6 type] 
Type domain.Traveler is not enhanced.

[2025-05-04 14:00:48 #7 type] 
Type domain.Reserva is not enhanced.

[2025-05-04 14:00:48 #8 type] 
Type domain.Rating is not enhanced.

------------------------------------------------------------------------------------------------------------------------

[2025-05-04 14:01:16 #1 store] 
Database 'C:\Users\Leire\OneDrive - UPV EHU\Escritorio\SEGUNDO\2ºCUATRI\IS\Rides24\src\main\resources\rides.temp' is opened by 5560@LAPTOP-SJ70P6B5

[2025-05-04 14:01:16 #2 type] 
Type domain.User is not enhanced.

[2025-05-04 14:01:16 #3 type] 
Type domain.Ride is not enhanced.

[2025-05-04 14:01:16 #4 type] 
Type domain.Driver is not enhanced.

[2025-05-04 14:01:16 #5 type] 
Type domain.Traveler is not enhanced.

[2025-05-04 14:01:16 #6 type] 
Type domain.Reserva is not enhanced.

[2025-05-04 14:01:16 #7 type] 
Type domain.Rating is not enhanced.

------------------------------------------------------------------------------------------------------------------------

[2025-05-04 14:01:43 #1 store] 
Database 'C:\Users\Leire\OneDrive - UPV EHU\Escritorio\SEGUNDO\2ºCUATRI\IS\Rides24\src\main\resources\rides.temp' is opened by 15944@LAPTOP-SJ70P6B5

[2025-05-04 14:01:43 #2 type] 
Type domain.User is not enhanced.

[2025-05-04 14:01:43 #3 type] 
Type domain.Ride is not enhanced.

[2025-05-04 14:01:43 #4 type] 
Type domain.Driver is not enhanced.

[2025-05-04 14:01:43 #5 type] 
Type domain.Traveler is not enhanced.

[2025-05-04 14:01:43 #6 type] 
Type domain.Reserva is not enhanced.

[2025-05-04 14:01:43 #7 type] 
Type domain.Rating is not enhanced.

------------------------------------------------------------------------------------------------------------------------

[2025-05-04 14:02:36 #1 store] 
Database 'C:\Users\Leire\OneDrive - UPV EHU\Escritorio\SEGUNDO\2ºCUATRI\IS\Rides24\src\main\resources\rides.temp' has been recovered (tr. 305-305)

[2025-05-04 14:02:36 #2 store] 
Database 'C:\Users\Leire\OneDrive - UPV EHU\Escritorio\SEGUNDO\2ºCUATRI\IS\Rides24\src\main\resources\rides.temp' is opened by 7924@LAPTOP-SJ70P6B5

[2025-05-04 14:02:36 #3 type] 
Type domain.User is not enhanced.

[2025-05-04 14:02:36 #4 type] 
Type domain.Ride is not enhanced.

[2025-05-04 14:02:36 #5 type] 
Type domain.Driver is not enhanced.

[2025-05-04 14:02:36 #6 type] 
Type domain.Traveler is not enhanced.

[2025-05-04 14:02:36 #7 type] 
Type domain.Reserva is not enhanced.

[2025-05-04 14:02:36 #8 type] 
Type domain.Rating is not enhanced.

