------------------------------------------------------------------------------------------------------------------------

[2025-03-27 12:12:12 #1 store] 
Database 'C:\Users\Leire\Downloads\Rides-master\Rides24\src\main\resources\rides.temp' has been recovered (tr. 78-82)

[2025-03-27 12:12:12 #2 store] 
Database 'C:\Users\Leire\Downloads\Rides-master\Rides24\src\main\resources\rides.temp' is opened by 12516@LAPTOP-SJ70P6B5

[2025-03-27 12:12:13 #3 type] 
Type domain.User is not enhanced.

[2025-03-27 12:12:13 #4 type] 
Type domain.Ride is not enhanced.

[2025-03-27 12:12:13 #5 type] 
Type domain.Driver is not enhanced.

[2025-03-27 12:12:13 #6 type] 
Type domain.Traveler is not enhanced.

[2025-03-27 12:12:13 #7 type] 
Type domain.Reserva is not enhanced.

[2025-03-27 12:12:13 #8 type] 
Type domain.Rating is not enhanced.

------------------------------------------------------------------------------------------------------------------------

[2025-03-27 12:40:58 #1 store] 
Database 'C:\Users\Leire\Downloads\Rides-master\Rides24\src\main\resources\rides.temp' is opened by 15808@LAPTOP-SJ70P6B5

[2025-03-27 12:40:58 #2 type] 
Type domain.User is not enhanced.

[2025-03-27 12:40:58 #3 type] 
Type domain.Ride is not enhanced.

[2025-03-27 12:40:58 #4 type] 
Type domain.Driver is not enhanced.

[2025-03-27 12:40:58 #5 type] 
Type domain.Traveler is not enhanced.

[2025-03-27 12:40:58 #6 type] 
Type domain.Reserva is not enhanced.

[2025-03-27 12:40:58 #7 type] 
Type domain.Rating is not enhanced.

------------------------------------------------------------------------------------------------------------------------

[2025-03-27 12:47:03 #1 store] 
Database 'C:\Users\Leire\Downloads\Rides-master\Rides24\src\main\resources\rides.temp' is opened by 6972@LAPTOP-SJ70P6B5

[2025-03-27 12:47:03 #2 type] 
Type domain.User is not enhanced.

[2025-03-27 12:47:03 #3 type] 
Type domain.Ride is not enhanced.

[2025-03-27 12:47:03 #4 type] 
Type domain.Driver is not enhanced.

[2025-03-27 12:47:03 #5 type] 
Type domain.Traveler is not enhanced.

[2025-03-27 12:47:03 #6 type] 
Type domain.Reserva is not enhanced.

[2025-03-27 12:47:03 #7 type] 
Type domain.Rating is not enhanced.

------------------------------------------------------------------------------------------------------------------------

[2025-03-27 12:49:30 #1 store] 
Database 'C:\Users\Leire\Downloads\Rides-master\Rides24\src\main\resources\rides.temp' is opened by 8924@LAPTOP-SJ70P6B5

[2025-03-27 12:49:30 #2 type] 
Type domain.User is not enhanced.

[2025-03-27 12:49:30 #3 type] 
Type domain.Ride is not enhanced.

[2025-03-27 12:49:30 #4 type] 
Type domain.Driver is not enhanced.

[2025-03-27 12:49:30 #5 type] 
Type domain.Traveler is not enhanced.

[2025-03-27 12:49:30 #6 type] 
Type domain.Reserva is not enhanced.

[2025-03-27 12:49:30 #7 type] 
Type domain.Rating is not enhanced.

------------------------------------------------------------------------------------------------------------------------

[2025-03-27 12:50:47 #1 store] 
Database 'C:\Users\Leire\Downloads\Rides-master\Rides24\src\main\resources\rides.temp' is opened by 17212@LAPTOP-SJ70P6B5

[2025-03-27 12:50:47 #2 type] 
Type domain.User is not enhanced.

[2025-03-27 12:50:48 #3 type] 
Type domain.Ride is not enhanced.

[2025-03-27 12:50:48 #4 type] 
Type domain.Driver is not enhanced.

[2025-03-27 12:50:48 #5 type] 
Type domain.Traveler is not enhanced.

[2025-03-27 12:50:48 #6 type] 
Type domain.Reserva is not enhanced.

[2025-03-27 12:50:48 #7 type] 
Type domain.Rating is not enhanced.

------------------------------------------------------------------------------------------------------------------------

[2025-03-27 12:58:36 #1 store] 
Database 'C:\Users\Leire\Downloads\Rides-master\Rides24\src\main\resources\rides.temp' is opened by 6392@LAPTOP-SJ70P6B5

[2025-03-27 12:58:36 #2 type] 
Type domain.User is not enhanced.

[2025-03-27 12:58:36 #3 type] 
Type domain.Ride is not enhanced.

[2025-03-27 12:58:36 #4 type] 
Type domain.Driver is not enhanced.

[2025-03-27 12:58:36 #5 type] 
Type domain.Traveler is not enhanced.

[2025-03-27 12:58:36 #6 type] 
Type domain.Reserva is not enhanced.

[2025-03-27 12:58:36 #7 type] 
Type domain.Rating is not enhanced.

------------------------------------------------------------------------------------------------------------------------

[2025-03-27 15:44:52 #1 store] 
Database 'C:\Users\Leire\Downloads\Rides-master\Rides24\src\main\resources\rides.temp' has been recovered (tr. 86-87)

[2025-03-27 15:44:52 #2 store] 
Database 'C:\Users\Leire\Downloads\Rides-master\Rides24\src\main\resources\rides.temp' is opened by 11660@LAPTOP-SJ70P6B5

[2025-03-27 15:44:52 #3 type] 
Type domain.User is not enhanced.

[2025-03-27 15:44:52 #4 type] 
Type domain.Ride is not enhanced.

[2025-03-27 15:44:52 #5 type] 
Type domain.Driver is not enhanced.

[2025-03-27 15:44:52 #6 type] 
Type domain.Traveler is not enhanced.

[2025-03-27 15:44:52 #7 type] 
Type domain.Reserva is not enhanced.

[2025-03-27 15:44:52 #8 type] 
Type domain.Rating is not enhanced.

------------------------------------------------------------------------------------------------------------------------

[2025-03-27 15:46:59 #1 store] 
Database 'C:\Users\Leire\Downloads\Rides-master\Rides24\src\main\resources\rides.temp' is opened by 16860@LAPTOP-SJ70P6B5

[2025-03-27 15:46:59 #2 type] 
Type domain.User is not enhanced.

[2025-03-27 15:46:59 #3 type] 
Type domain.Ride is not enhanced.

[2025-03-27 15:46:59 #4 type] 
Type domain.Driver is not enhanced.

[2025-03-27 15:46:59 #5 type] 
Type domain.Traveler is not enhanced.

[2025-03-27 15:46:59 #6 type] 
Type domain.Reserva is not enhanced.

[2025-03-27 15:46:59 #7 type] 
Type domain.Rating is not enhanced.

