------------------------------------------------------------------------------------------------------------------------

[2025-04-29 09:33:33 #1 store] 
Database 'C:\Users\Leire\git\repository\Rides24\src\main\resources\rides.temp' is opened by 19840@LAPTOP-SJ70P6B5

[2025-04-29 09:33:34 #2 type] 
Type domain.User is not enhanced.

[2025-04-29 09:33:34 #3 type] 
Type domain.Ride is not enhanced.

[2025-04-29 09:33:34 #4 type] 
Type domain.Driver is not enhanced.

[2025-04-29 09:33:34 #5 type] 
Type domain.Traveler is not enhanced.

[2025-04-29 09:33:34 #6 type] 
Type domain.Reserva is not enhanced.

[2025-04-29 09:33:34 #7 type] 
Type domain.Rating is not enhanced.

------------------------------------------------------------------------------------------------------------------------

[2025-04-29 09:38:39 #1 store] 
Database 'C:\Users\Leire\git\repository\Rides24\src\main\resources\rides.temp' is opened by 21452@LAPTOP-SJ70P6B5

[2025-04-29 09:38:39 #2 type] 
Type domain.User is not enhanced.

[2025-04-29 09:38:39 #3 type] 
Type domain.Ride is not enhanced.

[2025-04-29 09:38:39 #4 type] 
Type domain.Driver is not enhanced.

[2025-04-29 09:38:39 #5 type] 
Type domain.Traveler is not enhanced.

[2025-04-29 09:38:39 #6 type] 
Type domain.Reserva is not enhanced.

[2025-04-29 09:38:39 #7 type] 
Type domain.Rating is not enhanced.

------------------------------------------------------------------------------------------------------------------------

[2025-04-29 09:46:18 #1 store] 
Database 'C:\Users\Leire\git\repository\Rides24\src\main\resources\rides.temp' is opened by 13976@LAPTOP-SJ70P6B5

[2025-04-29 09:46:18 #2 type] 
Type domain.User is not enhanced.

[2025-04-29 09:46:18 #3 type] 
Type domain.Ride is not enhanced.

[2025-04-29 09:46:18 #4 type] 
Type domain.Driver is not enhanced.

[2025-04-29 09:46:18 #5 type] 
Type domain.Traveler is not enhanced.

[2025-04-29 09:46:18 #6 type] 
Type domain.Reserva is not enhanced.

[2025-04-29 09:46:18 #7 type] 
Type domain.Rating is not enhanced.

------------------------------------------------------------------------------------------------------------------------

[2025-04-29 09:49:35 #1 store] 
Database 'C:\Users\Leire\git\repository\Rides24\src\main\resources\rides.temp' is opened by 19316@LAPTOP-SJ70P6B5

[2025-04-29 09:49:36 #2 type] 
Type domain.User is not enhanced.

[2025-04-29 09:49:36 #3 type] 
Type domain.Ride is not enhanced.

[2025-04-29 09:49:36 #4 type] 
Type domain.Driver is not enhanced.

[2025-04-29 09:49:36 #5 type] 
Type domain.Traveler is not enhanced.

[2025-04-29 09:49:36 #6 type] 
Type domain.Reserva is not enhanced.

[2025-04-29 09:49:36 #7 type] 
Type domain.Rating is not enhanced.

------------------------------------------------------------------------------------------------------------------------

[2025-04-29 10:03:05 #1 store] 
Database 'C:\Users\Leire\git\repository\Rides24\src\main\resources\rides.temp' is opened by 17388@LAPTOP-SJ70P6B5

[2025-04-29 10:03:05 #2 type] 
Type domain.User is not enhanced.

[2025-04-29 10:03:05 #3 type] 
Type domain.Ride is not enhanced.

[2025-04-29 10:03:05 #4 type] 
Type domain.Driver is not enhanced.

[2025-04-29 10:03:05 #5 type] 
Type domain.Traveler is not enhanced.

[2025-04-29 10:03:05 #6 type] 
Type domain.Reserva is not enhanced.

[2025-04-29 10:03:05 #7 type] 
Type domain.Rating is not enhanced.

------------------------------------------------------------------------------------------------------------------------

[2025-04-29 10:03:38 #1 store] 
Database 'C:\Users\Leire\git\repository\Rides24\src\main\resources\rides.temp' is opened by 22200@LAPTOP-SJ70P6B5

[2025-04-29 10:03:38 #2 type] 
Type domain.User is not enhanced.

[2025-04-29 10:03:38 #3 type] 
Type domain.Ride is not enhanced.

[2025-04-29 10:03:38 #4 type] 
Type domain.Driver is not enhanced.

[2025-04-29 10:03:38 #5 type] 
Type domain.Traveler is not enhanced.

[2025-04-29 10:03:38 #6 type] 
Type domain.Reserva is not enhanced.

[2025-04-29 10:03:38 #7 type] 
Type domain.Rating is not enhanced.

------------------------------------------------------------------------------------------------------------------------

[2025-04-29 10:09:40 #1 store] 
Database 'C:\Users\Leire\git\repository\Rides24\src\main\resources\rides.temp' has been recovered (tr. 265-265)

[2025-04-29 10:09:40 #2 store] 
Database 'C:\Users\Leire\git\repository\Rides24\src\main\resources\rides.temp' is opened by 10660@LAPTOP-SJ70P6B5

[2025-04-29 10:09:40 #3 type] 
Type domain.User is not enhanced.

[2025-04-29 10:09:40 #4 type] 
Type domain.Ride is not enhanced.

[2025-04-29 10:09:40 #5 type] 
Type domain.Driver is not enhanced.

[2025-04-29 10:09:40 #6 type] 
Type domain.Traveler is not enhanced.

[2025-04-29 10:09:40 #7 type] 
Type domain.Reserva is not enhanced.

[2025-04-29 10:09:40 #8 type] 
Type domain.Rating is not enhanced.

------------------------------------------------------------------------------------------------------------------------

[2025-04-29 10:19:13 #1 store] 
Database 'C:\Users\Leire\git\repository\Rides24\src\main\resources\rides.temp' is opened by 5544@LAPTOP-SJ70P6B5

[2025-04-29 10:19:13 #2 type] 
Type domain.User is not enhanced.

[2025-04-29 10:19:13 #3 type] 
Type domain.Ride is not enhanced.

[2025-04-29 10:19:13 #4 type] 
Type domain.Driver is not enhanced.

[2025-04-29 10:19:13 #5 type] 
Type domain.Traveler is not enhanced.

[2025-04-29 10:19:13 #6 type] 
Type domain.Reserva is not enhanced.

[2025-04-29 10:19:13 #7 type] 
Type domain.Rating is not enhanced.

------------------------------------------------------------------------------------------------------------------------

[2025-04-29 12:46:12 #1 store] 
Database 'C:\Users\aroag\Desktop\IA\2\2_Cuatrimestre\Ingeniería del Software\Rides24\src\main\resources\rides.temp' has been recovered (tr. 267-269)

[2025-04-29 12:46:12 #2 store] 
Database 'C:\Users\aroag\Desktop\IA\2\2_Cuatrimestre\Ingeniería del Software\Rides24\src\main\resources\rides.temp' is opened by 3340@Aroa

[2025-04-29 12:46:12 #3 type] 
Type domain.User is not enhanced.

[2025-04-29 12:46:13 #4 type] 
Type domain.Ride is not enhanced.

[2025-04-29 12:46:13 #5 type] 
Type domain.Driver is not enhanced.

[2025-04-29 12:46:13 #6 type] 
Type domain.Traveler is not enhanced.

[2025-04-29 12:46:13 #7 type] 
Type domain.Reserva is not enhanced.

[2025-04-29 12:46:13 #8 type] 
Type domain.Rating is not enhanced.

------------------------------------------------------------------------------------------------------------------------

[2025-04-29 13:02:25 #1 store] 
Database 'C:\Users\aroag\Desktop\IA\2\2_Cuatrimestre\Ingeniería del Software\Rides24\src\main\resources\rides.temp' has been recovered (tr. 270-270)

[2025-04-29 13:02:26 #2 store] 
Database 'C:\Users\aroag\Desktop\IA\2\2_Cuatrimestre\Ingeniería del Software\Rides24\src\main\resources\rides.temp' is opened by 32404@Aroa

[2025-04-29 13:02:26 #3 type] 
Type domain.User is not enhanced.

[2025-04-29 13:02:26 #4 type] 
Type domain.Ride is not enhanced.

[2025-04-29 13:02:26 #5 type] 
Type domain.Driver is not enhanced.

[2025-04-29 13:02:26 #6 type] 
Type domain.Traveler is not enhanced.

[2025-04-29 13:02:26 #7 type] 
Type domain.Reserva is not enhanced.

[2025-04-29 13:02:26 #8 type] 
Type domain.Rating is not enhanced.

------------------------------------------------------------------------------------------------------------------------

[2025-04-29 13:04:16 #1 store] 
Database 'C:\Users\aroag\Desktop\IA\2\2_Cuatrimestre\Ingeniería del Software\Rides24\src\main\resources\rides.temp' has been recovered (tr. 271-272)

[2025-04-29 13:04:16 #2 store] 
Database 'C:\Users\aroag\Desktop\IA\2\2_Cuatrimestre\Ingeniería del Software\Rides24\src\main\resources\rides.temp' is opened by 8236@Aroa

[2025-04-29 13:04:16 #3 type] 
Type domain.User is not enhanced.

[2025-04-29 13:04:16 #4 type] 
Type domain.Ride is not enhanced.

[2025-04-29 13:04:16 #5 type] 
Type domain.Driver is not enhanced.

[2025-04-29 13:04:16 #6 type] 
Type domain.Traveler is not enhanced.

[2025-04-29 13:04:16 #7 type] 
Type domain.Reserva is not enhanced.

[2025-04-29 13:04:16 #8 type] 
Type domain.Rating is not enhanced.

