------------------------------------------------------------------------------------------------------------------------

[2025-04-28 16:23:15 #1 store] 
Database 'C:\Users\Leire\git\repository\Rides24\src\main\resources\rides.temp' is opened by 12360@LAPTOP-SJ70P6B5

[2025-04-28 16:23:16 #2 type] 
Type domain.User is not enhanced.

[2025-04-28 16:23:16 #3 type] 
Type domain.Ride is not enhanced.

[2025-04-28 16:23:16 #4 type] 
Type domain.Driver is not enhanced.

[2025-04-28 16:23:16 #5 type] 
Type domain.Traveler is not enhanced.

[2025-04-28 16:23:16 #6 type] 
Type domain.Reserva is not enhanced.

[2025-04-28 16:23:16 #7 type] 
Type domain.Rating is not enhanced.

------------------------------------------------------------------------------------------------------------------------

[2025-04-28 16:25:59 #1 store] 
Database 'C:\Users\Leire\git\repository\Rides24\src\main\resources\rides.temp' is opened by 19764@LAPTOP-SJ70P6B5

[2025-04-28 16:25:59 #2 type] 
Type domain.User is not enhanced.

[2025-04-28 16:25:59 #3 type] 
Type domain.Ride is not enhanced.

[2025-04-28 16:25:59 #4 type] 
Type domain.Driver is not enhanced.

[2025-04-28 16:25:59 #5 type] 
Type domain.Traveler is not enhanced.

[2025-04-28 16:25:59 #6 type] 
Type domain.Reserva is not enhanced.

[2025-04-28 16:25:59 #7 type] 
Type domain.Rating is not enhanced.

------------------------------------------------------------------------------------------------------------------------

[2025-04-28 16:34:04 #1 store] 
Database 'C:\Users\Leire\git\repository\Rides24\src\main\resources\rides.temp' is opened by 5380@LAPTOP-SJ70P6B5

[2025-04-28 16:34:05 #2 type] 
Type domain.User is not enhanced.

[2025-04-28 16:34:05 #3 type] 
Type domain.Ride is not enhanced.

[2025-04-28 16:34:05 #4 type] 
Type domain.Driver is not enhanced.

[2025-04-28 16:34:05 #5 type] 
Type domain.Traveler is not enhanced.

[2025-04-28 16:34:05 #6 type] 
Type domain.Reserva is not enhanced.

[2025-04-28 16:34:05 #7 type] 
Type domain.Rating is not enhanced.

------------------------------------------------------------------------------------------------------------------------

[2025-04-28 16:36:23 #1 store] 
Database 'C:\Users\Leire\git\repository\Rides24\src\main\resources\rides.temp' is opened by 21060@LAPTOP-SJ70P6B5

[2025-04-28 16:36:23 #2 type] 
Type domain.User is not enhanced.

[2025-04-28 16:36:23 #3 type] 
Type domain.Ride is not enhanced.

[2025-04-28 16:36:23 #4 type] 
Type domain.Driver is not enhanced.

[2025-04-28 16:36:23 #5 type] 
Type domain.Traveler is not enhanced.

[2025-04-28 16:36:23 #6 type] 
Type domain.Reserva is not enhanced.

[2025-04-28 16:36:23 #7 type] 
Type domain.Rating is not enhanced.

------------------------------------------------------------------------------------------------------------------------

[2025-04-28 17:54:31 #1 store] 
Database 'C:\Users\Leire\git\repository\Rides24\src\main\resources\rides.temp' is opened by 6932@LAPTOP-SJ70P6B5

[2025-04-28 17:54:31 #2 type] 
Type domain.User is not enhanced.

[2025-04-28 17:54:31 #3 type] 
Type domain.Ride is not enhanced.

[2025-04-28 17:54:31 #4 type] 
Type domain.Driver is not enhanced.

[2025-04-28 17:54:31 #5 type] 
Type domain.Traveler is not enhanced.

[2025-04-28 17:54:31 #6 type] 
Type domain.Reserva is not enhanced.

[2025-04-28 17:54:31 #7 type] 
Type domain.Rating is not enhanced.

------------------------------------------------------------------------------------------------------------------------

[2025-04-28 17:57:20 #1 store] 
Database 'C:\Users\Leire\git\repository\Rides24\src\main\resources\rides.temp' is opened by 7748@LAPTOP-SJ70P6B5

[2025-04-28 17:57:20 #2 type] 
Type domain.User is not enhanced.

[2025-04-28 17:57:20 #3 type] 
Type domain.Ride is not enhanced.

[2025-04-28 17:57:20 #4 type] 
Type domain.Driver is not enhanced.

[2025-04-28 17:57:20 #5 type] 
Type domain.Traveler is not enhanced.

[2025-04-28 17:57:20 #6 type] 
Type domain.Reserva is not enhanced.

[2025-04-28 17:57:20 #7 type] 
Type domain.Rating is not enhanced.

------------------------------------------------------------------------------------------------------------------------

[2025-04-28 22:44:18 #1 store] 
Database 'C:\Users\Leire\git\repository\Rides24\src\main\resources\rides.temp' is opened by 15856@LAPTOP-SJ70P6B5

[2025-04-28 22:44:18 #2 type] 
Type domain.User is not enhanced.

[2025-04-28 22:44:18 #3 type] 
Type domain.Ride is not enhanced.

[2025-04-28 22:44:18 #4 type] 
Type domain.Driver is not enhanced.

[2025-04-28 22:44:18 #5 type] 
Type domain.Traveler is not enhanced.

[2025-04-28 22:44:18 #6 type] 
Type domain.Reserva is not enhanced.

[2025-04-28 22:44:18 #7 type] 
Type domain.Rating is not enhanced.

------------------------------------------------------------------------------------------------------------------------

[2025-04-28 22:46:05 #1 store] 
Database 'C:\Users\Leire\git\repository\Rides24\src\main\resources\rides.temp' is opened by 19016@LAPTOP-SJ70P6B5

[2025-04-28 22:46:05 #2 type] 
Type domain.User is not enhanced.

[2025-04-28 22:46:05 #3 type] 
Type domain.Ride is not enhanced.

[2025-04-28 22:46:05 #4 type] 
Type domain.Driver is not enhanced.

[2025-04-28 22:46:05 #5 type] 
Type domain.Traveler is not enhanced.

[2025-04-28 22:46:05 #6 type] 
Type domain.Reserva is not enhanced.

[2025-04-28 22:46:05 #7 type] 
Type domain.Rating is not enhanced.

------------------------------------------------------------------------------------------------------------------------

[2025-04-28 22:50:36 #1 store] 
Database 'C:\Users\Leire\git\repository\Rides24\src\main\resources\rides.temp' is opened by 8180@LAPTOP-SJ70P6B5

[2025-04-28 22:50:36 #2 type] 
Type domain.User is not enhanced.

[2025-04-28 22:50:36 #3 type] 
Type domain.Ride is not enhanced.

[2025-04-28 22:50:36 #4 type] 
Type domain.Driver is not enhanced.

[2025-04-28 22:50:36 #5 type] 
Type domain.Traveler is not enhanced.

[2025-04-28 22:50:36 #6 type] 
Type domain.Reserva is not enhanced.

[2025-04-28 22:50:36 #7 type] 
Type domain.Rating is not enhanced.

------------------------------------------------------------------------------------------------------------------------

[2025-04-28 22:54:21 #1 store] 
Database 'C:\Users\Leire\git\repository\Rides24\src\main\resources\rides.temp' is opened by 6088@LAPTOP-SJ70P6B5

[2025-04-28 22:54:21 #2 type] 
Type domain.User is not enhanced.

[2025-04-28 22:54:21 #3 type] 
Type domain.Ride is not enhanced.

[2025-04-28 22:54:21 #4 type] 
Type domain.Driver is not enhanced.

[2025-04-28 22:54:21 #5 type] 
Type domain.Traveler is not enhanced.

[2025-04-28 22:54:21 #6 type] 
Type domain.Reserva is not enhanced.

[2025-04-28 22:54:21 #7 type] 
Type domain.Rating is not enhanced.

------------------------------------------------------------------------------------------------------------------------

[2025-04-28 22:55:29 #1 store] 
Database 'C:\Users\Leire\git\repository\Rides24\src\main\resources\rides.temp' is opened by 21348@LAPTOP-SJ70P6B5

[2025-04-28 22:55:29 #2 type] 
Type domain.User is not enhanced.

[2025-04-28 22:55:29 #3 type] 
Type domain.Ride is not enhanced.

[2025-04-28 22:55:29 #4 type] 
Type domain.Driver is not enhanced.

[2025-04-28 22:55:29 #5 type] 
Type domain.Traveler is not enhanced.

[2025-04-28 22:55:29 #6 type] 
Type domain.Reserva is not enhanced.

[2025-04-28 22:55:29 #7 type] 
Type domain.Rating is not enhanced.

------------------------------------------------------------------------------------------------------------------------

[2025-04-28 22:58:21 #1 store] 
Database 'C:\Users\Leire\git\repository\Rides24\src\main\resources\rides.temp' is opened by 5592@LAPTOP-SJ70P6B5

[2025-04-28 22:58:21 #2 type] 
Type domain.User is not enhanced.

[2025-04-28 22:58:21 #3 type] 
Type domain.Ride is not enhanced.

[2025-04-28 22:58:21 #4 type] 
Type domain.Driver is not enhanced.

[2025-04-28 22:58:21 #5 type] 
Type domain.Traveler is not enhanced.

[2025-04-28 22:58:21 #6 type] 
Type domain.Reserva is not enhanced.

[2025-04-28 22:58:21 #7 type] 
Type domain.Rating is not enhanced.

------------------------------------------------------------------------------------------------------------------------

[2025-04-28 23:04:32 #1 store] 
Database 'C:\Users\Leire\git\repository\Rides24\src\main\resources\rides.temp' is opened by 8568@LAPTOP-SJ70P6B5

[2025-04-28 23:04:32 #2 type] 
Type domain.User is not enhanced.

[2025-04-28 23:04:32 #3 type] 
Type domain.Ride is not enhanced.

[2025-04-28 23:04:32 #4 type] 
Type domain.Driver is not enhanced.

[2025-04-28 23:04:32 #5 type] 
Type domain.Traveler is not enhanced.

[2025-04-28 23:04:32 #6 type] 
Type domain.Reserva is not enhanced.

[2025-04-28 23:04:32 #7 type] 
Type domain.Rating is not enhanced.

------------------------------------------------------------------------------------------------------------------------

[2025-04-28 23:05:49 #1 store] 
Database 'C:\Users\Leire\git\repository\Rides24\src\main\resources\rides.temp' is opened by 16812@LAPTOP-SJ70P6B5

[2025-04-28 23:05:49 #2 type] 
Type domain.User is not enhanced.

[2025-04-28 23:05:49 #3 type] 
Type domain.Ride is not enhanced.

[2025-04-28 23:05:49 #4 type] 
Type domain.Driver is not enhanced.

[2025-04-28 23:05:49 #5 type] 
Type domain.Traveler is not enhanced.

[2025-04-28 23:05:49 #6 type] 
Type domain.Reserva is not enhanced.

[2025-04-28 23:05:49 #7 type] 
Type domain.Rating is not enhanced.

------------------------------------------------------------------------------------------------------------------------

[2025-04-28 23:10:14 #1 store] 
Database 'C:\Users\Leire\git\repository\Rides24\src\main\resources\rides.temp' is opened by 12332@LAPTOP-SJ70P6B5

[2025-04-28 23:10:15 #2 type] 
Type domain.User is not enhanced.

[2025-04-28 23:10:15 #3 type] 
Type domain.Ride is not enhanced.

[2025-04-28 23:10:15 #4 type] 
Type domain.Driver is not enhanced.

[2025-04-28 23:10:15 #5 type] 
Type domain.Traveler is not enhanced.

[2025-04-28 23:10:15 #6 type] 
Type domain.Reserva is not enhanced.

[2025-04-28 23:10:15 #7 type] 
Type domain.Rating is not enhanced.

------------------------------------------------------------------------------------------------------------------------

[2025-04-28 23:16:40 #1 store] 
Database 'C:\Users\Leire\git\repository\Rides24\src\main\resources\rides.temp' is opened by 13984@LAPTOP-SJ70P6B5

[2025-04-28 23:16:40 #2 type] 
Type domain.User is not enhanced.

[2025-04-28 23:16:40 #3 type] 
Type domain.Ride is not enhanced.

[2025-04-28 23:16:40 #4 type] 
Type domain.Driver is not enhanced.

[2025-04-28 23:16:40 #5 type] 
Type domain.Traveler is not enhanced.

[2025-04-28 23:16:40 #6 type] 
Type domain.Reserva is not enhanced.

[2025-04-28 23:16:40 #7 type] 
Type domain.Rating is not enhanced.

------------------------------------------------------------------------------------------------------------------------

[2025-04-28 23:22:53 #1 store] 
Database 'C:\Users\Leire\git\repository\Rides24\src\main\resources\rides.temp' is opened by 12116@LAPTOP-SJ70P6B5

[2025-04-28 23:22:53 #2 type] 
Type domain.User is not enhanced.

[2025-04-28 23:22:53 #3 type] 
Type domain.Ride is not enhanced.

[2025-04-28 23:22:53 #4 type] 
Type domain.Driver is not enhanced.

[2025-04-28 23:22:53 #5 type] 
Type domain.Traveler is not enhanced.

[2025-04-28 23:22:53 #6 type] 
Type domain.Reserva is not enhanced.

[2025-04-28 23:22:53 #7 type] 
Type domain.Rating is not enhanced.

