------------------------------------------------------------------------------------------------------------------------

[2025-05-03 19:11:11 #1 store] 
Database 'C:\Users\aroag\Desktop\IA\2\2_Cuatrimestre\Ingeniería del Software\Rides24\src\main\resources\rides.temp' has been recovered (tr. 273-273)

[2025-05-03 19:11:11 #2 store] 
Database 'C:\Users\aroag\Desktop\IA\2\2_Cuatrimestre\Ingeniería del Software\Rides24\src\main\resources\rides.temp' is opened by 20572@Aroa

[2025-05-03 19:11:12 #3 type] 
Type domain.User is not enhanced.

[2025-05-03 19:11:12 #4 type] 
Type domain.Ride is not enhanced.

[2025-05-03 19:11:12 #5 type] 
Type domain.Driver is not enhanced.

[2025-05-03 19:11:12 #6 type] 
Type domain.Traveler is not enhanced.

[2025-05-03 19:11:12 #7 type] 
Type domain.Reserva is not enhanced.

[2025-05-03 19:11:12 #8 type] 
Type domain.Rating is not enhanced.

------------------------------------------------------------------------------------------------------------------------

[2025-05-03 19:12:59 #1 store] 
Database 'C:\Users\aroag\Desktop\IA\2\2_Cuatrimestre\Ingeniería del Software\Rides24\src\main\resources\rides.temp' has been recovered (tr. 274-276)

[2025-05-03 19:12:59 #2 store] 
Database 'C:\Users\aroag\Desktop\IA\2\2_Cuatrimestre\Ingeniería del Software\Rides24\src\main\resources\rides.temp' is opened by 792@Aroa

[2025-05-03 19:12:59 #3 type] 
Type domain.User is not enhanced.

[2025-05-03 19:12:59 #4 type] 
Type domain.Ride is not enhanced.

[2025-05-03 19:12:59 #5 type] 
Type domain.Driver is not enhanced.

[2025-05-03 19:12:59 #6 type] 
Type domain.Traveler is not enhanced.

[2025-05-03 19:12:59 #7 type] 
Type domain.Reserva is not enhanced.

[2025-05-03 19:12:59 #8 type] 
Type domain.Rating is not enhanced.

------------------------------------------------------------------------------------------------------------------------

[2025-05-03 19:14:23 #1 store] 
Database 'C:\Users\aroag\Desktop\IA\2\2_Cuatrimestre\Ingeniería del Software\Rides24\src\main\resources\rides.temp' has been recovered (tr. 277-278)

[2025-05-03 19:14:23 #2 store] 
Database 'C:\Users\aroag\Desktop\IA\2\2_Cuatrimestre\Ingeniería del Software\Rides24\src\main\resources\rides.temp' is opened by 13732@Aroa

[2025-05-03 19:14:23 #3 type] 
Type domain.User is not enhanced.

[2025-05-03 19:14:23 #4 type] 
Type domain.Ride is not enhanced.

[2025-05-03 19:14:24 #5 type] 
Type domain.Driver is not enhanced.

[2025-05-03 19:14:24 #6 type] 
Type domain.Traveler is not enhanced.

[2025-05-03 19:14:24 #7 type] 
Type domain.Reserva is not enhanced.

[2025-05-03 19:14:24 #8 type] 
Type domain.Rating is not enhanced.

------------------------------------------------------------------------------------------------------------------------

[2025-05-03 19:18:01 #1 store] 
Database 'C:\Users\aroag\Desktop\IA\2\2_Cuatrimestre\Ingeniería del Software\Rides24\src\main\resources\rides.temp' has been recovered (tr. 279-279)

[2025-05-03 19:18:02 #2 store] 
Database 'C:\Users\aroag\Desktop\IA\2\2_Cuatrimestre\Ingeniería del Software\Rides24\src\main\resources\rides.temp' is opened by 22288@Aroa

[2025-05-03 19:18:02 #3 type] 
Type domain.User is not enhanced.

[2025-05-03 19:18:02 #4 type] 
Type domain.Ride is not enhanced.

[2025-05-03 19:18:02 #5 type] 
Type domain.Driver is not enhanced.

[2025-05-03 19:18:02 #6 type] 
Type domain.Traveler is not enhanced.

[2025-05-03 19:18:02 #7 type] 
Type domain.Reserva is not enhanced.

[2025-05-03 19:18:02 #8 type] 
Type domain.Rating is not enhanced.

------------------------------------------------------------------------------------------------------------------------

[2025-05-03 19:18:40 #1 store] 
Database 'C:\Users\aroag\Desktop\IA\2\2_Cuatrimestre\Ingeniería del Software\Rides24\src\main\resources\rides.temp' has been recovered (tr. 280-280)

[2025-05-03 19:18:40 #2 store] 
Database 'C:\Users\aroag\Desktop\IA\2\2_Cuatrimestre\Ingeniería del Software\Rides24\src\main\resources\rides.temp' is opened by 19148@Aroa

[2025-05-03 19:18:40 #3 type] 
Type domain.User is not enhanced.

[2025-05-03 19:18:40 #4 type] 
Type domain.Ride is not enhanced.

[2025-05-03 19:18:40 #5 type] 
Type domain.Driver is not enhanced.

[2025-05-03 19:18:40 #6 type] 
Type domain.Traveler is not enhanced.

[2025-05-03 19:18:40 #7 type] 
Type domain.Reserva is not enhanced.

[2025-05-03 19:18:40 #8 type] 
Type domain.Rating is not enhanced.

------------------------------------------------------------------------------------------------------------------------

[2025-05-03 19:21:04 #1 store] 
Database 'C:\Users\aroag\Desktop\IA\2\2_Cuatrimestre\Ingeniería del Software\Rides24\src\main\resources\rides.temp' has been recovered (tr. 282-282)

[2025-05-03 19:21:05 #2 store] 
Database 'C:\Users\aroag\Desktop\IA\2\2_Cuatrimestre\Ingeniería del Software\Rides24\src\main\resources\rides.temp' is opened by 23584@Aroa

[2025-05-03 19:21:05 #3 type] 
Type domain.User is not enhanced.

[2025-05-03 19:21:05 #4 type] 
Type domain.Ride is not enhanced.

[2025-05-03 19:21:05 #5 type] 
Type domain.Driver is not enhanced.

[2025-05-03 19:21:05 #6 type] 
Type domain.Traveler is not enhanced.

[2025-05-03 19:21:05 #7 type] 
Type domain.Reserva is not enhanced.

[2025-05-03 19:21:05 #8 type] 
Type domain.Rating is not enhanced.

------------------------------------------------------------------------------------------------------------------------

[2025-05-03 19:27:47 #1 store] 
Database 'C:\Users\aroag\Desktop\IA\2\2_Cuatrimestre\Ingeniería del Software\Rides24\src\main\resources\rides.temp' is opened by 3560@Aroa

[2025-05-03 19:27:47 #2 type] 
Type domain.User is not enhanced.

[2025-05-03 19:27:47 #3 type] 
Type domain.Ride is not enhanced.

[2025-05-03 19:27:47 #4 type] 
Type domain.Driver is not enhanced.

[2025-05-03 19:27:47 #5 type] 
Type domain.Traveler is not enhanced.

[2025-05-03 19:27:47 #6 type] 
Type domain.Reserva is not enhanced.

[2025-05-03 19:27:47 #7 type] 
Type domain.Rating is not enhanced.

------------------------------------------------------------------------------------------------------------------------

[2025-05-03 19:28:39 #1 store] 
Database 'C:\Users\aroag\Desktop\IA\2\2_Cuatrimestre\Ingeniería del Software\Rides24\src\main\resources\rides.temp' is opened by 14388@Aroa

[2025-05-03 19:28:39 #2 type] 
Type domain.User is not enhanced.

[2025-05-03 19:28:39 #3 type] 
Type domain.Ride is not enhanced.

[2025-05-03 19:28:39 #4 type] 
Type domain.Driver is not enhanced.

[2025-05-03 19:28:39 #5 type] 
Type domain.Traveler is not enhanced.

[2025-05-03 19:28:39 #6 type] 
Type domain.Reserva is not enhanced.

[2025-05-03 19:28:39 #7 type] 
Type domain.Rating is not enhanced.

------------------------------------------------------------------------------------------------------------------------

[2025-05-03 19:36:16 #1 store] 
Database 'C:\Users\aroag\Desktop\IA\2\2_Cuatrimestre\Ingeniería del Software\Rides24\src\main\resources\rides.temp' has been recovered (tr. 283-285)

[2025-05-03 19:36:17 #2 store] 
Database 'C:\Users\aroag\Desktop\IA\2\2_Cuatrimestre\Ingeniería del Software\Rides24\src\main\resources\rides.temp' is opened by 16904@Aroa

[2025-05-03 19:36:17 #3 type] 
Type domain.User is not enhanced.

[2025-05-03 19:36:17 #4 type] 
Type domain.Ride is not enhanced.

[2025-05-03 19:36:17 #5 type] 
Type domain.Driver is not enhanced.

[2025-05-03 19:36:17 #6 type] 
Type domain.Traveler is not enhanced.

[2025-05-03 19:36:17 #7 type] 
Type domain.Reserva is not enhanced.

[2025-05-03 19:36:17 #8 type] 
Type domain.Rating is not enhanced.

------------------------------------------------------------------------------------------------------------------------

[2025-05-03 19:37:21 #1 store] 
Database 'C:\Users\aroag\Desktop\IA\2\2_Cuatrimestre\Ingeniería del Software\Rides24\src\main\resources\rides.temp' has been recovered (tr. 286-286)

[2025-05-03 19:37:22 #2 store] 
Database 'C:\Users\aroag\Desktop\IA\2\2_Cuatrimestre\Ingeniería del Software\Rides24\src\main\resources\rides.temp' is opened by 23532@Aroa

[2025-05-03 19:37:22 #3 type] 
Type domain.User is not enhanced.

[2025-05-03 19:37:22 #4 type] 
Type domain.Ride is not enhanced.

[2025-05-03 19:37:22 #5 type] 
Type domain.Driver is not enhanced.

[2025-05-03 19:37:22 #6 type] 
Type domain.Traveler is not enhanced.

[2025-05-03 19:37:22 #7 type] 
Type domain.Reserva is not enhanced.

[2025-05-03 19:37:22 #8 type] 
Type domain.Rating is not enhanced.

------------------------------------------------------------------------------------------------------------------------

[2025-05-03 19:37:51 #1 store] 
Database 'C:\Users\aroag\Desktop\IA\2\2_Cuatrimestre\Ingeniería del Software\Rides24\src\main\resources\rides.temp' is opened by 2196@Aroa

[2025-05-03 19:37:52 #2 type] 
Type domain.User is not enhanced.

[2025-05-03 19:37:52 #3 type] 
Type domain.Ride is not enhanced.

[2025-05-03 19:37:52 #4 type] 
Type domain.Driver is not enhanced.

[2025-05-03 19:37:52 #5 type] 
Type domain.Traveler is not enhanced.

[2025-05-03 19:37:52 #6 type] 
Type domain.Reserva is not enhanced.

[2025-05-03 19:37:52 #7 type] 
Type domain.Rating is not enhanced.

