------------------------------------------------------------------------------------------------------------------------

[2025-04-02 08:52:30 #1 store] 
Database 'C:\Users\Leire\OneDrive - UPV EHU\Escritorio\SEGUNDO\2ºCUATRI\IS\Rides24\src\main\resources\rides.temp' has been recovered (tr. 169-173)

[2025-04-02 08:52:30 #2 store] 
Database 'C:\Users\Leire\OneDrive - UPV EHU\Escritorio\SEGUNDO\2ºCUATRI\IS\Rides24\src\main\resources\rides.temp' is opened by 11996@LAPTOP-SJ70P6B5

[2025-04-02 08:52:30 #3 type] 
Type domain.User is not enhanced.

[2025-04-02 08:52:30 #4 type] 
Type domain.Ride is not enhanced.

[2025-04-02 08:52:30 #5 type] 
Type domain.Driver is not enhanced.

[2025-04-02 08:52:30 #6 type] 
Type domain.Traveler is not enhanced.

[2025-04-02 08:52:30 #7 type] 
Type domain.Reserva is not enhanced.

[2025-04-02 08:52:30 #8 type] 
Type domain.Rating is not enhanced.

------------------------------------------------------------------------------------------------------------------------

[2025-04-02 08:53:40 #1 store] 
Database 'C:\Users\Leire\OneDrive - UPV EHU\Escritorio\SEGUNDO\2ºCUATRI\IS\Rides24\src\main\resources\rides.temp' is opened by 4704@LAPTOP-SJ70P6B5

[2025-04-02 08:53:40 #2 type] 
Type domain.User is not enhanced.

[2025-04-02 08:53:40 #3 type] 
Type domain.Ride is not enhanced.

[2025-04-02 08:53:40 #4 type] 
Type domain.Driver is not enhanced.

[2025-04-02 08:53:40 #5 type] 
Type domain.Traveler is not enhanced.

[2025-04-02 08:53:40 #6 type] 
Type domain.Reserva is not enhanced.

[2025-04-02 08:53:40 #7 type] 
Type domain.Rating is not enhanced.

------------------------------------------------------------------------------------------------------------------------

[2025-04-02 09:04:19 #1 store] 
Database 'C:\Users\Leire\OneDrive - UPV EHU\Escritorio\SEGUNDO\2ºCUATRI\IS\Rides24\src\main\resources\rides.temp' has been recovered (tr. 174-187)

[2025-04-02 09:04:19 #2 store] 
Database 'C:\Users\Leire\OneDrive - UPV EHU\Escritorio\SEGUNDO\2ºCUATRI\IS\Rides24\src\main\resources\rides.temp' is opened by 4176@LAPTOP-SJ70P6B5

[2025-04-02 09:04:19 #3 type] 
Type domain.User is not enhanced.

[2025-04-02 09:04:19 #4 type] 
Type domain.Ride is not enhanced.

[2025-04-02 09:04:19 #5 type] 
Type domain.Driver is not enhanced.

[2025-04-02 09:04:19 #6 type] 
Type domain.Traveler is not enhanced.

[2025-04-02 09:04:19 #7 type] 
Type domain.Reserva is not enhanced.

[2025-04-02 09:04:19 #8 type] 
Type domain.Rating is not enhanced.

------------------------------------------------------------------------------------------------------------------------

[2025-04-02 09:05:13 #1 store] 
Database 'C:\Users\Leire\OneDrive - UPV EHU\Escritorio\SEGUNDO\2ºCUATRI\IS\Rides24\src\main\resources\rides.temp' has been recovered (tr. 188-188)

[2025-04-02 09:05:13 #2 store] 
Database 'C:\Users\Leire\OneDrive - UPV EHU\Escritorio\SEGUNDO\2ºCUATRI\IS\Rides24\src\main\resources\rides.temp' is opened by 15692@LAPTOP-SJ70P6B5

[2025-04-02 09:05:13 #3 type] 
Type domain.User is not enhanced.

[2025-04-02 09:05:13 #4 type] 
Type domain.Ride is not enhanced.

[2025-04-02 09:05:13 #5 type] 
Type domain.Driver is not enhanced.

[2025-04-02 09:05:13 #6 type] 
Type domain.Traveler is not enhanced.

[2025-04-02 09:05:13 #7 type] 
Type domain.Reserva is not enhanced.

[2025-04-02 09:05:13 #8 type] 
Type domain.Rating is not enhanced.

------------------------------------------------------------------------------------------------------------------------

[2025-04-02 09:07:54 #1 store] 
Database 'C:\Users\Leire\OneDrive - UPV EHU\Escritorio\SEGUNDO\2ºCUATRI\IS\Rides24\src\main\resources\rides.temp' has been recovered (tr. 189-189)

[2025-04-02 09:07:54 #2 store] 
Database 'C:\Users\Leire\OneDrive - UPV EHU\Escritorio\SEGUNDO\2ºCUATRI\IS\Rides24\src\main\resources\rides.temp' is opened by 16012@LAPTOP-SJ70P6B5

[2025-04-02 09:07:54 #3 type] 
Type domain.User is not enhanced.

[2025-04-02 09:07:54 #4 type] 
Type domain.Ride is not enhanced.

[2025-04-02 09:07:54 #5 type] 
Type domain.Driver is not enhanced.

[2025-04-02 09:07:54 #6 type] 
Type domain.Traveler is not enhanced.

[2025-04-02 09:07:54 #7 type] 
Type domain.Reserva is not enhanced.

[2025-04-02 09:07:54 #8 type] 
Type domain.Rating is not enhanced.

------------------------------------------------------------------------------------------------------------------------

[2025-04-02 09:09:03 #1 store] 
Database 'C:\Users\Leire\OneDrive - UPV EHU\Escritorio\SEGUNDO\2ºCUATRI\IS\Rides24\src\main\resources\rides.temp' has been recovered (tr. 190-190)

[2025-04-02 09:09:03 #2 store] 
Database 'C:\Users\Leire\OneDrive - UPV EHU\Escritorio\SEGUNDO\2ºCUATRI\IS\Rides24\src\main\resources\rides.temp' is opened by 12080@LAPTOP-SJ70P6B5

[2025-04-02 09:09:03 #3 type] 
Type domain.User is not enhanced.

[2025-04-02 09:09:03 #4 type] 
Type domain.Ride is not enhanced.

[2025-04-02 09:09:03 #5 type] 
Type domain.Driver is not enhanced.

[2025-04-02 09:09:03 #6 type] 
Type domain.Traveler is not enhanced.

[2025-04-02 09:09:03 #7 type] 
Type domain.Reserva is not enhanced.

[2025-04-02 09:09:03 #8 type] 
Type domain.Rating is not enhanced.

------------------------------------------------------------------------------------------------------------------------

[2025-04-02 09:09:47 #1 store] 
Database 'C:\Users\Leire\OneDrive - UPV EHU\Escritorio\SEGUNDO\2ºCUATRI\IS\Rides24\src\main\resources\rides.temp' has been recovered (tr. 191-191)

[2025-04-02 09:09:47 #2 store] 
Database 'C:\Users\Leire\OneDrive - UPV EHU\Escritorio\SEGUNDO\2ºCUATRI\IS\Rides24\src\main\resources\rides.temp' is opened by 9204@LAPTOP-SJ70P6B5

[2025-04-02 09:09:47 #3 type] 
Type domain.User is not enhanced.

[2025-04-02 09:09:47 #4 type] 
Type domain.Ride is not enhanced.

[2025-04-02 09:09:47 #5 type] 
Type domain.Driver is not enhanced.

[2025-04-02 09:09:47 #6 type] 
Type domain.Traveler is not enhanced.

[2025-04-02 09:09:47 #7 type] 
Type domain.Reserva is not enhanced.

[2025-04-02 09:09:47 #8 type] 
Type domain.Rating is not enhanced.

------------------------------------------------------------------------------------------------------------------------

[2025-04-02 09:10:24 #1 store] 
Database 'C:\Users\Leire\OneDrive - UPV EHU\Escritorio\SEGUNDO\2ºCUATRI\IS\Rides24\src\main\resources\rides.temp' has been recovered (tr. 192-192)

[2025-04-02 09:10:24 #2 store] 
Database 'C:\Users\Leire\OneDrive - UPV EHU\Escritorio\SEGUNDO\2ºCUATRI\IS\Rides24\src\main\resources\rides.temp' is opened by 1460@LAPTOP-SJ70P6B5

[2025-04-02 09:10:24 #3 type] 
Type domain.User is not enhanced.

[2025-04-02 09:10:24 #4 type] 
Type domain.Ride is not enhanced.

[2025-04-02 09:10:24 #5 type] 
Type domain.Driver is not enhanced.

[2025-04-02 09:10:24 #6 type] 
Type domain.Traveler is not enhanced.

[2025-04-02 09:10:24 #7 type] 
Type domain.Reserva is not enhanced.

[2025-04-02 09:10:24 #8 type] 
Type domain.Rating is not enhanced.

------------------------------------------------------------------------------------------------------------------------

[2025-04-02 09:11:49 #1 store] 
Database 'C:\Users\Leire\OneDrive - UPV EHU\Escritorio\SEGUNDO\2ºCUATRI\IS\Rides24\src\main\resources\rides.temp' has been recovered (tr. 193-193)

[2025-04-02 09:11:49 #2 store] 
Database 'C:\Users\Leire\OneDrive - UPV EHU\Escritorio\SEGUNDO\2ºCUATRI\IS\Rides24\src\main\resources\rides.temp' is opened by 15600@LAPTOP-SJ70P6B5

[2025-04-02 09:11:50 #3 type] 
Type domain.User is not enhanced.

[2025-04-02 09:11:50 #4 type] 
Type domain.Ride is not enhanced.

[2025-04-02 09:11:50 #5 type] 
Type domain.Driver is not enhanced.

[2025-04-02 09:11:50 #6 type] 
Type domain.Traveler is not enhanced.

[2025-04-02 09:11:50 #7 type] 
Type domain.Reserva is not enhanced.

[2025-04-02 09:11:50 #8 type] 
Type domain.Rating is not enhanced.

