------------------------------------------------------------------------------------------------------------------------

[2025-05-08 10:20:05 #1 store] 
Database 'C:\Users\Udane Saitua\Downloads\IS_Iteracion3\Rides24\src\main\resources\rides.temp' is opened by 28364@UdaneSaitua

[2025-05-08 10:20:05 #2 type] 
Type domain.User is not enhanced.

[2025-05-08 10:20:05 #3 type] 
Type domain.Ride is not enhanced.

[2025-05-08 10:20:05 #4 type] 
Type domain.Driver is not enhanced.

[2025-05-08 10:20:05 #5 type] 
Type domain.Traveler is not enhanced.

[2025-05-08 10:20:05 #6 type] 
Type domain.Reserva is not enhanced.

[2025-05-08 10:20:05 #7 type] 
Type domain.Rating is not enhanced.

------------------------------------------------------------------------------------------------------------------------

[2025-05-08 10:20:14 #1 store] 
Database 'C:\Users\Udane Saitua\Downloads\IS_Iteracion3\Rides24\src\main\resources\rides.temp' is opened by 18796@UdaneSaitua

[2025-05-08 10:20:15 #2 type] 
Type domain.User is not enhanced.

[2025-05-08 10:20:15 #3 type] 
Type domain.Ride is not enhanced.

[2025-05-08 10:20:15 #4 type] 
Type domain.Driver is not enhanced.

[2025-05-08 10:20:15 #5 type] 
Type domain.Traveler is not enhanced.

[2025-05-08 10:20:15 #6 type] 
Type domain.Reserva is not enhanced.

[2025-05-08 10:20:15 #7 type] 
Type domain.Rating is not enhanced.

------------------------------------------------------------------------------------------------------------------------

[2025-05-08 10:22:26 #1 store] 
Database 'C:\Users\Udane Saitua\Downloads\IS_Iteracion3\Rides24\src\main\resources\rides.temp' is opened by 28236@UdaneSaitua

[2025-05-08 10:22:26 #2 type] 
Type domain.User is not enhanced.

[2025-05-08 10:22:26 #3 type] 
Type domain.Ride is not enhanced.

[2025-05-08 10:22:26 #4 type] 
Type domain.Driver is not enhanced.

[2025-05-08 10:22:26 #5 type] 
Type domain.Traveler is not enhanced.

[2025-05-08 10:22:26 #6 type] 
Type domain.Reserva is not enhanced.

[2025-05-08 10:22:26 #7 type] 
Type domain.Rating is not enhanced.

------------------------------------------------------------------------------------------------------------------------

[2025-05-08 10:37:19 #1 store] 
Database 'C:\Users\Udane Saitua\Downloads\IS_Iteracion3\Rides24\src\main\resources\rides.temp' is opened by 9908@UdaneSaitua

[2025-05-08 10:37:19 #2 type] 
Type domain.User is not enhanced.

[2025-05-08 10:37:19 #3 type] 
Type domain.Ride is not enhanced.

[2025-05-08 10:37:19 #4 type] 
Type domain.Driver is not enhanced.

[2025-05-08 10:37:19 #5 type] 
Type domain.Traveler is not enhanced.

[2025-05-08 10:37:19 #6 type] 
Type domain.Reserva is not enhanced.

[2025-05-08 10:37:19 #7 type] 
Type domain.Rating is not enhanced.

------------------------------------------------------------------------------------------------------------------------

[2025-05-08 10:44:14 #1 store] 
Database 'C:\Users\Udane Saitua\Downloads\IS_Iteracion3\Rides24\src\main\resources\rides.temp' is opened by 26656@UdaneSaitua

[2025-05-08 10:44:14 #2 type] 
Type domain.User is not enhanced.

[2025-05-08 10:44:14 #3 type] 
Type domain.Ride is not enhanced.

[2025-05-08 10:44:14 #4 type] 
Type domain.Driver is not enhanced.

[2025-05-08 10:44:14 #5 type] 
Type domain.Traveler is not enhanced.

[2025-05-08 10:44:14 #6 type] 
Type domain.Reserva is not enhanced.

[2025-05-08 10:44:14 #7 type] 
Type domain.Rating is not enhanced.

------------------------------------------------------------------------------------------------------------------------

[2025-05-08 10:46:14 #1 store] 
Database 'C:\Users\Udane Saitua\Downloads\IS_Iteracion3\Rides24\src\main\resources\rides.temp' has been recovered (tr. 347-347)

[2025-05-08 10:46:14 #2 store] 
Database 'C:\Users\Udane Saitua\Downloads\IS_Iteracion3\Rides24\src\main\resources\rides.temp' is opened by 10188@UdaneSaitua

[2025-05-08 10:46:15 #3 type] 
Type domain.User is not enhanced.

[2025-05-08 10:46:15 #4 type] 
Type domain.Ride is not enhanced.

[2025-05-08 10:46:15 #5 type] 
Type domain.Driver is not enhanced.

[2025-05-08 10:46:15 #6 type] 
Type domain.Traveler is not enhanced.

[2025-05-08 10:46:15 #7 type] 
Type domain.Reserva is not enhanced.

[2025-05-08 10:46:15 #8 type] 
Type domain.Rating is not enhanced.

------------------------------------------------------------------------------------------------------------------------

[2025-05-08 11:26:05 #1 store] 
Database 'C:\Users\Udane Saitua\Downloads\IS_Iteracion3\Rides24\src\main\resources\rides.temp' is opened by 11868@UdaneSaitua

[2025-05-08 11:26:05 #2 type] 
Type domain.User is not enhanced.

[2025-05-08 11:26:06 #3 type] 
Type domain.Ride is not enhanced.

[2025-05-08 11:26:06 #4 type] 
Type domain.Driver is not enhanced.

[2025-05-08 11:26:06 #5 type] 
Type domain.Traveler is not enhanced.

[2025-05-08 11:26:06 #6 type] 
Type domain.Reserva is not enhanced.

[2025-05-08 11:26:06 #7 type] 
Type domain.Rating is not enhanced.

------------------------------------------------------------------------------------------------------------------------

[2025-05-08 11:28:32 #1 store] 
Database 'C:\Users\Udane Saitua\Downloads\IS_Iteracion3\Rides24\src\main\resources\rides.temp' has been recovered (tr. 348-348)

[2025-05-08 11:28:32 #2 store] 
Database 'C:\Users\Udane Saitua\Downloads\IS_Iteracion3\Rides24\src\main\resources\rides.temp' is opened by 20264@UdaneSaitua

[2025-05-08 11:28:32 #3 type] 
Type domain.User is not enhanced.

[2025-05-08 11:28:32 #4 type] 
Type domain.Ride is not enhanced.

[2025-05-08 11:28:32 #5 type] 
Type domain.Driver is not enhanced.

[2025-05-08 11:28:32 #6 type] 
Type domain.Traveler is not enhanced.

[2025-05-08 11:28:32 #7 type] 
Type domain.Reserva is not enhanced.

[2025-05-08 11:28:32 #8 type] 
Type domain.Rating is not enhanced.

------------------------------------------------------------------------------------------------------------------------

[2025-05-08 11:32:40 #1 store] 
Database 'C:\Users\Udane Saitua\Downloads\IS_Iteracion3\Rides24\src\main\resources\rides.temp' has been recovered (tr. 349-352)

[2025-05-08 11:32:40 #2 store] 
Database 'C:\Users\Udane Saitua\Downloads\IS_Iteracion3\Rides24\src\main\resources\rides.temp' is opened by 20640@UdaneSaitua

[2025-05-08 11:32:40 #3 type] 
Type domain.User is not enhanced.

[2025-05-08 11:32:40 #4 type] 
Type domain.Ride is not enhanced.

[2025-05-08 11:32:40 #5 type] 
Type domain.Driver is not enhanced.

[2025-05-08 11:32:40 #6 type] 
Type domain.Traveler is not enhanced.

[2025-05-08 11:32:40 #7 type] 
Type domain.Reserva is not enhanced.

[2025-05-08 11:32:40 #8 type] 
Type domain.Rating is not enhanced.

------------------------------------------------------------------------------------------------------------------------

[2025-05-08 11:35:06 #1 store] 
Database 'C:\Users\Udane Saitua\Downloads\IS_Iteracion3\Rides24\src\main\resources\rides.temp' has been recovered (tr. 353-354)

[2025-05-08 11:35:07 #2 store] 
Database 'C:\Users\Udane Saitua\Downloads\IS_Iteracion3\Rides24\src\main\resources\rides.temp' is opened by 20636@UdaneSaitua

[2025-05-08 11:35:07 #3 type] 
Type domain.User is not enhanced.

[2025-05-08 11:35:07 #4 type] 
Type domain.Ride is not enhanced.

[2025-05-08 11:35:07 #5 type] 
Type domain.Driver is not enhanced.

[2025-05-08 11:35:07 #6 type] 
Type domain.Traveler is not enhanced.

[2025-05-08 11:35:07 #7 type] 
Type domain.Reserva is not enhanced.

[2025-05-08 11:35:07 #8 type] 
Type domain.Rating is not enhanced.

------------------------------------------------------------------------------------------------------------------------

[2025-05-08 12:37:49 #1 store] 
Database 'C:\Users\Udane Saitua\Downloads\IS_Iteracion3\Rides24\src\main\resources\rides.temp' has been recovered (tr. 355-356)

[2025-05-08 12:37:49 #2 store] 
Database 'C:\Users\Udane Saitua\Downloads\IS_Iteracion3\Rides24\src\main\resources\rides.temp' is opened by 29148@UdaneSaitua

[2025-05-08 12:37:49 #3 type] 
Type domain.User is not enhanced.

[2025-05-08 12:37:49 #4 type] 
Type domain.Ride is not enhanced.

[2025-05-08 12:37:49 #5 type] 
Type domain.Driver is not enhanced.

[2025-05-08 12:37:49 #6 type] 
Type domain.Traveler is not enhanced.

[2025-05-08 12:37:49 #7 type] 
Type domain.Reserva is not enhanced.

[2025-05-08 12:37:49 #8 type] 
Type domain.Rating is not enhanced.

------------------------------------------------------------------------------------------------------------------------

[2025-05-08 12:38:39 #1 store] 
Database 'C:\Users\Udane Saitua\Downloads\IS_Iteracion3\Rides24\src\main\resources\rides.temp' is opened by 22944@UdaneSaitua

[2025-05-08 12:38:39 #2 type] 
Type domain.User is not enhanced.

[2025-05-08 12:38:39 #3 type] 
Type domain.Ride is not enhanced.

[2025-05-08 12:38:39 #4 type] 
Type domain.Driver is not enhanced.

[2025-05-08 12:38:39 #5 type] 
Type domain.Traveler is not enhanced.

[2025-05-08 12:38:39 #6 type] 
Type domain.Reserva is not enhanced.

[2025-05-08 12:38:39 #7 type] 
Type domain.Rating is not enhanced.

------------------------------------------------------------------------------------------------------------------------

[2025-05-08 12:40:20 #1 store] 
Database 'C:\Users\Udane Saitua\Downloads\IS_Iteracion3\Rides24\src\main\resources\rides.temp' has been recovered (tr. 357-358)

[2025-05-08 12:40:20 #2 store] 
Database 'C:\Users\Udane Saitua\Downloads\IS_Iteracion3\Rides24\src\main\resources\rides.temp' is opened by 24188@UdaneSaitua

[2025-05-08 12:40:20 #3 type] 
Type domain.User is not enhanced.

[2025-05-08 12:40:20 #4 type] 
Type domain.Ride is not enhanced.

[2025-05-08 12:40:20 #5 type] 
Type domain.Driver is not enhanced.

[2025-05-08 12:40:20 #6 type] 
Type domain.Traveler is not enhanced.

[2025-05-08 12:40:20 #7 type] 
Type domain.Reserva is not enhanced.

[2025-05-08 12:40:20 #8 type] 
Type domain.Rating is not enhanced.

------------------------------------------------------------------------------------------------------------------------

[2025-05-08 12:41:57 #1 store] 
Database 'C:\Users\Udane Saitua\Downloads\IS_Iteracion3\Rides24\src\main\resources\rides.temp' has been recovered (tr. 360-360)

[2025-05-08 12:41:57 #2 store] 
Database 'C:\Users\Udane Saitua\Downloads\IS_Iteracion3\Rides24\src\main\resources\rides.temp' is opened by 8460@UdaneSaitua

[2025-05-08 12:41:57 #3 type] 
Type domain.User is not enhanced.

[2025-05-08 12:41:57 #4 type] 
Type domain.Ride is not enhanced.

[2025-05-08 12:41:57 #5 type] 
Type domain.Driver is not enhanced.

[2025-05-08 12:41:57 #6 type] 
Type domain.Traveler is not enhanced.

[2025-05-08 12:41:57 #7 type] 
Type domain.Reserva is not enhanced.

[2025-05-08 12:41:57 #8 type] 
Type domain.Rating is not enhanced.

------------------------------------------------------------------------------------------------------------------------

[2025-05-08 12:42:34 #1 store] 
Database 'C:\Users\Udane Saitua\Downloads\IS_Iteracion3\Rides24\src\main\resources\rides.temp' has been recovered (tr. 361-361)

[2025-05-08 12:42:34 #2 store] 
Database 'C:\Users\Udane Saitua\Downloads\IS_Iteracion3\Rides24\src\main\resources\rides.temp' is opened by 17484@UdaneSaitua

[2025-05-08 12:42:34 #3 type] 
Type domain.User is not enhanced.

[2025-05-08 12:42:34 #4 type] 
Type domain.Ride is not enhanced.

[2025-05-08 12:42:34 #5 type] 
Type domain.Driver is not enhanced.

[2025-05-08 12:42:34 #6 type] 
Type domain.Traveler is not enhanced.

[2025-05-08 12:42:34 #7 type] 
Type domain.Reserva is not enhanced.

[2025-05-08 12:42:34 #8 type] 
Type domain.Rating is not enhanced.

------------------------------------------------------------------------------------------------------------------------

[2025-05-08 12:43:54 #1 store] 
Database 'C:\Users\Udane Saitua\Downloads\IS_Iteracion3\Rides24\src\main\resources\rides.temp' has been recovered (tr. 362-362)

[2025-05-08 12:43:54 #2 store] 
Database 'C:\Users\Udane Saitua\Downloads\IS_Iteracion3\Rides24\src\main\resources\rides.temp' is opened by 14016@UdaneSaitua

[2025-05-08 12:43:55 #3 type] 
Type domain.User is not enhanced.

[2025-05-08 12:43:55 #4 type] 
Type domain.Ride is not enhanced.

[2025-05-08 12:43:55 #5 type] 
Type domain.Driver is not enhanced.

[2025-05-08 12:43:55 #6 type] 
Type domain.Traveler is not enhanced.

[2025-05-08 12:43:55 #7 type] 
Type domain.Reserva is not enhanced.

[2025-05-08 12:43:55 #8 type] 
Type domain.Rating is not enhanced.

------------------------------------------------------------------------------------------------------------------------

[2025-05-08 12:44:27 #1 store] 
Database 'C:\Users\Udane Saitua\Downloads\IS_Iteracion3\Rides24\src\main\resources\rides.temp' is opened by 26792@UdaneSaitua

[2025-05-08 12:44:27 #2 type] 
Type domain.User is not enhanced.

[2025-05-08 12:44:27 #3 type] 
Type domain.Ride is not enhanced.

[2025-05-08 12:44:27 #4 type] 
Type domain.Driver is not enhanced.

[2025-05-08 12:44:27 #5 type] 
Type domain.Traveler is not enhanced.

[2025-05-08 12:44:27 #6 type] 
Type domain.Reserva is not enhanced.

[2025-05-08 12:44:27 #7 type] 
Type domain.Rating is not enhanced.

------------------------------------------------------------------------------------------------------------------------

[2025-05-08 12:47:35 #1 store] 
Database 'C:\Users\Udane Saitua\Downloads\IS_Iteracion3\Rides24\src\main\resources\rides.temp' is opened by 21460@UdaneSaitua

[2025-05-08 12:47:35 #2 type] 
Type domain.User is not enhanced.

[2025-05-08 12:47:35 #3 type] 
Type domain.Ride is not enhanced.

[2025-05-08 12:47:35 #4 type] 
Type domain.Driver is not enhanced.

[2025-05-08 12:47:35 #5 type] 
Type domain.Traveler is not enhanced.

[2025-05-08 12:47:35 #6 type] 
Type domain.Reserva is not enhanced.

[2025-05-08 12:47:35 #7 type] 
Type domain.Rating is not enhanced.

------------------------------------------------------------------------------------------------------------------------

[2025-05-08 12:48:22 #1 store] 
Database 'C:\Users\Udane Saitua\Downloads\IS_Iteracion3\Rides24\src\main\resources\rides.temp' is opened by 3424@UdaneSaitua

[2025-05-08 12:48:22 #2 type] 
Type domain.User is not enhanced.

[2025-05-08 12:48:22 #3 type] 
Type domain.Ride is not enhanced.

[2025-05-08 12:48:22 #4 type] 
Type domain.Driver is not enhanced.

[2025-05-08 12:48:22 #5 type] 
Type domain.Traveler is not enhanced.

[2025-05-08 12:48:22 #6 type] 
Type domain.Reserva is not enhanced.

[2025-05-08 12:48:22 #7 type] 
Type domain.Rating is not enhanced.

------------------------------------------------------------------------------------------------------------------------

[2025-05-08 12:51:00 #1 store] 
Database 'C:\Users\Udane Saitua\Downloads\IS_Iteracion3\Rides24\src\main\resources\rides.temp' has been recovered (tr. 363-365)

[2025-05-08 12:51:00 #2 store] 
Database 'C:\Users\Udane Saitua\Downloads\IS_Iteracion3\Rides24\src\main\resources\rides.temp' is opened by 27920@UdaneSaitua

[2025-05-08 12:51:00 #3 type] 
Type domain.User is not enhanced.

[2025-05-08 12:51:00 #4 type] 
Type domain.Ride is not enhanced.

[2025-05-08 12:51:00 #5 type] 
Type domain.Driver is not enhanced.

[2025-05-08 12:51:00 #6 type] 
Type domain.Traveler is not enhanced.

[2025-05-08 12:51:00 #7 type] 
Type domain.Reserva is not enhanced.

[2025-05-08 12:51:00 #8 type] 
Type domain.Rating is not enhanced.

------------------------------------------------------------------------------------------------------------------------

[2025-05-08 12:53:19 #1 store] 
Database 'C:\Users\Udane Saitua\Downloads\IS_Iteracion3\Rides24\src\main\resources\rides.temp' is opened by 12332@UdaneSaitua

[2025-05-08 12:53:19 #2 type] 
Type domain.User is not enhanced.

[2025-05-08 12:53:19 #3 type] 
Type domain.Ride is not enhanced.

[2025-05-08 12:53:19 #4 type] 
Type domain.Driver is not enhanced.

[2025-05-08 12:53:19 #5 type] 
Type domain.Traveler is not enhanced.

[2025-05-08 12:53:19 #6 type] 
Type domain.Reserva is not enhanced.

[2025-05-08 12:53:19 #7 type] 
Type domain.Rating is not enhanced.

------------------------------------------------------------------------------------------------------------------------

[2025-05-08 12:54:50 #1 store] 
Database 'C:\Users\Udane Saitua\Downloads\IS_Iteracion3\Rides24\src\main\resources\rides.temp' has been recovered (tr. 366-366)

[2025-05-08 12:54:50 #2 store] 
Database 'C:\Users\Udane Saitua\Downloads\IS_Iteracion3\Rides24\src\main\resources\rides.temp' is opened by 19784@UdaneSaitua

[2025-05-08 12:54:50 #3 type] 
Type domain.User is not enhanced.

[2025-05-08 12:54:50 #4 type] 
Type domain.Ride is not enhanced.

[2025-05-08 12:54:50 #5 type] 
Type domain.Driver is not enhanced.

[2025-05-08 12:54:50 #6 type] 
Type domain.Traveler is not enhanced.

[2025-05-08 12:54:50 #7 type] 
Type domain.Reserva is not enhanced.

[2025-05-08 12:54:50 #8 type] 
Type domain.Rating is not enhanced.

------------------------------------------------------------------------------------------------------------------------

[2025-05-08 13:25:33 #1 store] 
Database 'C:\Users\Leire\OneDrive - UPV EHU\Escritorio\SEGUNDO\2ºCUATRI\IS\Rides24\src\main\resources\rides.temp' is opened by 12116@LAPTOP-SJ70P6B5

[2025-05-08 13:25:33 #2 type] 
Type domain.User is not enhanced.

[2025-05-08 13:25:33 #3 type] 
Type domain.Ride is not enhanced.

[2025-05-08 13:25:33 #4 type] 
Type domain.Driver is not enhanced.

[2025-05-08 13:25:33 #5 type] 
Type domain.Traveler is not enhanced.

[2025-05-08 13:25:33 #6 type] 
Type domain.Reserva is not enhanced.

[2025-05-08 13:25:33 #7 type] 
Type domain.Rating is not enhanced.

------------------------------------------------------------------------------------------------------------------------

[2025-05-08 13:27:03 #1 store] 
Database 'C:\Users\Leire\OneDrive - UPV EHU\Escritorio\SEGUNDO\2ºCUATRI\IS\Rides24\src\main\resources\rides.temp' is opened by 20956@LAPTOP-SJ70P6B5

[2025-05-08 13:27:03 #2 type] 
Type domain.User is not enhanced.

[2025-05-08 13:27:03 #3 type] 
Type domain.Ride is not enhanced.

[2025-05-08 13:27:03 #4 type] 
Type domain.Driver is not enhanced.

[2025-05-08 13:27:03 #5 type] 
Type domain.Traveler is not enhanced.

[2025-05-08 13:27:03 #6 type] 
Type domain.Reserva is not enhanced.

[2025-05-08 13:27:03 #7 type] 
Type domain.Rating is not enhanced.

------------------------------------------------------------------------------------------------------------------------

[2025-05-08 13:28:04 #1 store] 
Database 'C:\Users\Leire\OneDrive - UPV EHU\Escritorio\SEGUNDO\2ºCUATRI\IS\Rides24\src\main\resources\rides.temp' is opened by 13792@LAPTOP-SJ70P6B5

[2025-05-08 13:28:04 #2 type] 
Type domain.User is not enhanced.

[2025-05-08 13:28:04 #3 type] 
Type domain.Ride is not enhanced.

[2025-05-08 13:28:04 #4 type] 
Type domain.Driver is not enhanced.

[2025-05-08 13:28:04 #5 type] 
Type domain.Traveler is not enhanced.

[2025-05-08 13:28:04 #6 type] 
Type domain.Reserva is not enhanced.

[2025-05-08 13:28:04 #7 type] 
Type domain.Rating is not enhanced.

------------------------------------------------------------------------------------------------------------------------

[2025-05-08 13:28:37 #1 store] 
Database 'C:\Users\Leire\OneDrive - UPV EHU\Escritorio\SEGUNDO\2ºCUATRI\IS\Rides24\src\main\resources\rides.temp' is opened by 20948@LAPTOP-SJ70P6B5

[2025-05-08 13:28:37 #2 type] 
Type domain.User is not enhanced.

[2025-05-08 13:28:37 #3 type] 
Type domain.Ride is not enhanced.

[2025-05-08 13:28:37 #4 type] 
Type domain.Driver is not enhanced.

[2025-05-08 13:28:37 #5 type] 
Type domain.Traveler is not enhanced.

[2025-05-08 13:28:37 #6 type] 
Type domain.Reserva is not enhanced.

[2025-05-08 13:28:37 #7 type] 
Type domain.Rating is not enhanced.

------------------------------------------------------------------------------------------------------------------------

[2025-05-08 13:32:47 #1 store] 
Database 'C:\Users\Leire\OneDrive - UPV EHU\Escritorio\SEGUNDO\2ºCUATRI\IS\Rides24\src\main\resources\rides.temp' has been recovered (tr. 367-374)

[2025-05-08 13:32:47 #2 store] 
Database 'C:\Users\Leire\OneDrive - UPV EHU\Escritorio\SEGUNDO\2ºCUATRI\IS\Rides24\src\main\resources\rides.temp' is opened by 19724@LAPTOP-SJ70P6B5

[2025-05-08 13:32:47 #3 type] 
Type domain.User is not enhanced.

[2025-05-08 13:32:47 #4 type] 
Type domain.Ride is not enhanced.

[2025-05-08 13:32:47 #5 type] 
Type domain.Driver is not enhanced.

[2025-05-08 13:32:47 #6 type] 
Type domain.Traveler is not enhanced.

[2025-05-08 13:32:47 #7 type] 
Type domain.Reserva is not enhanced.

[2025-05-08 13:32:47 #8 type] 
Type domain.Rating is not enhanced.

------------------------------------------------------------------------------------------------------------------------

[2025-05-08 13:34:35 #1 store] 
Database 'C:\Users\Leire\OneDrive - UPV EHU\Escritorio\SEGUNDO\2ºCUATRI\IS\Rides24\src\main\resources\rides.temp' has been recovered (tr. 375-376)

[2025-05-08 13:34:35 #2 store] 
Database 'C:\Users\Leire\OneDrive - UPV EHU\Escritorio\SEGUNDO\2ºCUATRI\IS\Rides24\src\main\resources\rides.temp' is opened by 1916@LAPTOP-SJ70P6B5

[2025-05-08 13:34:35 #3 type] 
Type domain.User is not enhanced.

[2025-05-08 13:34:35 #4 type] 
Type domain.Ride is not enhanced.

[2025-05-08 13:34:35 #5 type] 
Type domain.Driver is not enhanced.

[2025-05-08 13:34:35 #6 type] 
Type domain.Traveler is not enhanced.

[2025-05-08 13:34:35 #7 type] 
Type domain.Reserva is not enhanced.

[2025-05-08 13:34:35 #8 type] 
Type domain.Rating is not enhanced.

------------------------------------------------------------------------------------------------------------------------

[2025-05-08 13:35:34 #1 store] 
Database 'C:\Users\Leire\OneDrive - UPV EHU\Escritorio\SEGUNDO\2ºCUATRI\IS\Rides24\src\main\resources\rides.temp' has been recovered (tr. 377-378)

[2025-05-08 13:35:34 #2 store] 
Database 'C:\Users\Leire\OneDrive - UPV EHU\Escritorio\SEGUNDO\2ºCUATRI\IS\Rides24\src\main\resources\rides.temp' is opened by 2092@LAPTOP-SJ70P6B5

[2025-05-08 13:35:34 #3 type] 
Type domain.User is not enhanced.

[2025-05-08 13:35:34 #4 type] 
Type domain.Ride is not enhanced.

[2025-05-08 13:35:34 #5 type] 
Type domain.Driver is not enhanced.

[2025-05-08 13:35:34 #6 type] 
Type domain.Traveler is not enhanced.

[2025-05-08 13:35:34 #7 type] 
Type domain.Reserva is not enhanced.

[2025-05-08 13:35:34 #8 type] 
Type domain.Rating is not enhanced.

------------------------------------------------------------------------------------------------------------------------

[2025-05-08 13:38:28 #1 store] 
Database 'C:\Users\Leire\OneDrive - UPV EHU\Escritorio\SEGUNDO\2ºCUATRI\IS\Rides24\src\main\resources\rides.temp' is opened by 15744@LAPTOP-SJ70P6B5

[2025-05-08 13:38:28 #2 type] 
Type domain.User is not enhanced.

[2025-05-08 13:38:28 #3 type] 
Type domain.Ride is not enhanced.

[2025-05-08 13:38:28 #4 type] 
Type domain.Driver is not enhanced.

[2025-05-08 13:38:28 #5 type] 
Type domain.Traveler is not enhanced.

[2025-05-08 13:38:28 #6 type] 
Type domain.Reserva is not enhanced.

[2025-05-08 13:38:28 #7 type] 
Type domain.Rating is not enhanced.

------------------------------------------------------------------------------------------------------------------------

[2025-05-08 13:40:17 #1 store] 
Database 'C:\Users\Leire\OneDrive - UPV EHU\Escritorio\SEGUNDO\2ºCUATRI\IS\Rides24\src\main\resources\rides.temp' has been recovered (tr. 380-382)

[2025-05-08 13:40:17 #2 store] 
Database 'C:\Users\Leire\OneDrive - UPV EHU\Escritorio\SEGUNDO\2ºCUATRI\IS\Rides24\src\main\resources\rides.temp' is opened by 11852@LAPTOP-SJ70P6B5

[2025-05-08 13:40:17 #3 type] 
Type domain.User is not enhanced.

[2025-05-08 13:40:17 #4 type] 
Type domain.Ride is not enhanced.

[2025-05-08 13:40:17 #5 type] 
Type domain.Driver is not enhanced.

[2025-05-08 13:40:17 #6 type] 
Type domain.Traveler is not enhanced.

[2025-05-08 13:40:17 #7 type] 
Type domain.Reserva is not enhanced.

[2025-05-08 13:40:17 #8 type] 
Type domain.Rating is not enhanced.

------------------------------------------------------------------------------------------------------------------------

[2025-05-08 13:43:42 #1 store] 
Database 'C:\Users\Leire\OneDrive - UPV EHU\Escritorio\SEGUNDO\2ºCUATRI\IS\Rides24\src\main\resources\rides.temp' has been recovered (tr. 383-389)

[2025-05-08 13:43:42 #2 store] 
Database 'C:\Users\Leire\OneDrive - UPV EHU\Escritorio\SEGUNDO\2ºCUATRI\IS\Rides24\src\main\resources\rides.temp' is opened by 676@LAPTOP-SJ70P6B5

[2025-05-08 13:43:42 #3 type] 
Type domain.User is not enhanced.

[2025-05-08 13:43:42 #4 type] 
Type domain.Ride is not enhanced.

[2025-05-08 13:43:42 #5 type] 
Type domain.Driver is not enhanced.

[2025-05-08 13:43:42 #6 type] 
Type domain.Traveler is not enhanced.

[2025-05-08 13:43:42 #7 type] 
Type domain.Reserva is not enhanced.

[2025-05-08 13:43:42 #8 type] 
Type domain.Rating is not enhanced.

------------------------------------------------------------------------------------------------------------------------

[2025-05-08 13:50:19 #1 store] 
Database 'C:\Users\Leire\OneDrive - UPV EHU\Escritorio\SEGUNDO\2ºCUATRI\IS\Rides24\src\main\resources\rides.temp' is opened by 14348@LAPTOP-SJ70P6B5

[2025-05-08 13:50:19 #2 type] 
Type domain.User is not enhanced.

[2025-05-08 13:50:19 #3 type] 
Type domain.Ride is not enhanced.

[2025-05-08 13:50:19 #4 type] 
Type domain.Driver is not enhanced.

[2025-05-08 13:50:19 #5 type] 
Type domain.Traveler is not enhanced.

[2025-05-08 13:50:19 #6 type] 
Type domain.Reserva is not enhanced.

[2025-05-08 13:50:19 #7 type] 
Type domain.Rating is not enhanced.

------------------------------------------------------------------------------------------------------------------------

[2025-05-08 13:52:57 #1 store] 
Database 'C:\Users\Leire\OneDrive - UPV EHU\Escritorio\SEGUNDO\2ºCUATRI\IS\Rides24\src\main\resources\rides.temp' has been recovered (tr. 397-403)

[2025-05-08 13:52:57 #2 store] 
Database 'C:\Users\Leire\OneDrive - UPV EHU\Escritorio\SEGUNDO\2ºCUATRI\IS\Rides24\src\main\resources\rides.temp' is opened by 10636@LAPTOP-SJ70P6B5

[2025-05-08 13:52:57 #3 type] 
Type domain.User is not enhanced.

[2025-05-08 13:52:57 #4 type] 
Type domain.Ride is not enhanced.

[2025-05-08 13:52:57 #5 type] 
Type domain.Driver is not enhanced.

[2025-05-08 13:52:57 #6 type] 
Type domain.Traveler is not enhanced.

[2025-05-08 13:52:57 #7 type] 
Type domain.Reserva is not enhanced.

[2025-05-08 13:52:57 #8 type] 
Type domain.Rating is not enhanced.

------------------------------------------------------------------------------------------------------------------------

[2025-05-08 14:23:18 #1 store] 
Database 'C:\Users\Leire\OneDrive - UPV EHU\Escritorio\SEGUNDO\2ºCUATRI\IS\Rides24\src\main\resources\rides.temp' is opened by 22080@LAPTOP-SJ70P6B5

[2025-05-08 14:23:18 #2 type] 
Type domain.User is not enhanced.

[2025-05-08 14:23:18 #3 type] 
Type domain.Ride is not enhanced.

[2025-05-08 14:23:18 #4 type] 
Type domain.Driver is not enhanced.

[2025-05-08 14:23:18 #5 type] 
Type domain.Traveler is not enhanced.

[2025-05-08 14:23:18 #6 type] 
Type domain.Reserva is not enhanced.

[2025-05-08 14:23:18 #7 type] 
Type domain.Rating is not enhanced.

------------------------------------------------------------------------------------------------------------------------

[2025-05-08 14:38:05 #1 store] 
Database 'C:\Users\Leire\OneDrive - UPV EHU\Escritorio\SEGUNDO\2ºCUATRI\IS\Rides24\src\main\resources\rides.temp' has been recovered (tr. 404-406)

[2025-05-08 14:38:05 #2 store] 
Database 'C:\Users\Leire\OneDrive - UPV EHU\Escritorio\SEGUNDO\2ºCUATRI\IS\Rides24\src\main\resources\rides.temp' is opened by 2024@LAPTOP-SJ70P6B5

[2025-05-08 14:38:05 #3 type] 
Type domain.User is not enhanced.

[2025-05-08 14:38:06 #4 type] 
Type domain.Ride is not enhanced.

[2025-05-08 14:38:06 #5 type] 
Type domain.Driver is not enhanced.

[2025-05-08 14:38:06 #6 type] 
Type domain.Traveler is not enhanced.

[2025-05-08 14:38:06 #7 type] 
Type domain.Reserva is not enhanced.

[2025-05-08 14:38:06 #8 type] 
Type domain.Rating is not enhanced.

------------------------------------------------------------------------------------------------------------------------

[2025-05-08 14:38:37 #1 store] 
Database 'C:\Users\Leire\OneDrive - UPV EHU\Escritorio\SEGUNDO\2ºCUATRI\IS\Rides24\src\main\resources\rides.temp' is opened by 1732@LAPTOP-SJ70P6B5

[2025-05-08 14:38:37 #2 type] 
Type domain.User is not enhanced.

[2025-05-08 14:38:37 #3 type] 
Type domain.Ride is not enhanced.

[2025-05-08 14:38:37 #4 type] 
Type domain.Driver is not enhanced.

[2025-05-08 14:38:37 #5 type] 
Type domain.Traveler is not enhanced.

[2025-05-08 14:38:37 #6 type] 
Type domain.Reserva is not enhanced.

[2025-05-08 14:38:37 #7 type] 
Type domain.Rating is not enhanced.

------------------------------------------------------------------------------------------------------------------------

[2025-05-08 14:39:32 #1 store] 
Database 'C:\Users\Leire\OneDrive - UPV EHU\Escritorio\SEGUNDO\2ºCUATRI\IS\Rides24\src\main\resources\rides.temp' is opened by 19732@LAPTOP-SJ70P6B5

[2025-05-08 14:39:32 #2 type] 
Type domain.User is not enhanced.

[2025-05-08 14:39:32 #3 type] 
Type domain.Ride is not enhanced.

[2025-05-08 14:39:32 #4 type] 
Type domain.Driver is not enhanced.

[2025-05-08 14:39:32 #5 type] 
Type domain.Traveler is not enhanced.

[2025-05-08 14:39:32 #6 type] 
Type domain.Reserva is not enhanced.

[2025-05-08 14:39:32 #7 type] 
Type domain.Rating is not enhanced.

------------------------------------------------------------------------------------------------------------------------

[2025-05-08 14:43:46 #1 store] 
Database 'C:\Users\Leire\OneDrive - UPV EHU\Escritorio\SEGUNDO\2ºCUATRI\IS\Rides24\src\main\resources\rides.temp' has been recovered (tr. 407-407)

[2025-05-08 14:43:46 #2 store] 
Database 'C:\Users\Leire\OneDrive - UPV EHU\Escritorio\SEGUNDO\2ºCUATRI\IS\Rides24\src\main\resources\rides.temp' is opened by 12388@LAPTOP-SJ70P6B5

[2025-05-08 14:43:46 #3 type] 
Type domain.User is not enhanced.

[2025-05-08 14:43:46 #4 type] 
Type domain.Ride is not enhanced.

[2025-05-08 14:43:46 #5 type] 
Type domain.Driver is not enhanced.

[2025-05-08 14:43:46 #6 type] 
Type domain.Traveler is not enhanced.

[2025-05-08 14:43:46 #7 type] 
Type domain.Reserva is not enhanced.

[2025-05-08 14:43:46 #8 type] 
Type domain.Rating is not enhanced.

------------------------------------------------------------------------------------------------------------------------

[2025-05-08 14:44:13 #1 store] 
Database 'C:\Users\Leire\OneDrive - UPV EHU\Escritorio\SEGUNDO\2ºCUATRI\IS\Rides24\src\main\resources\rides.temp' is opened by 15052@LAPTOP-SJ70P6B5

[2025-05-08 14:44:13 #2 type] 
Type domain.User is not enhanced.

[2025-05-08 14:44:13 #3 type] 
Type domain.Ride is not enhanced.

[2025-05-08 14:44:13 #4 type] 
Type domain.Driver is not enhanced.

[2025-05-08 14:44:13 #5 type] 
Type domain.Traveler is not enhanced.

[2025-05-08 14:44:13 #6 type] 
Type domain.Reserva is not enhanced.

[2025-05-08 14:44:13 #7 type] 
Type domain.Rating is not enhanced.

------------------------------------------------------------------------------------------------------------------------

[2025-05-08 14:49:51 #1 store] 
Database 'C:\Users\Leire\OneDrive - UPV EHU\Escritorio\SEGUNDO\2ºCUATRI\IS\Rides24\src\main\resources\rides.temp' is opened by 4304@LAPTOP-SJ70P6B5

[2025-05-08 14:49:51 #2 type] 
Type domain.User is not enhanced.

[2025-05-08 14:49:51 #3 type] 
Type domain.Ride is not enhanced.

[2025-05-08 14:49:51 #4 type] 
Type domain.Driver is not enhanced.

[2025-05-08 14:49:51 #5 type] 
Type domain.Traveler is not enhanced.

[2025-05-08 14:49:51 #6 type] 
Type domain.Reserva is not enhanced.

[2025-05-08 14:49:51 #7 type] 
Type domain.Rating is not enhanced.

------------------------------------------------------------------------------------------------------------------------

[2025-05-08 14:59:05 #1 store] 
Database 'C:\Users\Leire\OneDrive - UPV EHU\Escritorio\SEGUNDO\2ºCUATRI\IS\Rides24\src\main\resources\rides.temp' has been recovered (tr. 410-411)

[2025-05-08 14:59:05 #2 store] 
Database 'C:\Users\Leire\OneDrive - UPV EHU\Escritorio\SEGUNDO\2ºCUATRI\IS\Rides24\src\main\resources\rides.temp' is opened by 22160@LAPTOP-SJ70P6B5

[2025-05-08 14:59:05 #3 type] 
Type domain.User is not enhanced.

[2025-05-08 14:59:05 #4 type] 
Type domain.Ride is not enhanced.

[2025-05-08 14:59:05 #5 type] 
Type domain.Driver is not enhanced.

[2025-05-08 14:59:05 #6 type] 
Type domain.Traveler is not enhanced.

[2025-05-08 14:59:05 #7 type] 
Type domain.Reserva is not enhanced.

[2025-05-08 14:59:05 #8 type] 
Type domain.Rating is not enhanced.

------------------------------------------------------------------------------------------------------------------------

[2025-05-08 15:01:04 #1 store] 
Database 'C:\Users\Leire\OneDrive - UPV EHU\Escritorio\SEGUNDO\2ºCUATRI\IS\Rides24\src\main\resources\rides.temp' has been recovered (tr. 412-412)

[2025-05-08 15:01:04 #2 store] 
Database 'C:\Users\Leire\OneDrive - UPV EHU\Escritorio\SEGUNDO\2ºCUATRI\IS\Rides24\src\main\resources\rides.temp' is opened by 21264@LAPTOP-SJ70P6B5

[2025-05-08 15:01:04 #3 type] 
Type domain.User is not enhanced.

[2025-05-08 15:01:04 #4 type] 
Type domain.Ride is not enhanced.

[2025-05-08 15:01:04 #5 type] 
Type domain.Driver is not enhanced.

[2025-05-08 15:01:04 #6 type] 
Type domain.Traveler is not enhanced.

[2025-05-08 15:01:04 #7 type] 
Type domain.Reserva is not enhanced.

[2025-05-08 15:01:04 #8 type] 
Type domain.Rating is not enhanced.

------------------------------------------------------------------------------------------------------------------------

[2025-05-08 19:08:45 #1 store] 
Database 'C:\Users\Leire\OneDrive - UPV EHU\Escritorio\SEGUNDO\2ºCUATRI\IS\Rides24\src\main\resources\rides.temp' has been recovered (tr. 414-415)

[2025-05-08 19:08:45 #2 store] 
Database 'C:\Users\Leire\OneDrive - UPV EHU\Escritorio\SEGUNDO\2ºCUATRI\IS\Rides24\src\main\resources\rides.temp' is opened by 16264@LAPTOP-SJ70P6B5

[2025-05-08 19:08:45 #3 type] 
Type domain.User is not enhanced.

[2025-05-08 19:08:45 #4 type] 
Type domain.Ride is not enhanced.

[2025-05-08 19:08:45 #5 type] 
Type domain.Driver is not enhanced.

[2025-05-08 19:08:45 #6 type] 
Type domain.Traveler is not enhanced.

[2025-05-08 19:08:45 #7 type] 
Type domain.Reserva is not enhanced.

[2025-05-08 19:08:45 #8 type] 
Type domain.Rating is not enhanced.

------------------------------------------------------------------------------------------------------------------------

[2025-05-08 19:09:21 #1 store] 
Database 'C:\Users\Leire\OneDrive - UPV EHU\Escritorio\SEGUNDO\2ºCUATRI\IS\Rides24\src\main\resources\rides.temp' is opened by 2728@LAPTOP-SJ70P6B5

[2025-05-08 19:09:21 #2 type] 
Type domain.User is not enhanced.

[2025-05-08 19:09:21 #3 type] 
Type domain.Ride is not enhanced.

[2025-05-08 19:09:21 #4 type] 
Type domain.Driver is not enhanced.

[2025-05-08 19:09:21 #5 type] 
Type domain.Traveler is not enhanced.

[2025-05-08 19:09:21 #6 type] 
Type domain.Reserva is not enhanced.

[2025-05-08 19:09:21 #7 type] 
Type domain.Rating is not enhanced.

------------------------------------------------------------------------------------------------------------------------

[2025-05-08 19:16:24 #1 store] 
Database 'C:\Users\Leire\OneDrive - UPV EHU\Escritorio\SEGUNDO\2ºCUATRI\IS\Rides24\src\main\resources\rides.temp' is opened by 2052@LAPTOP-SJ70P6B5

[2025-05-08 19:16:24 #2 type] 
Type domain.User is not enhanced.

[2025-05-08 19:16:24 #3 type] 
Type domain.Ride is not enhanced.

[2025-05-08 19:16:24 #4 type] 
Type domain.Driver is not enhanced.

[2025-05-08 19:16:24 #5 type] 
Type domain.Traveler is not enhanced.

[2025-05-08 19:16:24 #6 type] 
Type domain.Reserva is not enhanced.

[2025-05-08 19:16:24 #7 type] 
Type domain.Rating is not enhanced.

------------------------------------------------------------------------------------------------------------------------

[2025-05-08 19:16:44 #1 store] 
Database 'C:\Users\Leire\OneDrive - UPV EHU\Escritorio\SEGUNDO\2ºCUATRI\IS\Rides24\src\main\resources\rides.temp' has been recovered (tr. 416-416)

[2025-05-08 19:16:44 #2 store] 
Database 'C:\Users\Leire\OneDrive - UPV EHU\Escritorio\SEGUNDO\2ºCUATRI\IS\Rides24\src\main\resources\rides.temp' is opened by 5064@LAPTOP-SJ70P6B5

[2025-05-08 19:16:45 #3 type] 
Type domain.User is not enhanced.

[2025-05-08 19:16:45 #4 type] 
Type domain.Ride is not enhanced.

[2025-05-08 19:16:45 #5 type] 
Type domain.Driver is not enhanced.

[2025-05-08 19:16:45 #6 type] 
Type domain.Traveler is not enhanced.

[2025-05-08 19:16:45 #7 type] 
Type domain.Reserva is not enhanced.

[2025-05-08 19:16:45 #8 type] 
Type domain.Rating is not enhanced.

